== DATA-11 prof job prof-spy-20260928 start 2026-09-28T21:33:21Z SMOKE=0 host=j-hadriencornier-6abadd156b030d633f6a07bd-0zjncvfm-e143f-mxqpl
HF_TOKEN present (value not shown); results -> dataset hadriencornier/lerobot-data11-bench:results/prof-spy-20260928
attempt marker attempts/6abadd156b030d633f6a07bd recorded
system ffmpeg: ffmpeg version 7.1.5-0+deb13u1 Copyright (c) 2000-2026 the FFmpeg developers
== stage system_deps: ok (31s, cgroup peak 840 MB)
bundle checksums OK
== stage bundle: ok (1s, cgroup peak 840 MB)

[notice] A new release of pip is available: 25.0.1 -> 26.2.1
[notice] To update, run: pip install --upgrade pip
Using Python 3.12.14 environment at: /work/venv_pr3917
pr3917 venv /work/venv_pr3917/lib/python3.12/site-packages/lerobot/__init__.py 2.11.0+cpu 0.11.1+cpu threads 32
== stage python_env: ok (37s, cgroup peak 2740 MB)
uploaded results/prof-spy-20260928 (setup done)
== stage prof start 2026-09-28T21:34:33Z
[21:37:38] D2_pyspy_gil: ok sps 334.5471703135432 first 16.58705547405407 cpu/sample 5.791535911867179 groups {"lerobot-decode": 4.33, "MainThread": 0.92, "Thread-1 (_serve)": 0.38, "QueueFeederThread": 0.16, "prof": 0.05, "native:python": 0.0, "native:jemalloc_bg_thd": 0.0, "lerobot-parquet": 0.0, "cache-fetch": 0.0, "native:pt_data_worker": 0.0} 
[21:40:31] D2_pyspy_all: ok sps 356.2627164151797 first 16.752863503061235 cpu/sample 5.586944534346177 groups {"lerobot-decode": 4.18, "MainThread": 0.89, "Thread-1 (_serve)": 0.37, "QueueFeederThread": 0.15, "prof": 0.05, "native:python": 0.0, "native:jemalloc_bg_thd": 0.0, "lerobot-parquet": 0.0, "cache-fetch": 0.0, "native:pt_data_worker": 0.0} 
[21:43:27] D6_pyspy_gil: ok sps 257.83359167249523 first 18.682886031921953 cpu/sample 8.685711307353367 groups {"lerobot-decode": 6.83, "MainThread": 0.98, "Thread-1 (_serve)": 0.7, "QueueFeederThread": 0.18, "prof": 0.08, "native:python": 0.0, "native:jemalloc_bg_thd": 0.0, "lerobot-parquet": 0.0, "cache-fetch": 0.0, "native:pt_data_worker": 0.0} 
[21:46:21] D6_pyspy_all: ok sps 282.7611105985965 first 17.009518382605165 cpu/sample 8.557008600431118 groups {"lerobot-decode": 6.74, "MainThread": 0.97, "Thread-1 (_serve)": 0.69, "QueueFeederThread": 0.17, "prof": 0.07, "native:python": 0.0, "native:jemalloc_bg_thd": 0.0, "lerobot-parquet": 0.0, "cache-fetch": 0.0, "native:pt_data_worker": 0.0} 
[21:49:16] D6T_pyspy_gil: ok sps 67.66929090023196 first 18.069776772987098 cpu/sample 18.226048615978602 groups {"MainThread": 12.84, "lerobot-decode": 4.83, "Thread-1 (_serve)": 0.36, "prof": 0.23, "QueueFeederThread": 0.19, "native:python": 0.0, "native:jemalloc_bg_thd": 0.0, "lerobot-parquet": 0.0, "cache-fetch": 0.0, "native:pt_data_worker": 0.0} 
[21:52:09] D6T_pyspy_all: ok sps 64.15233191756263 first 16.750863427761942 cpu/sample 18.896352931218765 groups {"MainThread": 13.37, "lerobot-decode": 4.99, "Thread-1 (_serve)": 0.37, "prof": 0.24, "QueueFeederThread": 0.17, "native:python": 0.0, "native:jemalloc_bg_thd": 0.0, "lerobot-parquet": 0.0, "cache-fetch": 0.0, "native:pt_data_worker": 0.0} 
== stage prof: ok (1056s, cgroup peak 5472 MB)
uploaded results/prof-spy-20260928 (after prof)
== done 2026-09-28T21:52:11Z: /results/prof-spy-20260928
== exit code 0 at 2026-09-28T21:52:11Z
