== [1/15] act_abc_bs8 (elapsed 0s)
    ok samples/s 162.3 update ms 49.3 peak GB 1.57 (21s)
== [2/15] act_droid_bs8 (elapsed 21s)
    ok samples/s 165.2 update ms 48.4 peak GB 1.59 (20s)
== [3/15] act_molmo_bs8 (elapsed 41s)
    ok samples/s 105.0 update ms 76.2 peak GB 4.36 (23s)
== [4/15] act_libero_bs8 (elapsed 64s)
    ok samples/s 193.8 update ms 41.3 peak GB 1.60 (20s)
== [5/15] act_hqf_bs8 (elapsed 83s)
    ok samples/s 34.4 update ms 232.5 peak GB 18.99 (49s)
== [6/15] smolvla_abc_bs8 (elapsed 132s)
    ok samples/s 46.1 update ms 173.4 peak GB 3.56 (31s)
== [7/15] smolvla_droid_bs8 (elapsed 163s)
    ok samples/s 48.0 update ms 166.7 peak GB 3.56 (28s)
== [8/15] smolvla_molmo_bs8 (elapsed 191s)
    ok samples/s 43.3 update ms 184.6 peak GB 3.61 (29s)
== [9/15] smolvla_libero_bs8 (elapsed 220s)
    ok samples/s 48.3 update ms 165.6 peak GB 2.91 (27s)
== [10/15] smolvla_hqf_bs8 (elapsed 248s)
    ok samples/s 48.4 update ms 165.3 peak GB 3.74 (34s)
== [11/15] smolvla_abc_bs64 (elapsed 282s)
    ok samples/s 100.1 update ms 639.4 peak GB 19.31 (60s)
== [12/15] smolvla_droid_bs64 (elapsed 342s)
    ok samples/s 100.1 update ms 639.2 peak GB 19.32 (61s)
== [13/15] smolvla_molmo_bs64 (elapsed 404s)
    ok samples/s 100.6 update ms 635.9 peak GB 19.69 (78s)
SKIP smolvla_libero_bs64 elapsed 482s > budget 420.0s
SKIP smolvla_hqf_bs64 elapsed 482s > budget 420.0s
== orchestrate done in 482s -> /results/r4train-a100-20260930T013249Z/bench/summary.md
