== DATA-11 ab2 job ab2-20261002-j5 start 2026-10-02T16:25:42Z SMOKE=0 host=j-hadriencornier-6abfdaf2404719ba37625987-dvq3gfkq-d9a30-zwbrh
HF_TOKEN present (value not shown); results -> dataset hadriencornier/lerobot-data11-bench:results/ab2-20261002-j5
attempt marker attempts/6abfdaf2404719ba37625987 recorded
system ffmpeg: ffmpeg version 7.1.5-0+deb13u1 Copyright (c) 2000-2026 the FFmpeg developers
== stage system_deps: ok (38s, cgroup peak 836 MB)
bundle checksums OK
== stage bundle: ok (1s, cgroup peak 836 MB)

[notice] A new release of pip is available: 25.0.1 -> 26.2.1
[notice] To update, run: pip install --upgrade pip
patching file src/lerobot/streaming/manifest.py
patching file src/lerobot/streaming/mp4.py
patching file tests/datasets/test_episode_video_streaming.py
patching file src/lerobot/datasets/streaming_dataset.py
patching file tests/datasets/test_streaming_production.py
Using Python 3.12.15 environment at: /work/venv_base
base venv /work/venv_base/lib/python3.12/site-packages/lerobot/__init__.py 2.11.0+cpu 0.11.1+cpu probe_patch False tfx_patch False
Using Python 3.12.15 environment at: /work/venv_probe
probe venv /work/venv_probe/lib/python3.12/site-packages/lerobot/__init__.py 2.11.0+cpu 0.11.1+cpu probe_patch True tfx_patch False
Using Python 3.12.15 environment at: /work/venv_tfx
tfx venv /work/venv_tfx/lib/python3.12/site-packages/lerobot/__init__.py 2.11.0+cpu 0.11.1+cpu probe_patch False tfx_patch True
== stage python_env: ok (81s, cgroup peak 3817 MB)
uploaded results/ab2-20261002-j5 (setup done)
== stage ab2 start 2026-10-02T16:27:45Z
[16:27:57] eq BASE@default: ok 8.6s
[16:28:03] eq PROBE@64K: ok 5.9s
[16:28:09] eq PROBE@256K: ok 5.1s
[16:28:15] eq PROBE@default: ok 5.4s
[16:28:30] probe PROBE@64K r0: ok 20.4 files/s 56 MB reads 1.99 non-faststart 0
[16:28:44] probe PROBE@256K r0: ok 23.4 files/s 86 MB reads 1.18 non-faststart 1
[16:28:58] probe PROBE@default r0: ok 22.7 files/s 157 MB reads 1.01 non-faststart 0
[16:29:19] probe BASE@default r0: ok 14.2 files/s 1258 MB reads 1.00 non-faststart 0
[16:29:32] probe PROBE@256K r1: ok 24.2 files/s 85 MB reads 1.13 non-faststart 1
[16:29:45] probe PROBE@default r1: ok 25.0 files/s 157 MB reads 1.00 non-faststart 0
[16:30:07] probe BASE@default r1: ok 13.9 files/s 1308 MB reads 1.01 non-faststart 1
[16:30:22] probe PROBE@64K r1: ok 21.5 files/s 51 MB reads 1.99 non-faststart 0
[16:30:35] probe PROBE@default r2: ok 24.5 files/s 157 MB reads 1.00 non-faststart 0
[16:30:57] probe BASE@default r2: ok 13.9 files/s 1257 MB reads 1.00 non-faststart 1
[16:31:11] probe PROBE@64K r2: ok 22.0 files/s 55 MB reads 1.99 non-faststart 2
[16:31:25] probe PROBE@256K r2: ok 23.2 files/s 85 MB reads 1.15 non-faststart 1
