Using Python 3.12.15 environment at: /work/venv_probe
Resolved 14 packages in 3ms
Installed 14 packages in 1.75s
 + filelock==3.32.3
 + fsspec==2026.7.0
 + jinja2==3.1.6
 + markupsafe==3.0.3
 + mpmath==1.3.0
 + networkx==3.6.1
 + numpy==2.5.2
 + pillow==12.3.0
 + setuptools==78.1.0
 + sympy==1.14.0
 + torch==2.11.0+cpu
 + torchcodec==0.11.1+cpu
 + torchvision==0.26.0+cpu
 + typing-extensions==4.16.0
Using Python 3.12.15 environment at: /work/venv_probe
Resolved 65 packages in 33ms
   Building lerobot @ file:///work/src_probe
      Built lerobot @ file:///work/src_probe
Prepared 1 package in 1.72s
Uninstalled 2 packages in 49ms
Installed 53 packages in 726ms
 + aiohappyeyeballs==2.7.1
 + aiohttp==3.14.3
 + aiosignal==1.4.0
 + anyio==4.15.1
 + attrs==26.1.0
 + av==15.1.0
 + certifi==2026.7.22
 + charset-normalizer==3.5.2
 + click==8.5.0
 + cloudpickle==3.1.2
 + cmake==4.1.3
 + datasets==4.8.5
 + dill==0.4.1
 + draccus==0.11.6
 + einops==0.8.2
 + farama-notifications==0.0.6
 + frozenlist==1.8.0
 - fsspec==2026.7.0
 + fsspec==2026.2.0
 + gymnasium==1.3.0
 + h11==0.16.0
 + hf-xet==1.6.0
 + httpcore==1.0.9
 + httpx==0.28.1
 + huggingface-hub==1.30.0
 + idna==3.20
 + jsonlines==4.0.0
 + lerobot==0.6.2 (from file:///work/src_probe)
 + mergedeep==1.3.4
 + multidict==6.9.1
 + multiprocess==0.70.19
 + mypy-extensions==1.1.0
 - numpy==2.5.2
 + numpy==2.2.6
 + opencv-python-headless==4.13.0.92
 + packaging==25.0
 + pandas==2.3.3
 + propcache==0.5.4
 + psutil==7.2.2
 + py-spy==0.4.2
 + pyarrow==25.0.1
 + python-dateutil==2.9.0.post0
 + pytz==2026.4
 + pyyaml==6.0.3
 + requests==2.34.2
 + safetensors==0.8.0
 + six==1.17.0
 + termcolor==3.3.0
 + toml==0.10.2
 + tqdm==4.70.1
 + typing-inspect==0.9.0
 + tzdata==2026.4
 + urllib3==2.8.0
 + xxhash==4.0.1
 + yarl==1.25.1
