loader: 12 cells x 3 layouts x 1 repeats
[5s] r0 SEP   thrash all r0.1(C=4) W4 warm: 513 sps +-inf, hit 0.057, opens/smp 2.83, cpu 6.31ms, rd 0.0kB, 1 blk single_block, warm 4.2s, wait p95 210ms, rss 308MB, cg 5497MB
[7s] r0 STACK thrash all r0.1(C=4) W4 warm: 799 sps +-inf, hit 0.336, opens/smp 0.66, cpu 4.33ms, rd 0.0kB, 1 blk single_block, warm 1.0s, wait p95 155ms, rss 348MB, cg 5565MB
[9s] r0 BIG   thrash all r0.1(C=4) W4 warm: 472 sps +-inf, hit 0.238, opens/smp 2.29, cpu 6.91ms, rd 0.0kB, 1 blk single_block, warm 0.9s, wait p95 234ms, rss 425MB, cg 5690MB
[11s] r0 BIG   thrash all r1.0(C=36) W4 warm: 801 sps +-inf, hit 1.000, opens/smp 0.00, cpu 3.99ms, rd 0.0kB, 1 blk single_block, warm 1.1s, wait p95 161ms, rss 252MB, cg 5179MB
[12s] r0 STACK thrash all r1.0(C=36) W4 warm: 825 sps +-inf, hit 1.000, opens/smp 0.00, cpu 3.98ms, rd 0.0kB, 1 blk single_block, warm 0.9s, wait p95 144ms, rss 256MB, cg 5184MB
[14s] r0 SEP   thrash all r1.0(C=36) W4 warm: 788 sps +-inf, hit 1.000, opens/smp 0.00, cpu 4.02ms, rd 0.0kB, 1 blk single_block, warm 1.0s, wait p95 148ms, rss 303MB, cg 5317MB
[16s] r0 SEP   ckpt_5k all c1(C=1) W4 warm: 504 sps +-inf, hit 0.000, opens/smp 3.00, cpu 7.09ms, rd 0.0kB, 1 blk single_block, warm 1.1s, wait p95 244ms, rss 377MB, cg 5357MB
[18s] r0 STACK ckpt_5k all c1(C=1) W4 warm: 781 sps +-inf, hit 0.342, opens/smp 0.66, cpu 4.15ms, rd 0.0kB, 1 blk single_block, warm 1.1s, wait p95 163ms, rss 344MB, cg 5468MB
[21s] r0 BIG   ckpt_5k all c1(C=1) W4 warm: 346 sps +-inf, hit 0.000, opens/smp 3.00, cpu 8.71ms, rd 0.0kB, 1 blk single_block, warm 1.2s, wait p95 296ms, rss 619MB, cg 6019MB
[23s] r0 BIG   ckpt_5k all call(C=9) W4 warm: 882 sps +-inf, hit 1.000, opens/smp 0.00, cpu 3.51ms, rd 0.0kB, 1 blk single_block, warm 1.1s, wait p95 147ms, rss 248MB, cg 5162MB
[24s] r0 STACK ckpt_5k all call(C=9) W4 warm: 1001 sps +-inf, hit 1.000, opens/smp 0.00, cpu 2.97ms, rd 0.0kB, 1 blk single_block, warm 0.7s, wait p95 118ms, rss 248MB, cg 5185MB
[25s] r0 SEP   ckpt_5k all call(C=9) W4 warm: 839 sps +-inf, hit 1.000, opens/smp 0.00, cpu 3.51ms, rd 0.0kB, 1 blk single_block, warm 0.7s, wait p95 94ms, rss 274MB, cg 5229MB
[26s] r0 SEP   thrash top r0.1(C=4) W4 warm: 1327 sps +-inf, hit 0.322, opens/smp 0.68, cpu 2.45ms, rd 0.0kB, 1 blk single_block, warm 0.5s, wait p95 102ms, rss 323MB, cg 5384MB
[28s] r0 STACK thrash top r0.1(C=4) W4 warm: 773 sps +-inf, hit 0.332, opens/smp 0.67, cpu 4.18ms, rd 0.0kB, 1 blk single_block, warm 0.7s, wait p95 162ms, rss 253MB, cg 5189MB
[29s] r0 BIG   thrash top r0.1(C=4) W4 warm: 1907 sps +-inf, hit 1.000, opens/smp 0.00, cpu 1.63ms, rd 0.0kB, 1 blk single_block, warm 0.7s, wait p95 64ms, rss 239MB, cg 5124MB
[29s] r0 BIG   thrash top r1.0(C=36) W4 warm: 2028 sps +-inf, hit 1.000, opens/smp 0.00, cpu 1.63ms, rd 0.0kB, 1 blk single_block, warm 0.5s, wait p95 66ms, rss 240MB, cg 5116MB
[31s] r0 STACK thrash top r1.0(C=36) W4 warm: 1027 sps +-inf, hit 1.000, opens/smp 0.00, cpu 3.26ms, rd 0.0kB, 1 blk single_block, warm 0.8s, wait p95 69ms, rss 253MB, cg 5165MB
[32s] r0 SEP   thrash top r1.0(C=36) W4 warm: 1718 sps +-inf, hit 1.000, opens/smp 0.00, cpu 1.73ms, rd 0.0kB, 1 blk single_block, warm 0.5s, wait p95 51ms, rss 248MB, cg 5156MB
[35s] r0 SEP   thrash all r0.1(C=4) W4 cold: 274 sps +-inf, hit 0.096, opens/smp 2.71, cpu 8.11ms, rd 129.0kB, 1 blk single_block, warm 1.3s, wait p95 479ms, rss 519MB, cg 5654MB
[37s] r0 STACK thrash all r0.1(C=4) W4 cold: 535 sps +-inf, hit 0.355, opens/smp 0.64, cpu 4.78ms, rd 43.4kB, 1 blk single_block, warm 1.6s, wait p95 167ms, rss 402MB, cg 5226MB
[41s] r0 BIG   thrash all r0.1(C=4) W4 cold: 335 sps +-inf, hit 0.236, opens/smp 2.29, cpu 7.51ms, rd 122.7kB, 1 blk single_block, warm 1.4s, wait p95 380ms, rss 528MB, cg 5427MB
[43s] r0 BIG   thrash all r1.0(C=36) W4 cold: 524 sps +-inf, hit 1.000, opens/smp 0.00, cpu 4.26ms, rd 108.0kB, 1 blk single_block, warm 1.7s, wait p95 249ms, rss 306MB, cg 4689MB
[46s] r0 STACK thrash all r1.0(C=36) W4 cold: 593 sps +-inf, hit 1.000, opens/smp 0.00, cpu 4.12ms, rd 37.9kB, 1 blk single_block, warm 1.3s, wait p95 213ms, rss 271MB, cg 4663MB
[48s] r0 SEP   thrash all r1.0(C=36) W4 cold: 425 sps +-inf, hit 1.000, opens/smp 0.00, cpu 4.53ms, rd 113.6kB, 1 blk single_block, warm 1.6s, wait p95 314ms, rss 315MB, cg 4775MB
[52s] r0 SEP   ckpt_5k all c1(C=1) W4 cold: 297 sps +-inf, hit 0.000, opens/smp 3.00, cpu 8.34ms, rd 119.1kB, 1 blk single_block, warm 1.8s, wait p95 430ms, rss 433MB, cg 4880MB
[55s] r0 STACK ckpt_5k all c1(C=1) W4 cold: 568 sps +-inf, hit 0.316, opens/smp 0.68, cpu 4.47ms, rd 37.1kB, 1 blk single_block, warm 1.5s, wait p95 218ms, rss 330MB, cg 4669MB
[58s] r0 BIG   ckpt_5k all c1(C=1) W4 cold: 257 sps +-inf, hit 0.000, opens/smp 3.00, cpu 9.64ms, rd 120.2kB, 1 blk single_block, warm 1.6s, wait p95 479ms, rss 531MB, cg 4747MB
[61s] r0 BIG   ckpt_5k all call(C=9) W4 cold: 535 sps +-inf, hit 1.000, opens/smp 0.00, cpu 3.95ms, rd 105.3kB, 1 blk single_block, warm 1.7s, wait p95 234ms, rss 260MB, cg 4373MB
[63s] r0 STACK ckpt_5k all call(C=9) W4 cold: 726 sps +-inf, hit 1.000, opens/smp 0.00, cpu 3.29ms, rd 37.2kB, 1 blk single_block, warm 1.1s, wait p95 170ms, rss 261MB, cg 4407MB
[65s] r0 SEP   ckpt_5k all call(C=9) W4 cold: 517 sps +-inf, hit 1.000, opens/smp 0.00, cpu 3.91ms, rd 106.5kB, 1 blk single_block, warm 1.1s, wait p95 213ms, rss 265MB, cg 4417MB
[67s] r0 SEP   thrash top r0.1(C=4) W4 cold: 780 sps +-inf, hit 0.340, opens/smp 0.66, cpu 2.84ms, rd 39.2kB, 1 blk single_block, warm 1.0s, wait p95 110ms, rss 319MB, cg 4540MB
[68s] r0 STACK thrash top r0.1(C=4) W4 cold: 590 sps +-inf, hit 0.320, opens/smp 0.68, cpu 4.48ms, rd 43.9kB, 1 blk single_block, warm 1.0s, wait p95 198ms, rss 282MB, cg 4428MB
[70s] r0 BIG   thrash top r0.1(C=4) W4 cold: 1310 sps +-inf, hit 1.000, opens/smp 0.00, cpu 1.61ms, rd 37.4kB, 1 blk single_block, warm 0.8s, wait p95 99ms, rss 253MB, cg 4322MB
[71s] r0 BIG   thrash top r1.0(C=36) W4 cold: 1204 sps +-inf, hit 1.000, opens/smp 0.00, cpu 1.75ms, rd 37.2kB, 1 blk single_block, warm 0.7s, wait p95 101ms, rss 253MB, cg 4323MB
[73s] r0 STACK thrash top r1.0(C=36) W4 cold: 749 sps +-inf, hit 1.000, opens/smp 0.00, cpu 3.54ms, rd 38.0kB, 1 blk single_block, warm 0.9s, wait p95 174ms, rss 264MB, cg 4365MB
[74s] r0 SEP   thrash top r1.0(C=36) W4 cold: 1173 sps +-inf, hit 1.000, opens/smp 0.00, cpu 1.83ms, rd 36.5kB, 1 blk single_block, warm 0.9s, wait p95 106ms, rss 260MB, cg 4366MB
loader done in 75s, 36 runs, 0 errors
