# DATA-11 benchmark model (EXTRAPOLATED from a scaled-down benchmark (SMOKE: numbers are not results))

## Open-cost fits (ms per miss = construct + close + extra first-frame decode)

| layout | state | a ms | b us/frame | F range |
|---|---|---|---|---|
| SEP | warm | 0.563 | 0.1864 | [967.3333333333334, 5156.333333333333] |
| STACK | warm | 1.009 | 0.0864 | [967.3333333333334, 5156.333333333333] |
| BIG | warm | 0.896 | 0.0238 | [2902, 15469] |
| SEP+BIG | warm | 0.927 | 0.0283 | [967.3333333333334, 15469] |
| SEP | cold | 1.782 | 0.0830 | [967.3333333333334, 5156.333333333333] |
| STACK | cold | 2.218 | 0.0068 | [967.3333333333334, 5156.333333333333] |
| BIG | cold | 1.403 | 0.1256 | [2902, 15469] |
| SEP+BIG | cold | 1.635 | 0.1072 | [967.3333333333334, 15469] |

## Thrash sweep fits (worker-s per sample vs opens per sample)

| arm | pts | decode ms | loader open ms | isolated open ms | kappa |
|---|---|---|---|---|---|
| SEP|all|W4|warm | 2 | 5.073 | 0.965 | 0.985 | 0.979 |
| STACK|all|W4|warm | 2 | 4.848 | 0.236 | 1.188 | 0.199 |
| BIG|all|W4|warm | 2 | 4.996 | 1.524 | 1.102 | 1.382 |
| SEP|top|W4|warm | 2 | 2.328 | 1.012 | 0.985 | 1.027 |
| STACK|top|W4|warm | 2 | 3.896 | 1.919 | 1.188 | 1.615 |
| BIG|top|W4|warm | 2 | 2.035 | 0.000 | 1.102 | 0.0 |
| SEP|all|W4|cold | 2 | 9.406 | 1.919 | 1.857 | 1.034 |
| STACK|all|W4|cold | 2 | 6.750 | 1.137 | 2.232 | 0.509 |
| BIG|all|W4|cold | 2 | 7.634 | 1.883 | 2.301 | 0.818 |
| SEP|top|W4|cold | 2 | 3.410 | 2.600 | 1.857 | 1.4 |
| STACK|top|W4|cold | 2 | 5.341 | 2.121 | 2.232 | 0.95 |
| BIG|top|W4|cold | 2 | 3.189 | 0.000 | 2.301 | 0.0 |

Hit-rate model vs measured (thrash arms): max abs err 0.027, mean 0.005 over 24 arms.

## Validation on ckpt_5k

| arm | measured sps | pred sps | err % | err % (measured opens) | h meas / model |
|---|---|---|---|---|---|
| ckpt_5k|SEP|all|c1|4|warm | 504 | 486 | -3.5 | -3.5 | 0.000 / 0.000 |
| ckpt_5k|STACK|all|c1|4|warm | 781 | 794 | +1.6 | +1.6 | 0.342 / 0.333 |
| ckpt_5k|BIG|all|c1|4|warm | 346 | 375 | +8.4 | +8.4 | 0.000 / 0.000 |
| ckpt_5k|BIG|all|call|4|warm | 882 | 801 | -9.3 | -9.3 | 1.000 / 1.000 |
| ckpt_5k|STACK|all|call|4|warm | 1001 | 825 | -17.6 | -17.6 | 1.000 / 1.000 |
| ckpt_5k|SEP|all|call|4|warm | 839 | 788 | -6.0 | -6.0 | 1.000 / 1.000 |
| ckpt_5k|SEP|all|c1|4|cold | 297 | 247 | -16.8 | -16.8 | 0.000 / 0.000 |
| ckpt_5k|STACK|all|c1|4|cold | 568 | 532 | -6.3 | -6.6 | 0.316 / 0.333 |
| ckpt_5k|BIG|all|c1|4|cold | 257 | 254 | -1.1 | -1.1 | 0.000 / 0.000 |
| ckpt_5k|BIG|all|call|4|cold | 535 | 524 | -2.0 | -2.0 | 1.000 / 1.000 |
| ckpt_5k|STACK|all|call|4|cold | 726 | 593 | -18.4 | -18.4 | 1.000 / 1.000 |
| ckpt_5k|SEP|all|call|4|cold | 517 | 425 | -17.8 | -17.8 | 1.000 / 1.000 |

## Predictions (EXTRAPOLATED; cache 100 per worker)

| dataset | variant | pattern | W | state | h | opens/sample | pred sps | beyond F range |
|---|---|---|---|---|---|---|---|---|
| lerobot/abc_130k_v3_train | SEP (as stored) | all | 4 | warm | 0.003 | 2.99 | 407 | yes |
| lerobot/abc_130k_v3_train | STACK, same frames/file (files / 3) | all | 4 | warm | 0.008 | 0.99 | 732 | yes |
| lerobot/abc_130k_v3_train | STACK, same bytes/file (LeRobot size rollover) | all | 4 | warm | 0.003 | 1.00 | 771 |  |
| lerobot/abc_130k_v3_train | BIG (3x frames/file, files / 3) | all | 4 | warm | 0.008 | 2.98 | 230 | yes |
| lerobot/abc_130k_v3_train | SEP (as stored) | top | 4 | warm | 0.008 | 0.99 | 1004 | yes |

# Remote (hf://) model (EXTRAPOLATED from a scaled-down benchmark (SMOKE: numbers are not results))

Per-fetch fit on 12 single-reader arms: lat_ms = -0.1 + 131.5 x fetches/sample (R^2 0.9846369867337748). Requests per fetch 2.00, resolves per fetch 1.00, ms per request 65.7. Resolver limit nan/s per token.

| open fit | a ms | b us/frame | F range | req/open | resolve/open | API/open | fetch/open |
|---|---|---|---|---|---|---|---|
| SEP+BIG | 111.8 | 3.425 | [967.3333333333334, 15469.0] | 2.25 | 1.0 | 0.25 | 1.0 |
| STACK | 78.8 | 45.283 | [967.3333333333334, 5156.333333333333] | 2.3333333333333335 | 1.0 | 0.3333333333333333 | 1.0 |

| fetch-count check | file MB | measured fetches | model |
|---|---|---|---|
| open ckpt_1k|SEP | 2.1 | 1.00 | 1.00 |
| open ckpt_1k|STACK | 6.1 | 1.00 | 1.14 |
| open ckpt_1k|BIG | 6.2 | 1.33 | 1.16 |
| open ckpt_5k|SEP | 11.8 | 1.33 | 1.55 |
| open ckpt_5k|STACK | 34.4 | 1.67 | 1.85 |
| open ckpt_5k|BIG | 35.3 | 1.33 | 1.85 |
| steady steady|SEP|seq | 11.8 | 0.50 | 0.55 |
| steady steady|SEP|one | 11.8 | 0.50 | 0.55 |
| steady steady|STACK|seq | 34.4 | 0.75 | 0.85 |
| steady steady|STACK|one | 34.4 | 0.75 | 0.85 |
| steady steady|BIG|seq | 35.3 | 0.89 | 0.85 |
| steady steady|BIG|one | 35.3 | 1.00 | 0.85 |

## Remote predictions (EXTRAPOLATED unless marked ANALYTIC)

| dataset | variant | pattern | h | opens/smp | fetches/smp | resolves/smp | MB/smp | ms/smp 1 reader | sps 1 reader | sps cap (resolver limit) | beyond F range |
|---|---|---|---|---|---|---|---|---|---|---|---|
| lerobot/abc_130k_v3_train | SEP (as stored) | all | 0.0026 | 2.99 | 5.71 | 5.71 | 30.0 | 751 | 1.33 | nan | yes |
| lerobot/abc_130k_v3_train | STACK, same frames/file (files / 3) | all | 0.0079 | 0.99 | 1.96 | 1.96 | 10.3 | 258 | 3.88 | nan | yes |
| lerobot/abc_130k_v3_train | BIG (3x frames/file, files / 3) | all | 0.0078 | 2.98 | 5.88 | 5.88 | 30.8 | 773 | 1.29 | nan | yes |
| lerobot/abc_130k_v3_train | SEP (as stored) | one | 0.0079 | 0.99 | 1.90 | 1.90 | 10.0 | 250 | 4.01 | nan | yes |
| lerobot/abc_130k_v3_train | STACK, same frames/file (files / 3) | one | 0.0079 | 0.99 | 1.96 | 1.96 | 10.3 | 258 | 3.88 | nan | yes |
| lerobot/abc_130k_v3_train | BIG (3x frames/file, files / 3) | one | 0.0236 | 0.98 | 1.95 | 1.95 | 10.2 | 256 | 3.91 | nan | yes |
| cadene/droid_1.0.1_v30 | SEP (as stored) | all | 0.0161 | 2.95 | 5.51 | 5.51 | 28.9 | 724 | 1.38 | nan |  |
| cadene/droid_1.0.1_v30 | STACK, same frames/file (files / 3) | all | 0.0488 | 0.95 | 1.90 | 1.90 | 10.0 | 250 | 4.00 | nan |  |
| cadene/droid_1.0.1_v30 | BIG (3x frames/file, files / 3) | all | 0.0483 | 2.85 | 5.71 | 5.71 | 29.9 | 750 | 1.33 | nan | yes |
| cadene/droid_1.0.1_v30 | SEP (as stored) | one | 0.0488 | 0.95 | 1.80 | 1.80 | 9.5 | 237 | 4.22 | nan |  |
| cadene/droid_1.0.1_v30 | STACK, same frames/file (files / 3) | one | 0.0488 | 0.95 | 1.90 | 1.90 | 10.0 | 250 | 4.00 | nan |  |
| cadene/droid_1.0.1_v30 | BIG (3x frames/file, files / 3) | one | 0.1465 | 0.85 | 1.80 | 1.80 | 9.5 | 237 | 4.22 | nan | yes |

| ANALYTIC sequential | variant | fetches/smp | sps cap (resolver limit) |
|---|---|---|---|
| lerobot/abc_130k_v3_train | SEP (as stored) | 0.00131 | nan |
| lerobot/abc_130k_v3_train | STACK | 0.00127 | nan |
| cadene/droid_1.0.1_v30 | SEP (as stored) | 0.00150 | nan |
| cadene/droid_1.0.1_v30 | STACK | 0.00146 | nan |

## Remote assumptions

- Access = uniform random frames (map-style shuffle) with a 100-decoder LRU per worker; LRU hit rate h = min(1, floor(C/k)/U).
- fsspec readahead cache holds one block of 5242880 bytes per open handle; a random frame needs a new block fetch with chance 1 - block/file bytes; an open costs one fetch (moov is at the start, faststart).
- Each block fetch = 1 resolve call (counts against the per-token 'resolvers' budget) + 1 CDN call; measured, see resolves_per_fetch.
- Latency per sample is linear in block fetches per sample (single reader, cameras one after another); fitted on this job's network path to the Hub.
- sps_cap_resolver_limit = resolver budget per second / resolves per sample: a per-token ceiling that no amount of hardware removes.
- DROID bytes per frame = ABC bytes per frame x pixel ratio (ASSUMED; not measured). Frames/file beyond the measured range are flagged.
- API calls per open (paths-info when the fsspec dircache misses) are an upper bound: a long-lived worker caches them.
- Sequential rows are analytic only (no measurement of in-order streaming reads here).
