== DATA-11 ab2 job ab2-20261002-j6 start 2026-10-02T16:25:30Z SMOKE=0 host=j-hadriencornier-6abfdaf3404719ba37625989-zz590lbo-a9194-x7jdm
HF_TOKEN present (value not shown); results -> dataset hadriencornier/lerobot-data11-bench:results/ab2-20261002-j6
attempt marker attempts/6abfdaf3404719ba37625989 recorded
system ffmpeg: ffmpeg version 7.1.5-0+deb13u1 Copyright (c) 2000-2026 the FFmpeg developers
== stage system_deps: ok (35s, cgroup peak 836 MB)
bundle checksums OK
== stage bundle: ok (1s, cgroup peak 836 MB)

[notice] A new release of pip is available: 25.0.1 -> 26.2.1
[notice] To update, run: pip install --upgrade pip
patching file src/lerobot/streaming/manifest.py
patching file src/lerobot/streaming/mp4.py
patching file tests/datasets/test_episode_video_streaming.py
patching file src/lerobot/datasets/streaming_dataset.py
patching file tests/datasets/test_streaming_production.py
Using Python 3.12.15 environment at: /work/venv_base
base venv /work/venv_base/lib/python3.12/site-packages/lerobot/__init__.py 2.11.0+cpu 0.11.1+cpu probe_patch False tfx_patch False
Using Python 3.12.15 environment at: /work/venv_probe
probe venv /work/venv_probe/lib/python3.12/site-packages/lerobot/__init__.py 2.11.0+cpu 0.11.1+cpu probe_patch True tfx_patch False
Using Python 3.12.15 environment at: /work/venv_tfx
tfx venv /work/venv_tfx/lib/python3.12/site-packages/lerobot/__init__.py 2.11.0+cpu 0.11.1+cpu probe_patch False tfx_patch True
== stage python_env: ok (84s, cgroup peak 3816 MB)
uploaded results/ab2-20261002-j6 (setup done)
== stage ab2 start 2026-10-02T16:27:33Z
[16:27:43] eq BASE@default: ok 7.6s
[16:27:48] eq PROBE@64K: ok 4.9s
[16:27:54] eq PROBE@256K: ok 5.2s
[16:28:00] eq PROBE@default: ok 5.5s
[16:28:13] probe PROBE@256K r0: ok 24.3 files/s 84 MB reads 1.12 non-faststart 1
[16:28:27] probe PROBE@default r0: ok 23.3 files/s 157 MB reads 1.01 non-faststart 1
[16:28:50] probe BASE@default r0: ok 13.5 files/s 1283 MB reads 1.01 non-faststart 1
[16:29:04] probe PROBE@64K r0: ok 22.8 files/s 54 MB reads 1.98 non-faststart 1
[16:29:17] probe PROBE@default r1: ok 24.4 files/s 157 MB reads 1.01 non-faststart 0
[16:29:39] probe BASE@default r1: ok 14.1 files/s 1278 MB reads 1.01 non-faststart 1
[16:29:53] probe PROBE@64K r1: ok 22.5 files/s 53 MB reads 1.99 non-faststart 0
[16:30:06] probe PROBE@256K r1: ok 24.4 files/s 86 MB reads 1.15 non-faststart 0
[16:30:29] probe BASE@default r2: ok 13.5 files/s 1258 MB reads 1.00 non-faststart 0
[16:30:43] probe PROBE@64K r2: ok 21.6 files/s 57 MB reads 1.98 non-faststart 0
[16:30:56] probe PROBE@256K r2: ok 24.5 files/s 85 MB reads 1.14 non-faststart 2
[16:31:10] probe PROBE@default r2: ok 23.2 files/s 157 MB reads 1.01 non-faststart 0
