loader: 12 cells x 3 layouts x 1 repeats
[5s] r0 SEP   thrash all r0.1(C=4) W4 warm: 605 sps +-inf, hit 0.057, opens/smp 2.83, cpu 5.70ms, rd 0.0kB, 1 blk single_block, warm 3.8s, wait p95 205ms, rss 312MB, cg 5532MB
[6s] r0 STACK thrash all r0.1(C=4) W4 warm: 832 sps +-inf, hit 0.336, opens/smp 0.66, cpu 4.14ms, rd 0.0kB, 1 blk single_block, warm 0.8s, wait p95 150ms, rss 337MB, cg 5585MB
[8s] r0 BIG   thrash all r0.1(C=4) W4 warm: 539 sps +-inf, hit 0.238, opens/smp 2.29, cpu 6.40ms, rd 0.0kB, 1 blk single_block, warm 0.9s, wait p95 232ms, rss 409MB, cg 5741MB
[10s] r0 BIG   thrash all r1.0(C=36) W4 warm: 1009 sps +-inf, hit 1.000, opens/smp 0.00, cpu 3.48ms, rd 0.0kB, 1 blk single_block, warm 0.9s, wait p95 121ms, rss 276MB, cg 5255MB
[11s] r0 STACK thrash all r1.0(C=36) W4 warm: 1012 sps +-inf, hit 1.000, opens/smp 0.00, cpu 3.29ms, rd 0.0kB, 1 blk single_block, warm 0.8s, wait p95 85ms, rss 252MB, cg 5200MB
[12s] r0 SEP   thrash all r1.0(C=36) W4 warm: 1011 sps +-inf, hit 1.000, opens/smp 0.00, cpu 3.45ms, rd 0.0kB, 1 blk single_block, warm 0.7s, wait p95 112ms, rss 298MB, cg 5300MB
[14s] r0 SEP   ckpt_5k all c1(C=1) W4 warm: 619 sps +-inf, hit 0.000, opens/smp 3.00, cpu 5.53ms, rd 0.0kB, 1 blk single_block, warm 1.0s, wait p95 204ms, rss 366MB, cg 5446MB
[15s] r0 STACK ckpt_5k all c1(C=1) W4 warm: 1017 sps +-inf, hit 0.342, opens/smp 0.66, cpu 3.64ms, rd 0.0kB, 1 blk single_block, warm 0.8s, wait p95 121ms, rss 304MB, cg 5341MB
[17s] r0 BIG   ckpt_5k all c1(C=1) W4 warm: 459 sps +-inf, hit 0.000, opens/smp 3.00, cpu 7.68ms, rd 0.0kB, 1 blk single_block, warm 1.0s, wait p95 259ms, rss 556MB, cg 5765MB
[19s] r0 BIG   ckpt_5k all call(C=9) W4 warm: 1182 sps +-inf, hit 1.000, opens/smp 0.00, cpu 3.05ms, rd 0.0kB, 1 blk single_block, warm 0.9s, wait p95 103ms, rss 246MB, cg 5192MB
[20s] r0 STACK ckpt_5k all call(C=9) W4 warm: 1251 sps +-inf, hit 1.000, opens/smp 0.00, cpu 2.72ms, rd 0.0kB, 1 blk single_block, warm 0.6s, wait p95 98ms, rss 246MB, cg 5181MB
[21s] r0 SEP   ckpt_5k all call(C=9) W4 warm: 1175 sps +-inf, hit 1.000, opens/smp 0.00, cpu 2.99ms, rd 0.0kB, 1 blk single_block, warm 0.6s, wait p95 103ms, rss 259MB, cg 5241MB
[22s] r0 SEP   thrash top r0.1(C=4) W4 warm: 1595 sps +-inf, hit 0.322, opens/smp 0.68, cpu 2.20ms, rd 0.0kB, 1 blk single_block, warm 0.5s, wait p95 78ms, rss 317MB, cg 5450MB
[23s] r0 STACK thrash top r0.1(C=4) W4 warm: 1062 sps +-inf, hit 0.332, opens/smp 0.67, cpu 3.61ms, rd 0.0kB, 1 blk single_block, warm 0.6s, wait p95 120ms, rss 259MB, cg 5205MB
[24s] r0 BIG   thrash top r0.1(C=4) W4 warm: 2569 sps +-inf, hit 1.000, opens/smp 0.00, cpu 1.40ms, rd 0.0kB, 1 blk single_block, warm 0.5s, wait p95 47ms, rss 239MB, cg 5134MB
[24s] r0 BIG   thrash top r1.0(C=36) W4 warm: 2642 sps +-inf, hit 1.000, opens/smp 0.00, cpu 1.38ms, rd 0.0kB, 1 blk single_block, warm 0.4s, wait p95 45ms, rss 239MB, cg 5125MB
[26s] r0 STACK thrash top r1.0(C=36) W4 warm: 1186 sps +-inf, hit 1.000, opens/smp 0.00, cpu 2.98ms, rd 0.0kB, 1 blk single_block, warm 0.7s, wait p95 78ms, rss 253MB, cg 5177MB
[26s] r0 SEP   thrash top r1.0(C=36) W4 warm: 2299 sps +-inf, hit 1.000, opens/smp 0.00, cpu 1.51ms, rd 0.0kB, 1 blk single_block, warm 0.5s, wait p95 53ms, rss 248MB, cg 5170MB
[29s] r0 SEP   thrash all r0.1(C=4) W4 cold: 425 sps +-inf, hit 0.096, opens/smp 2.71, cpu 6.96ms, rd 141.1kB, 1 blk single_block, warm 1.2s, wait p95 288ms, rss 474MB, cg 5499MB
[31s] r0 STACK thrash all r0.1(C=4) W4 cold: 745 sps +-inf, hit 0.355, opens/smp 0.64, cpu 4.25ms, rd 44.0kB, 1 blk single_block, warm 1.1s, wait p95 166ms, rss 359MB, cg 5283MB
[33s] r0 BIG   thrash all r0.1(C=4) W4 cold: 384 sps +-inf, hit 0.236, opens/smp 2.29, cpu 7.42ms, rd 124.5kB, 1 blk single_block, warm 1.2s, wait p95 295ms, rss 496MB, cg 5559MB
[36s] r0 BIG   thrash all r1.0(C=36) W4 cold: 586 sps +-inf, hit 1.000, opens/smp 0.00, cpu 4.04ms, rd 107.3kB, 1 blk single_block, warm 1.4s, wait p95 211ms, rss 280MB, cg 4672MB
[37s] r0 STACK thrash all r1.0(C=36) W4 cold: 795 sps +-inf, hit 1.000, opens/smp 0.00, cpu 3.44ms, rd 38.0kB, 1 blk single_block, warm 1.0s, wait p95 160ms, rss 266MB, cg 4651MB
[40s] r0 SEP   thrash all r1.0(C=36) W4 cold: 618 sps +-inf, hit 1.000, opens/smp 0.00, cpu 4.14ms, rd 114.5kB, 1 blk single_block, warm 1.3s, wait p95 145ms, rss 321MB, cg 4815MB
[42s] r0 SEP   ckpt_5k all c1(C=1) W4 cold: 403 sps +-inf, hit 0.000, opens/smp 3.00, cpu 6.91ms, rd 122.1kB, 1 blk single_block, warm 1.2s, wait p95 185ms, rss 285MB, cg 4638MB
[44s] r0 STACK ckpt_5k all c1(C=1) W4 cold: 854 sps +-inf, hit 0.316, opens/smp 0.68, cpu 3.86ms, rd 38.6kB, 1 blk single_block, warm 1.1s, wait p95 143ms, rss 294MB, cg 4566MB
[46s] r0 BIG   ckpt_5k all c1(C=1) W4 cold: 378 sps +-inf, hit 0.000, opens/smp 3.00, cpu 7.96ms, rd 117.3kB, 1 blk single_block, warm 1.2s, wait p95 314ms, rss 289MB, cg 4473MB
[48s] r0 BIG   ckpt_5k all call(C=9) W4 cold: 718 sps +-inf, hit 1.000, opens/smp 0.00, cpu 3.53ms, rd 97.9kB, 1 blk single_block, warm 1.3s, wait p95 129ms, rss 256MB, cg 4363MB
[50s] r0 STACK ckpt_5k all call(C=9) W4 cold: 893 sps +-inf, hit 1.000, opens/smp 0.00, cpu 3.11ms, rd 36.6kB, 1 blk single_block, warm 0.8s, wait p95 93ms, rss 257MB, cg 4397MB
[51s] r0 SEP   ckpt_5k all call(C=9) W4 cold: 641 sps +-inf, hit 1.000, opens/smp 0.00, cpu 3.85ms, rd 107.3kB, 1 blk single_block, warm 0.9s, wait p95 107ms, rss 262MB, cg 4380MB
[53s] r0 SEP   thrash top r0.1(C=4) W4 cold: 1045 sps +-inf, hit 0.340, opens/smp 0.66, cpu 2.79ms, rd 43.1kB, 1 blk single_block, warm 0.8s, wait p95 121ms, rss 303MB, cg 4543MB
[54s] r0 STACK thrash top r0.1(C=4) W4 cold: 698 sps +-inf, hit 0.320, opens/smp 0.68, cpu 4.26ms, rd 42.8kB, 1 blk single_block, warm 0.9s, wait p95 186ms, rss 264MB, cg 4425MB
[56s] r0 BIG   thrash top r0.1(C=4) W4 cold: 1575 sps +-inf, hit 1.000, opens/smp 0.00, cpu 1.54ms, rd 37.5kB, 1 blk single_block, warm 0.7s, wait p95 84ms, rss 249MB, cg 4330MB
[56s] r0 BIG   thrash top r1.0(C=36) W4 cold: 1677 sps +-inf, hit 1.000, opens/smp 0.00, cpu 1.59ms, rd 36.6kB, 1 blk single_block, warm 0.5s, wait p95 77ms, rss 249MB, cg 4336MB
[58s] r0 STACK thrash top r1.0(C=36) W4 cold: 964 sps +-inf, hit 1.000, opens/smp 0.00, cpu 3.17ms, rd 38.2kB, 1 blk single_block, warm 0.8s, wait p95 135ms, rss 262MB, cg 4377MB
[59s] r0 SEP   thrash top r1.0(C=36) W4 cold: 1757 sps +-inf, hit 1.000, opens/smp 0.00, cpu 1.54ms, rd 36.4kB, 1 blk single_block, warm 0.6s, wait p95 71ms, rss 258MB, cg 4348MB
loader done in 60s, 36 runs, 0 errors
