Using Python 3.12.14 environment at: /work/venv
Resolved 11 packages in 124ms
Downloading sympy (6.0MiB)
Downloading setuptools (1.2MiB)
Downloading torchcodec (2.2MiB)
Downloading networkx (2.0MiB)
Downloading torch (181.5MiB)
 Downloaded torchcodec
 Downloaded setuptools
 Downloaded networkx
 Downloaded sympy
 Downloaded torch
Prepared 11 packages in 2.14s
Installed 11 packages in 15.94s
 + filelock==3.32.3
 + fsspec==2026.7.0
 + jinja2==3.1.6
 + markupsafe==3.0.3
 + mpmath==1.3.0
 + networkx==3.6.1
 + setuptools==78.1.0
 + sympy==1.14.0
 + torch==2.11.0+cpu
 + torchcodec==0.11.1+cpu
 + typing-extensions==4.16.0
Using Python 3.12.14 environment at: /work/venv
Resolved 22 packages in 153ms
Downloading numpy (15.9MiB)
Downloading hf-xet (4.3MiB)
Downloading pandas (10.3MiB)
Downloading pyarrow (47.8MiB)
Downloading av (38.1MiB)
 Downloaded hf-xet
 Downloaded pandas
 Downloaded numpy
 Downloaded av
 Downloaded pyarrow
Prepared 19 packages in 503ms
Installed 19 packages in 2.14s
 + anyio==4.15.1
 + av==15.1.0
 + click==8.5.0
 + h11==0.16.0
 + hf-xet==1.6.0
 + httpcore2==2.13.1
 + httpx2==2.13.1
 + huggingface-hub==2.0.0
 + idna==3.20
 + numpy==2.5.3
 + packaging==26.3
 + pandas==3.0.6
 + psutil==7.2.2
 + pyarrow==25.0.1
 + python-dateutil==2.9.0.post0
 + pyyaml==6.0.3
 + six==1.17.0
 + tqdm==4.70.1
 + truststore==0.10.4
