== DATA-11 ab2 job ab2tf-20261002-j0 start 2026-10-02T17:04:06Z SMOKE=0 host=j-hadriencornier-6abfe3ff404719ba37625d23-4cvq14us-b0bad-7g76s
HF_TOKEN present (value not shown); results -> dataset hadriencornier/lerobot-data11-bench:results/ab2tf-20261002-j0
attempt marker attempts/6abfe3ff404719ba37625d23 recorded
system ffmpeg: ffmpeg version 7.1.5-0+deb13u1 Copyright (c) 2000-2026 the FFmpeg developers
== stage system_deps: ok (32s, cgroup peak 836 MB)
bundle checksums OK
== stage bundle: ok (1s, cgroup peak 836 MB)

[notice] A new release of pip is available: 25.0.1 -> 26.2.1
[notice] To update, run: pip install --upgrade pip
patching file src/lerobot/streaming/manifest.py
patching file src/lerobot/streaming/mp4.py
patching file tests/datasets/test_episode_video_streaming.py
patching file src/lerobot/datasets/streaming_dataset.py
patching file tests/datasets/test_streaming_production.py
Using Python 3.12.15 environment at: /work/venv_base
base venv /work/venv_base/lib/python3.12/site-packages/lerobot/__init__.py 2.11.0+cpu 0.11.1+cpu probe_patch False tfx_patch False
Using Python 3.12.15 environment at: /work/venv_probe
probe venv /work/venv_probe/lib/python3.12/site-packages/lerobot/__init__.py 2.11.0+cpu 0.11.1+cpu probe_patch True tfx_patch False
Using Python 3.12.15 environment at: /work/venv_tfx
tfx venv /work/venv_tfx/lib/python3.12/site-packages/lerobot/__init__.py 2.11.0+cpu 0.11.1+cpu probe_patch False tfx_patch True
== stage python_env: ok (81s, cgroup peak 3815 MB)
uploaded results/ab2tf-20261002-j0 (setup done)
== stage ab2 start 2026-10-02T17:06:03Z
[17:09:02] BASE_D2T_r0: ok sps 67.71776042056416 cpu/sample 18.15075754380579
[17:11:54] TFX_D2T_r0: ok sps 91.23788389698251 cpu/sample 20.251307294369642
[17:14:45] TFX_D6T_r0: ok sps 76.78471603956731 cpu/sample 29.172368388180487
[17:17:37] BASE_D6T_r0: ok sps 50.346118029834436 cpu/sample 21.271228824512946
[17:20:35] BASE_D6_r0: ok sps 193.7885818720537 cpu/sample 6.938021856463658
[17:23:36] TFX_D6_r0: ok sps 179.23892880393228 cpu/sample 6.913446548471003
[17:26:35] TFX_D6_r1: ok sps 188.70709044401337 cpu/sample 6.7985884847209075
[17:29:36] BASE_D6_r1: ok sps 173.2964277811251 cpu/sample 6.896360635584873
[17:32:38] BASE_D6T_r1: ok sps 36.7514877016225 cpu/sample 28.692809403207985
[17:35:39] TFX_D6T_r1: ok sps 44.38249723262318 cpu/sample 37.07866247654679
[17:38:42] TFX_D2T_r1: ok sps 44.35493202835893 cpu/sample 31.154824230012256
[17:41:47] BASE_D2T_r1: ok sps 30.125149534320805 cpu/sample 31.369656552559988
== stage ab2: ok (2144s, cgroup peak 6269 MB)
uploaded results/ab2tf-20261002-j0 (after ab2)
== done 2026-10-02T17:41:50Z: /results/ab2tf-20261002-j0
== exit code 0 at 2026-10-02T17:41:50Z
