Using Python 3.12.14 environment at: /work/venv
Resolved 11 packages in 120ms
Downloading networkx (2.0MiB)
Downloading sympy (6.0MiB)
Downloading setuptools (1.2MiB)
Downloading torchcodec (2.2MiB)
Downloading torch (181.5MiB)
 Downloaded torchcodec
 Downloaded setuptools
 Downloaded networkx
 Downloaded sympy
 Downloaded torch
Prepared 11 packages in 2.01s
Installed 11 packages in 14.88s
 + filelock==3.32.3
 + fsspec==2026.7.0
 + jinja2==3.1.6
 + markupsafe==3.0.3
 + mpmath==1.3.0
 + networkx==3.6.1
 + setuptools==78.1.0
 + sympy==1.14.0
 + torch==2.11.0+cpu
 + torchcodec==0.11.1+cpu
 + typing-extensions==4.16.0
Using Python 3.12.14 environment at: /work/venv
Resolved 37 packages in 367ms
Downloading pandas (10.3MiB)
Downloading aiohttp (1.7MiB)
Downloading av (38.1MiB)
Downloading pyarrow (47.8MiB)
Downloading numpy (15.9MiB)
Downloading hf-xet (4.3MiB)
 Downloaded aiohttp
 Downloaded hf-xet
 Downloaded pandas
 Downloaded numpy
 Downloaded av
 Downloaded pyarrow
Prepared 35 packages in 678ms
Uninstalled 1 package in 2ms
Installed 35 packages in 2.11s
 + aiohappyeyeballs==2.7.1
 + aiohttp==3.14.3
 + aiosignal==1.4.0
 + anyio==4.15.1
 + attrs==26.1.0
 + av==15.1.0
 + certifi==2026.7.22
 + charset-normalizer==3.5.1
 + click==8.5.0
 + datasets==4.8.5
 + dill==0.4.1
 + frozenlist==1.8.0
 - fsspec==2026.7.0
 + fsspec==2026.2.0
 + h11==0.16.0
 + hf-xet==1.6.0
 + httpcore==1.0.9
 + httpx==0.28.1
 + huggingface-hub==1.30.0
 + idna==3.20
 + multidict==6.9.1
 + multiprocess==0.70.19
 + numpy==2.5.3
 + packaging==26.3
 + pandas==3.0.6
 + propcache==0.5.4
 + psutil==7.2.2
 + pyarrow==25.0.1
 + python-dateutil==2.9.0.post0
 + pyyaml==6.0.3
 + requests==2.34.2
 + six==1.17.0
 + tqdm==4.70.1
 + urllib3==2.8.0
 + xxhash==4.0.1
 + yarl==1.25.1
