[02:18:30] SEP_w0_c100 r0: 340.3 samples/s, CPU 4.2 ms/sample, hit 1.000, open 0.0 ms, 10208 samples in 30s (cap), process 34s
[02:19:03] SEP_w0_cemu r0: 338.0 samples/s, CPU 4.2 ms/sample, hit 1.000, open 0.0 ms, 10144 samples in 30s (cap), process 34s
[02:19:37] STACK_w0_c100 r0: 428.6 samples/s, CPU 2.3 ms/sample, hit 1.000, open 0.0 ms, 12864 samples in 30s (cap), process 34s
[02:20:11] STACK_w0_cemu r0: 423.8 samples/s, CPU 2.4 ms/sample, hit 1.000, open 0.0 ms, 12720 samples in 30s (cap), process 34s
[02:20:44] SEP1_w0_c100 r0: 627.8 samples/s, CPU 1.6 ms/sample, hit 1.000, open 0.0 ms, 18840 samples in 30s (cap), process 34s
[02:21:18] SEP1_w0_cemu r0: 630.8 samples/s, CPU 1.6 ms/sample, hit 1.000, open 0.0 ms, 18928 samples in 30s (cap), process 34s
[02:21:55] SEP_w4_c100 r0: 985.0 samples/s, CPU 5.8 ms/sample, hit 1.000, open 0.0 ms, 29552 samples in 30s (cap), process 37s
[02:22:32] SEP_w4_cemu r0: 978.8 samples/s, CPU 5.8 ms/sample, hit 1.000, open 0.0 ms, 29368 samples in 30s (cap), process 37s
[02:23:08] STACK_w4_c100 r0: 1136.8 samples/s, CPU 3.9 ms/sample, hit 1.000, open 0.0 ms, 34104 samples in 30s (cap), process 37s
[02:23:45] STACK_w4_cemu r0: 1127.6 samples/s, CPU 3.9 ms/sample, hit 1.000, open 0.0 ms, 33832 samples in 30s (cap), process 37s
[02:24:22] SEP1_w4_c100 r0: 1496.8 samples/s, CPU 2.7 ms/sample, hit 1.000, open 0.0 ms, 44912 samples in 30s (cap), process 37s
[02:24:59] SEP1_w4_cemu r0: 1491.7 samples/s, CPU 2.8 ms/sample, hit 1.000, open 0.0 ms, 44760 samples in 30s (cap), process 37s
[02:25:35] SEP1_w4_cemu r1: 1474.3 samples/s, CPU 2.8 ms/sample, hit 1.000, open 0.0 ms, 44232 samples in 30s (cap), process 37s
[02:26:12] SEP1_w4_c100 r1: 1508.9 samples/s, CPU 2.7 ms/sample, hit 1.000, open 0.0 ms, 45272 samples in 30s (cap), process 37s
[02:26:49] STACK_w4_cemu r1: 1143.3 samples/s, CPU 3.9 ms/sample, hit 1.000, open 0.0 ms, 34304 samples in 30s (cap), process 37s
[02:27:26] STACK_w4_c100 r1: 1176.4 samples/s, CPU 3.7 ms/sample, hit 1.000, open 0.0 ms, 35296 samples in 30s (cap), process 37s
[02:28:03] SEP_w4_cemu r1: 989.6 samples/s, CPU 5.7 ms/sample, hit 1.000, open 0.0 ms, 29696 samples in 30s (cap), process 37s
[02:28:40] SEP_w4_c100 r1: 989.2 samples/s, CPU 5.8 ms/sample, hit 1.000, open 0.0 ms, 29680 samples in 30s (cap), process 37s
[02:29:14] SEP1_w0_cemu r1: 633.0 samples/s, CPU 1.6 ms/sample, hit 1.000, open 0.0 ms, 18992 samples in 30s (cap), process 34s
[02:29:47] SEP1_w0_c100 r1: 613.1 samples/s, CPU 1.6 ms/sample, hit 1.000, open 0.0 ms, 18400 samples in 30s (cap), process 34s
[02:30:21] STACK_w0_cemu r1: 428.0 samples/s, CPU 2.3 ms/sample, hit 1.000, open 0.0 ms, 12848 samples in 30s (cap), process 34s
[02:30:54] STACK_w0_c100 r1: 430.6 samples/s, CPU 2.3 ms/sample, hit 1.000, open 0.0 ms, 12920 samples in 30s (cap), process 34s
[02:31:28] SEP_w0_cemu r1: 343.3 samples/s, CPU 4.2 ms/sample, hit 1.000, open 0.0 ms, 10304 samples in 30s (cap), process 34s
[02:32:02] SEP_w0_c100 r1: 329.9 samples/s, CPU 4.3 ms/sample, hit 1.000, open 0.0 ms, 9904 samples in 30s (cap), process 34s
[02:32:36] SEP_w0_c100 r2: 337.2 samples/s, CPU 4.2 ms/sample, hit 1.000, open 0.0 ms, 10120 samples in 30s (cap), process 34s
[02:33:10] SEP_w0_cemu r2: 339.9 samples/s, CPU 4.2 ms/sample, hit 1.000, open 0.0 ms, 10200 samples in 30s (cap), process 34s
[02:33:44] STACK_w0_c100 r2: 415.5 samples/s, CPU 2.4 ms/sample, hit 1.000, open 0.0 ms, 12472 samples in 30s (cap), process 34s
[02:34:18] STACK_w0_cemu r2: 401.5 samples/s, CPU 2.5 ms/sample, hit 1.000, open 0.0 ms, 12048 samples in 30s (cap), process 34s
[02:34:51] SEP1_w0_c100 r2: 611.2 samples/s, CPU 1.6 ms/sample, hit 1.000, open 0.0 ms, 18344 samples in 30s (cap), process 34s
[02:35:25] SEP1_w0_cemu r2: 628.4 samples/s, CPU 1.6 ms/sample, hit 1.000, open 0.0 ms, 18856 samples in 30s (cap), process 34s
[02:36:02] SEP_w4_c100 r2: 928.7 samples/s, CPU 6.0 ms/sample, hit 1.000, open 0.0 ms, 27864 samples in 30s (cap), process 37s
[02:36:39] SEP_w4_cemu r2: 923.0 samples/s, CPU 6.0 ms/sample, hit 1.000, open 0.0 ms, 27696 samples in 30s (cap), process 37s
[02:37:16] STACK_w4_c100 r2: 1111.5 samples/s, CPU 4.0 ms/sample, hit 1.000, open 0.0 ms, 33352 samples in 30s (cap), process 37s
[02:37:53] STACK_w4_cemu r2: 1092.8 samples/s, CPU 4.1 ms/sample, hit 1.000, open 0.0 ms, 32784 samples in 30s (cap), process 37s
[02:38:30] SEP1_w4_c100 r2: 1470.3 samples/s, CPU 2.8 ms/sample, hit 1.000, open 0.0 ms, 44112 samples in 30s (cap), process 37s
[02:39:07] SEP1_w4_cemu r2: 1467.1 samples/s, CPU 2.8 ms/sample, hit 1.000, open 0.0 ms, 44016 samples in 30s (cap), process 37s
[02:39:44] SEP1_w4_cemu r3: 1403.1 samples/s, CPU 2.9 ms/sample, hit 1.000, open 0.0 ms, 42096 samples in 30s (cap), process 37s
[02:40:21] SEP1_w4_c100 r3: 1396.7 samples/s, CPU 2.9 ms/sample, hit 1.000, open 0.0 ms, 41912 samples in 30s (cap), process 37s
[02:40:58] STACK_w4_cemu r3: 1152.0 samples/s, CPU 3.8 ms/sample, hit 1.000, open 0.0 ms, 34568 samples in 30s (cap), process 37s
[02:41:35] STACK_w4_c100 r3: 1130.5 samples/s, CPU 3.9 ms/sample, hit 1.000, open 0.0 ms, 33920 samples in 30s (cap), process 37s
[02:42:12] SEP_w4_cemu r3: 976.2 samples/s, CPU 5.8 ms/sample, hit 1.000, open 0.0 ms, 29288 samples in 30s (cap), process 37s
[02:42:49] SEP_w4_c100 r3: 958.0 samples/s, CPU 5.9 ms/sample, hit 1.000, open 0.0 ms, 28744 samples in 30s (cap), process 37s
[02:43:23] SEP1_w0_cemu r3: 613.8 samples/s, CPU 1.6 ms/sample, hit 1.000, open 0.0 ms, 18416 samples in 30s (cap), process 34s
[02:43:56] SEP1_w0_c100 r3: 627.8 samples/s, CPU 1.6 ms/sample, hit 1.000, open 0.0 ms, 18840 samples in 30s (cap), process 34s
[02:44:30] STACK_w0_cemu r3: 423.5 samples/s, CPU 2.4 ms/sample, hit 1.000, open 0.0 ms, 12712 samples in 30s (cap), process 34s
[02:45:03] STACK_w0_c100 r3: 421.2 samples/s, CPU 2.4 ms/sample, hit 1.000, open 0.0 ms, 12640 samples in 30s (cap), process 34s
[02:45:37] SEP_w0_cemu r3: 338.1 samples/s, CPU 4.2 ms/sample, hit 1.000, open 0.0 ms, 10144 samples in 30s (cap), process 34s
[02:46:11] SEP_w0_c100 r3: 339.6 samples/s, CPU 4.2 ms/sample, hit 1.000, open 0.0 ms, 10192 samples in 30s (cap), process 34s
