plan {'arms': ['base', 'p1', 'p1p2', 'pr3917'], 'repeats': 3, 'n_steady': 300, 'cap_s': 240, 'hash_n': 32, 'save_n': 16, 'pr3917_episodes': 400, 'regimes_filter': []}
[16:55:03] base    hash         rep-1 ok: sps=6.2 first=35.92 n=40 429=0 pss=10.43 build_rss=1.14 anon_mb=10485 wall=60s 
[16:55:47] p1      hash         rep-1 ok: sps=5.6 first=33.68 n=40 429=0 pss=10.43 build_rss=0.49 anon_mb=10494 wall=44s 
[16:56:19] p1p2    hash         rep-1 ok: sps=7.17 first=22.41 n=40 429=0 pss=10.18 build_rss=0.49 anon_mb=10505 wall=32s 
[16:59:46] pr3917  hash         rep-1 ok: sps=7.02 first=32.07 n=40 429=0 pss=5.28 build_rss=2.5 anon_mb=3985 wall=207s 
mapcheck /results/streaming-par-20260925T165216Z/runs/pr3917__hash.npz: 48/48 camera frames bit-identical
 

Downloading bytes:           |  0.00B            [A

Reconstructing (incomplete total...): |          |  0.00B /  0.00B            [A

Fetching 7 files:   0%|          | 0/7 [00:00<?, ?it/s][A
Fetching 7 files: 100%|██████████| 7/7 [00:00<00:00, 944.24it/s]


Download complete: :           |  0.00B            [A

Reconstruction complete: |          |  0.00B /  0.00B                         [A
Reconstruction complete: |          |  0.00B /  0.00B            

Download complete: :           |  0.00B            

mapcheck /results/streaming-par-20260925T165216Z/runs/base__hash.npz: 48/48 camera frames bit-identical
 

Downloading bytes:           |  0.00B            [A

Reconstructing (incomplete total...): |          |  0.00B /  0.00B            [A

Fetching 7 files:   0%|          | 0/7 [00:00<?, ?it/s][A
Fetching 7 files: 100%|██████████| 7/7 [00:00<00:00, 1224.36it/s]


Download complete: :           |  0.00B            [A

Reconstruction complete: |          |  0.00B /  0.00B                         [A
Reconstruction complete: |          |  0.00B /  0.00B            

Download complete: :           |  0.00B            

[17:01:30] base    w0_cachedef  rep0 ok: sps=43.67 first=34.81 n=312 429=0 pss=10.31 build_rss=0.49 anon_mb=10377 wall=47s 
[17:02:25] base    w2_cachedef  rep0 ok: sps=20.44 first=35.51 n=312 429=0 pss=21.37 build_rss=0.49 anon_mb=21693 wall=55s 
[17:02:43] base    w8_cachedef  rep0 mem_guard_killed: sps=None first=None n=None 429=None pss=None build_rss=None anon_mb=27028 wall=18s cgroup anon memory above 27000 MB; run killed to protect the job
[17:06:51] base    w0_cache3    rep0 capped: sps=1.02 first=45.67 n=208 429=0 pss=10.14 build_rss=0.49 anon_mb=10196 wall=248s 
[17:10:27] base    w2_cache3    rep0 ok: sps=1.86 first=47.25 n=312 429=0 pss=21.02 build_rss=0.49 anon_mb=21333 wall=216s 
[17:10:46] base    w8_cache3    rep0 mem_guard_killed: sps=None first=None n=None 429=None pss=None build_rss=None anon_mb=27169 wall=19s cgroup anon memory above 27000 MB; run killed to protect the job
[17:11:37] p1      w0_cachedef  rep0 ok: sps=28.08 first=35.63 n=312 429=0 pss=10.39 build_rss=0.49 anon_mb=10451 wall=52s 
[17:12:25] p1      w2_cachedef  rep0 ok: sps=38.7 first=35.33 n=312 429=0 pss=21.65 build_rss=0.49 anon_mb=22010 wall=48s 
[17:12:43] p1      w8_cachedef  rep0 mem_guard_killed: sps=None first=None n=None 429=None pss=None build_rss=None anon_mb=27011 wall=18s cgroup anon memory above 27000 MB; run killed to protect the job
[17:16:49] p1      w0_cache3    rep0 capped: sps=0.86 first=45.99 n=176 429=0 pss=10.97 build_rss=0.49 anon_mb=11050 wall=246s 
[17:20:25] p1      w2_cache3    rep0 ok: sps=1.85 first=46.7 n=312 429=0 pss=21.3 build_rss=0.49 anon_mb=21624 wall=216s 
[17:20:45] p1      w8_cache3    rep0 mem_guard_killed: sps=None first=None n=None 429=None pss=None build_rss=None anon_mb=27236 wall=19s cgroup anon memory above 27000 MB; run killed to protect the job
[17:21:21] p1p2    w0_cachedef  rep0 ok: sps=44.36 first=23.99 n=312 429=0 pss=10.56 build_rss=0.49 anon_mb=10628 wall=36s 
[17:21:54] p1p2    w2_cachedef  rep0 ok: sps=54.26 first=22.91 n=312 429=0 pss=21.62 build_rss=0.49 anon_mb=21948 wall=33s 
[17:22:10] p1p2    w8_cachedef  rep0 mem_guard_killed: sps=None first=None n=None 429=None pss=None build_rss=None anon_mb=27777 wall=16s cgroup anon memory above 27000 MB; run killed to protect the job
[17:25:07] p1p2    w0_cache3    rep0 ok: sps=2.15 first=29.87 n=312 429=0 pss=11.71 build_rss=0.49 anon_mb=11818 wall=177s 
[17:26:36] p1p2    w2_cache3    rep0 ok: sps=5.29 first=26.77 n=312 429=0 pss=21.44 build_rss=0.49 anon_mb=21776 wall=89s 
[17:26:51] p1p2    w8_cache3    rep0 mem_guard_killed: sps=None first=None n=None 429=None pss=None build_rss=None anon_mb=27293 wall=15s cgroup anon memory above 27000 MB; run killed to protect the job
[17:27:47] pr3917  w0_dt2       rep0 ok: sps=43.6 first=42.32 n=312 429=0 pss=4.59 build_rss=0.54 anon_mb=5389 wall=56s 
[17:28:33] pr3917  w1_dt2       rep0 ok: sps=52.7 first=35.42 n=312 429=0 pss=4.7 build_rss=0.54 anon_mb=3402 wall=46s 
[17:29:23] pr3917  w0_dt8       rep0 ok: sps=24.19 first=32.09 n=312 429=0 pss=4.56 build_rss=0.54 anon_mb=3262 wall=49s 
[17:30:08] pr3917  w1_dt8       rep0 ok: sps=49.97 first=35.19 n=312 429=0 pss=4.65 build_rss=0.54 anon_mb=3348 wall=46s 
[17:30:59] p1      w0_cachedef  rep1 ok: sps=30.54 first=36.33 n=312 429=0 pss=10.4 build_rss=0.49 anon_mb=10461 wall=51s 
[17:31:50] p1      w2_cachedef  rep1 ok: sps=36.26 first=36.92 n=312 429=0 pss=21.48 build_rss=0.49 anon_mb=21855 wall=50s 
[17:32:07] p1      w8_cachedef  rep1 mem_guard_killed: sps=None first=None n=None 429=None pss=None build_rss=None anon_mb=27053 wall=17s cgroup anon memory above 27000 MB; run killed to protect the job
[17:36:16] p1      w0_cache3    rep1 capped: sps=0.81 first=45.47 n=168 429=0 pss=11.02 build_rss=0.49 anon_mb=11104 wall=249s 
[17:39:40] p1      w2_cache3    rep1 ok: sps=2.0 first=46.58 n=312 429=0 pss=21.33 build_rss=0.49 anon_mb=21655 wall=204s 
[17:39:58] p1      w8_cache3    rep1 mem_guard_killed: sps=None first=None n=None 429=None pss=None build_rss=None anon_mb=27169 wall=19s cgroup anon memory above 27000 MB; run killed to protect the job
[17:40:38] p1p2    w0_cachedef  rep1 ok: sps=30.07 first=24.34 n=312 429=0 pss=10.51 build_rss=0.49 anon_mb=10582 wall=40s 
[17:41:12] p1p2    w2_cachedef  rep1 ok: sps=55.06 first=22.95 n=312 429=0 pss=21.49 build_rss=0.49 anon_mb=21817 wall=34s 
[17:41:28] p1p2    w8_cachedef  rep1 mem_guard_killed: sps=None first=None n=None 429=None pss=None build_rss=None anon_mb=27029 wall=16s cgroup anon memory above 27000 MB; run killed to protect the job
[17:44:23] p1p2    w0_cache3    rep1 ok: sps=2.16 first=28.27 n=312 429=0 pss=11.78 build_rss=0.49 anon_mb=11876 wall=175s 
[17:45:49] p1p2    w2_cache3    rep1 ok: sps=5.53 first=26.38 n=312 429=0 pss=21.52 build_rss=0.49 anon_mb=21841 wall=86s 
[17:46:05] p1p2    w8_cache3    rep1 mem_guard_killed: sps=None first=None n=None 429=None pss=None build_rss=None anon_mb=27058 wall=16s cgroup anon memory above 27000 MB; run killed to protect the job
[17:46:49] pr3917  w0_dt2       rep1 ok: sps=56.61 first=33.04 n=312 429=0 pss=4.62 build_rss=0.54 anon_mb=3317 wall=44s 
[17:47:28] pr3917  w1_dt2       rep1 ok: sps=66.55 first=29.62 n=312 429=0 pss=4.63 build_rss=0.54 anon_mb=3319 wall=38s 
[17:48:18] pr3917  w0_dt8       rep1 ok: sps=25.07 first=33.6 n=312 429=0 pss=4.47 build_rss=0.54 anon_mb=3165 wall=50s 
[17:49:04] pr3917  w1_dt8       rep1 ok: sps=52.37 first=35.79 n=312 429=0 pss=4.7 build_rss=0.54 anon_mb=3397 wall=46s 
[17:49:48] base    w0_cachedef  rep1 ok: sps=46.3 first=32.39 n=312 429=0 pss=10.41 build_rss=0.49 anon_mb=10473 wall=44s 
[17:50:34] base    w2_cachedef  rep1 ok: sps=41.28 first=33.52 n=312 429=0 pss=21.42 build_rss=0.49 anon_mb=21841 wall=46s 
[17:50:51] base    w8_cachedef  rep1 mem_guard_killed: sps=None first=None n=None 429=None pss=None build_rss=None anon_mb=27153 wall=17s cgroup anon memory above 27000 MB; run killed to protect the job
[17:54:56] base    w0_cache3    rep1 capped: sps=1.18 first=38.3 n=248 429=0 pss=10.16 build_rss=0.49 anon_mb=10224 wall=245s 
[17:58:00] base    w2_cache3    rep1 ok: sps=2.19 first=39.63 n=312 429=0 pss=20.98 build_rss=0.49 anon_mb=21300 wall=184s 
[17:58:19] base    w8_cache3    rep1 mem_guard_killed: sps=None first=None n=None 429=None pss=None build_rss=None anon_mb=27084 wall=19s cgroup anon memory above 27000 MB; run killed to protect the job
[17:58:55] p1p2    w0_cachedef  rep2 ok: sps=40.92 first=22.95 n=312 429=0 pss=10.49 build_rss=0.49 anon_mb=10561 wall=36s 
[17:59:30] p1p2    w2_cachedef  rep2 ok: sps=47.49 first=23.28 n=312 429=0 pss=21.55 build_rss=0.49 anon_mb=21983 wall=35s 
[17:59:45] p1p2    w8_cachedef  rep2 mem_guard_killed: sps=None first=None n=None 429=None pss=None build_rss=None anon_mb=27202 wall=15s cgroup anon memory above 27000 MB; run killed to protect the job
[18:02:41] p1p2    w0_cache3    rep2 ok: sps=2.11 first=26.56 n=312 429=0 pss=11.74 build_rss=0.49 anon_mb=11840 wall=176s 
[18:04:12] p1p2    w2_cache3    rep2 ok: sps=5.23 first=27.36 n=312 429=0 pss=21.38 build_rss=0.49 anon_mb=21706 wall=91s 
[18:04:27] p1p2    w8_cache3    rep2 mem_guard_killed: sps=None first=None n=None 429=None pss=None build_rss=None anon_mb=27007 wall=16s cgroup anon memory above 27000 MB; run killed to protect the job
[18:05:18] pr3917  w0_dt2       rep2 ok: sps=40.94 first=37.82 n=312 429=0 pss=4.51 build_rss=0.54 anon_mb=9540 wall=51s 
[18:06:08] pr3917  w1_dt2       rep2 ok: sps=44.01 first=38.4 n=312 429=0 pss=4.71 build_rss=0.54 anon_mb=3414 wall=50s 
[18:07:08] pr3917  w0_dt8       rep2 ok: sps=19.6 first=39.0 n=312 429=0 pss=4.51 build_rss=0.54 anon_mb=3214 wall=60s 
[18:07:58] pr3917  w1_dt8       rep2 ok: sps=51.51 first=38.41 n=312 429=0 pss=4.67 build_rss=0.54 anon_mb=3374 wall=50s 
[18:08:49] base    w0_cachedef  rep2 ok: sps=30.78 first=35.89 n=312 429=0 pss=10.34 build_rss=0.49 anon_mb=10412 wall=51s 
[18:09:39] base    w2_cachedef  rep2 ok: sps=32.83 first=36.05 n=312 429=0 pss=21.53 build_rss=0.49 anon_mb=21976 wall=51s 
[18:09:58] base    w8_cachedef  rep2 mem_guard_killed: sps=None first=None n=None 429=None pss=None build_rss=None anon_mb=27109 wall=19s cgroup anon memory above 27000 MB; run killed to protect the job
[18:14:08] base    w0_cache3    rep2 capped: sps=1.08 first=43.26 n=224 429=0 pss=10.16 build_rss=0.49 anon_mb=10225 wall=250s 
[18:17:22] base    w2_cache3    rep2 ok: sps=2.1 first=43.13 n=312 429=0 pss=21.14 build_rss=0.49 anon_mb=21464 wall=194s 
[18:17:42] base    w8_cache3    rep2 mem_guard_killed: sps=None first=None n=None 429=None pss=None build_rss=None anon_mb=27083 wall=20s cgroup anon memory above 27000 MB; run killed to protect the job
[18:18:35] p1      w0_cachedef  rep2 ok: sps=26.21 first=34.38 n=312 429=0 pss=10.57 build_rss=0.49 anon_mb=10641 wall=52s 
[18:19:24] p1      w2_cachedef  rep2 ok: sps=29.64 first=34.18 n=312 429=0 pss=21.59 build_rss=0.49 anon_mb=21918 wall=50s 
[18:19:45] p1      w8_cachedef  rep2 mem_guard_killed: sps=None first=None n=None 429=None pss=None build_rss=None anon_mb=27035 wall=21s cgroup anon memory above 27000 MB; run killed to protect the job
[18:23:48] p1      w0_cache3    rep2 capped: sps=0.88 first=47.03 n=176 429=0 pss=10.97 build_rss=0.49 anon_mb=11057 wall=243s 
[18:27:13] p1      w2_cache3    rep2 ok: sps=1.97 first=43.91 n=312 429=0 pss=21.48 build_rss=0.49 anon_mb=21811 wall=205s 
[18:27:33] p1      w8_cache3    rep2 mem_guard_killed: sps=None first=None n=None 429=None pss=None build_rss=None anon_mb=27010 wall=20s cgroup anon memory above 27000 MB; run killed to protect the job
# Streaming camera-parallelism bench (streaming-par-20260925T165216Z)

`lerobot/abc_130k_v3_train@68651e49`, StreamingLeRobotDataset over hf://, batch 8, 3 cameras, no delta_timestamps.

| arm | regime | ok/runs | samples/s (mean +- 95% CI) | first batch s | build s | req/sample (resolve, cdn) | MB/sample | 429s | peak PSS GB | peak cgroup GB |
|---|---|---|---|---|---|---|---|---|---|---|
| base | w0_cache3 | 3/3 | 1.09 +- 0.21 | 42.4 | 3.3 | 5.776 (2.886, 2.886) | 15.583 | 0 | 10.16 | 12.74 |
| base | w0_cachedef | 3/3 | 40.25 +- 20.63 | 34.4 | 3.3 | 0.095 (0.046, 0.046) | 0.432 | 0 | 10.41 | 16.70 |
| base | w2_cache3 | 3/3 | 2.05 +- 0.42 | 43.3 | 3.5 | 6.566 (3.230, 3.230) | 19.478 | 0 | 21.14 | 24.15 |
| base | w2_cachedef | 3/3 | 31.52 +- 26.04 | 35.0 | 3.3 | 0.961 (0.428, 0.428) | 4.599 | 0 | 21.53 | 28.25 |
| base | w8_cache3 | 0/3 | - | - | - | - (-, -) | - | 0 | 0.00 | 0.00 |
| base | w8_cachedef | 0/3 | - | - | - | - (-, -) | - | 0 | 0.00 | 0.00 |
| p1 | w0_cache3 | 3/3 | 0.85 +- 0.10 | 46.2 | 3.3 | 8.279 (2.885, 2.885) | 16.515 | 0 | 11.02 | 13.72 |
| p1 | w0_cachedef | 3/3 | 28.28 +- 5.40 | 35.4 | 3.3 | 0.112 (0.046, 0.046) | 0.438 | 0 | 10.57 | 13.28 |
| p1 | w2_cache3 | 3/3 | 1.94 +- 0.20 | 45.7 | 3.6 | 7.100 (3.230, 3.230) | 19.660 | 0 | 21.48 | 24.53 |
| p1 | w2_cachedef | 3/3 | 34.86 +- 11.65 | 35.5 | 3.4 | 1.005 (0.428, 0.428) | 4.614 | 0 | 21.65 | 24.84 |
| p1 | w8_cache3 | 0/3 | - | - | - | - (-, -) | - | 0 | 0.00 | 0.00 |
| p1 | w8_cachedef | 0/3 | - | - | - | - (-, -) | - | 0 | 0.00 | 0.00 |
| p1p2 | w0_cache3 | 3/3 | 2.14 +- 0.07 | 28.2 | 3.5 | 8.379 (2.868, 2.868) | 16.316 | 0 | 11.78 | 14.31 |
| p1p2 | w0_cachedef | 3/3 | 38.45 +- 18.52 | 23.8 | 3.4 | 0.112 (0.046, 0.046) | 0.438 | 0 | 10.56 | 13.15 |
| p1p2 | w2_cache3 | 3/3 | 5.35 +- 0.39 | 26.8 | 3.4 | 7.061 (3.230, 3.230) | 19.647 | 0 | 21.52 | 24.54 |
| p1p2 | w2_cachedef | 3/3 | 52.27 +- 10.33 | 23.0 | 3.4 | 1.000 (0.428, 0.428) | 4.612 | 0 | 21.62 | 24.59 |
| p1p2 | w8_cache3 | 0/3 | - | - | - | - (-, -) | - | 0 | 0.00 | 0.00 |
| p1p2 | w8_cachedef | 0/3 | - | - | - | - (-, -) | - | 0 | 0.00 | 0.00 |
| pr3917 | w0_dt2 | 3/3 | 47.05 +- 20.82 | 37.7 | 3.7 | 0.243 (0.113, 0.127) | 0.947 | 0 | 4.62 | 5.96 |
| pr3917 | w0_dt8 | 3/3 | 22.95 +- 7.30 | 34.9 | 3.0 | 0.243 (0.115, 0.125) | 0.937 | 0 | 4.56 | 5.93 |
| pr3917 | w1_dt2 | 3/3 | 54.42 +- 28.24 | 34.5 | 2.9 | 0.243 (0.115, 0.125) | 0.937 | 0 | 4.71 | 6.10 |
| pr3917 | w1_dt8 | 3/3 | 51.29 +- 3.02 | 36.5 | 3.0 | 0.243 (0.115, 0.125) | 0.937 | 0 | 4.70 | 6.03 |

## Correctness

```
{
 "n_hashed": {
  "base": 32,
  "p1": 32,
  "p1p2": 32,
  "pr3917": 32
 },
 "p1_vs_base_identical": true,
 "p1_vs_base_first_mismatch": null,
 "p1p2_vs_base_identical": true,
 "p1p2_vs_base_first_mismatch": null,
 "mapcheck_pr3917": {
  "n_samples": 16,
  "n_camera_frames": 48,
  "n_equal": 48,
  "max_abs_diff": 0
 },
 "mapcheck_base": {
  "n_samples": 16,
  "n_camera_frames": 48,
  "n_equal": 48,
  "max_abs_diff": 0
 }
}
```

## Prep / hash runs (num_workers=0, discarded for timing)

```
{
 "base": {
  "status": "ok",
  "build_s": 15.90906325681135,
  "first_batch_s": 35.92140450421721,
  "peak_pss_gb": 10.425856590270996,
  "error": null,
  "status_429_total": 0,
  "build_http": {
   "requests": 60,
   "resolve_requests": 8,
   "cdn_requests": 2,
   "api_requests": 50,
   "http_bytes": 16673337,
   "http_s": 5.053688401822001,
   "status_429": 0,
   "status_other_err": 4,
   "cdn_hit": 0,
   "cdn_miss": 0,
   "fetch_calls": 2,
   "fetch_bytes": 279506,
   "fetch_s": 0.40049449913203716,
   "resolver_min_seen": 1073741824,
   "pid": 3404
  }
 },
 "p1": {
  "status": "ok",
  "build_s": 3.1284902030602098,
  "first_batch_s": 33.68289295816794,
  "peak_pss_gb": 10.43012523651123,
  "error": null,
  "status_429_total": 0,
  "build_http": {
   "requests": 11,
   "resolve_requests": 5,
   "cdn_requests": 2,
   "api_requests": 4,
   "http_bytes": 3373761,
   "http_s": 0.3413266632705927,
   "status_429": 0,
   "status_other_err": 4,
   "cdn_hit": 0,
   "cdn_miss": 0,
   "fetch_calls": 2,
   "fetch_bytes": 279506,
   "fetch_s": 0.24767269426956773,
   "resolver_min_seen": 1073741824,
   "pid": 3579
  }
 },
 "p1p2": {
  "status": "ok",
  "build_s": 3.361741990316659,
  "first_batch_s": 22.411071362905204,
  "peak_pss_gb": 10.17856502532959,
  "error": null,
  "status_429_total": 0,
  "build_http": {
   "requests": 11,
   "resolve_requests": 5,
   "cdn_requests": 2,
   "api_requests": 4,
   "http_bytes": 3373761,
   "http_s": 0.3838298413902521,
   "status_429": 0,
   "status_other_err": 4,
   "cdn_hit": 0,
   "cdn_miss": 0,
   "fetch_calls": 2,
   "fetch_bytes": 279506,
   "fetch_s": 0.3063228181563318,
   "resolver_min_seen": 1073741824,
   "pid": 5031
  }
 },
 "pr3917": {
  "status": "ok",
  "build_s": 167.7505399179645,
  "first_batch_s": 32.07235125172883,
  "peak_pss_gb": 5.284336090087891,
  "error": null,
  "status_429_total": 0,
  "build_http": {
   "requests": 3613,
   "resolve_requests": 1170,
   "cdn_requests": 2340,
   "api_requests": 103,
   "http_bytes": 131080689956,
   "http_s": 318.67496893554926,
   "status_429": 0,
   "status_other_err": 1,
   "cdn_hit": 0,
   "cdn_miss": 0,
   "fetch_calls": 0,
   "fetch_bytes": 0,
   "fetch_s": 0.0,
   "resolver_min_seen": 1073741824,
   "pid": 6462
  }
 }
}
```
