Using Python 3.12.14 environment at: /work/venv
Resolved 13 packages in 226ms
Downloading pillow (6.6MiB)
Downloading torchvision (1.8MiB)
 Downloaded torchvision
 Downloaded pillow
Prepared 2 packages in 82ms
Installed 2 packages in 286ms
 + pillow==12.3.0
 + torchvision==0.26.0+cpu
Using Python 3.12.14 environment at: /work/venv
Resolved 63 packages in 1.09s
   Building lerobot @ https://github.com/Hadrien-Cornier/lerobot/archive/a195a91ff815ad730373276ef8a4cc7c04c5c074.tar.gz
Downloading pandas (11.8MiB)
Downloading aiohttp (1.7MiB)
Downloading numpy (15.8MiB)
Downloading cmake (28.3MiB)
Downloading opencv-python-headless (57.6MiB)
 Downloaded aiohttp
 Downloaded numpy
 Downloaded pandas
 Downloaded opencv-python-headless
 Downloaded cmake
      Built lerobot @ https://github.com/Hadrien-Cornier/lerobot/archive/a195a91ff815ad730373276ef8a4cc7c04c5c074.tar.gz
Prepared 36 packages in 3.33s
Uninstalled 4 packages in 142ms
Installed 36 packages in 5.23s
 + aiohappyeyeballs==2.7.1
 + aiohttp==3.14.3
 + aiosignal==1.4.0
 + attrs==26.1.0
 + charset-normalizer==3.5.1
 + cloudpickle==3.1.2
 + cmake==4.1.3
 + datasets==4.8.5
 + dill==0.4.1
 + draccus==0.11.6
 + einops==0.8.2
 + farama-notifications==0.0.6
 + frozenlist==1.8.0
 - fsspec==2026.7.0
 + fsspec==2026.2.0
 + gymnasium==1.3.0
 + jsonlines==4.0.0
 + lerobot==0.6.2 (from https://github.com/Hadrien-Cornier/lerobot/archive/a195a91ff815ad730373276ef8a4cc7c04c5c074.tar.gz)
 + mergedeep==1.3.4
 + multidict==6.9.1
 + multiprocess==0.70.19
 + mypy-extensions==1.1.0
 - numpy==2.5.3
 + numpy==2.2.6
 + opencv-python-headless==4.13.0.92
 - packaging==26.3
 + packaging==25.0
 - pandas==3.0.6
 + pandas==2.3.3
 + propcache==0.5.4
 + pytz==2026.4
 + requests==2.34.2
 + safetensors==0.8.0
 + termcolor==3.3.0
 + toml==0.10.2
 + typing-inspect==0.9.0
 + tzdata==2026.4
 + urllib3==2.8.0
 + xxhash==4.0.1
 + yarl==1.25.1
