== DATA-11 ab3 job ab3-20261002T190248Z-j0-smoke start 2026-10-02T19:02:48Z SMOKE=1 host=j-hadriencornier-6abfffcffbc85ba682373188-g223x72u-1bb31-r4kht
HF_TOKEN present (value not shown); results -> dataset hadriencornier/lerobot-data11-bench:results/ab3-20261002T190248Z-j0-smoke
attempt marker attempts/6abfffcffbc85ba682373188 recorded
system ffmpeg: ffmpeg version 7.1.5-0+deb13u1 Copyright (c) 2000-2026 the FFmpeg developers
== stage system_deps: ok (53s, cgroup peak 841 MB)
bundle checksums OK
== stage bundle: ok (1s, cgroup peak 841 MB)

[notice] A new release of pip is available: 25.0.1 -> 26.2.1
[notice] To update, run: pip install --upgrade pip
patching file src/lerobot/streaming/manifest.py
patching file src/lerobot/streaming/mp4.py
patching file tests/datasets/test_episode_video_streaming.py
Using Python 3.12.15 environment at: /work/venv_base
base venv /work/venv_base/lib/python3.12/site-packages/lerobot/__init__.py 2.11.0+cpu 0.11.1+cpu probe_patch False tfx_patch False
Using Python 3.12.15 environment at: /work/venv_probe
probe venv /work/venv_probe/lib/python3.12/site-packages/lerobot/__init__.py 2.11.0+cpu 0.11.1+cpu probe_patch True tfx_patch False
== stage python_env: ok (80s, cgroup peak 3388 MB)
uploaded results/ab3-20261002T190248Z-j0-smoke (setup done)
== stage ab3 start 2026-10-02T19:05:06Z
probe-run lerobot/pusht PATCH 1 files ok 0.5s
probe-run lerobot/pusht A1M 1 files ok 0.2s
probe-run lerobot/pusht BASE 1 files ok 0.4s
probe-run lerobot/pusht BASE 1 files ok 0.4s
{"repo": "lerobot/pusht", "rep": 0, "order": 0, "arm": "BASE", "status": "ok", "error": null, "files": 1, "wall_s": 0.3925480460002291, "files_per_s": 2.5474588657089288, "kib_per_file": 10825.462890625, "requests_per_file": 2, "round_trips_per_file": 2, "tail_hit": 0, "faststart": 0, "file_s_median": 0.31101089700041484}
probe-run lerobot/pusht PATCH 1 files ok 0.3s
{"repo": "lerobot/pusht", "rep": 0, "order": 1, "arm": "PATCH", "status": "ok", "error": null, "files": 1, "wall_s": 0.32920276099957846, "files_per_s": 3.037641594996466, "kib_per_file": 663.353515625, "requests_per_file": 2, "round_trips_per_file": 2, "tail_hit": 0, "faststart": 0, "file_s_median": 0.24763613100003568}
probe-run lerobot/pusht A1M 1 files ok 0.3s
{"repo": "lerobot/pusht", "rep": 0, "order": 2, "arm": "A1M", "status": "ok", "error": null, "files": 1, "wall_s": 0.27237821699964115, "files_per_s": 3.6713655409577686, "kib_per_file": 1536.0, "requests_per_file": 2, "round_trips_per_file": 1, "tail_hit": 1, "faststart": 0, "file_s_median": 0.2049604409994572}
probe-run lerobot/pusht A3M 1 files ok 0.2s
{"repo": "lerobot/pusht", "rep": 0, "order": 3, "arm": "A3M", "status": "ok", "error": null, "files": 1, "wall_s": 0.242596128000514, "files_per_s": 4.1220773317448876, "kib_per_file": 3584.0, "requests_per_file": 2, "round_trips_per_file": 1, "tail_hit": 1, "faststart": 0, "file_s_median": 0.15637712799980363}
probe-run lerobot/pusht A1M-c32 1 files ok 0.2s
{"repo": "lerobot/pusht", "rep": 0, "order": 4, "arm": "A1M-c32", "status": "ok", "error": null, "files": 1, "wall_s": 0.2223313770000459, "files_per_s": 4.497790700949032, "kib_per_file": 1536.0, "requests_per_file": 2, "round_trips_per_file": 1, "tail_hit": 1, "faststart": 0, "file_s_median": 0.1433896979997371}
probe-run cadene/agibot_alpha_v30 PATCH 2 files ok 1.2s
probe-run cadene/agibot_alpha_v30 A1M 2 files ok 0.6s
probe-run cadene/agibot_alpha_v30 BASE 2 files ok 3.3s
probe-run cadene/agibot_alpha_v30 PATCH 4 files ok 1.8s
{"repo": "cadene/agibot_alpha_v30", "rep": 0, "order": 0, "arm": "PATCH", "status": "ok", "error": null, "files": 4, "wall_s": 1.7728966389995549, "files_per_s": 2.2561946996849174, "kib_per_file": 1280.810791015625, "requests_per_file": 2, "round_trips_per_file": 2, "tail_hit": 0, "faststart": 0, "file_s_median": 0.905815768499906}
probe-run cadene/agibot_alpha_v30 A1M 4 files ok 1.0s
{"repo": "cadene/agibot_alpha_v30", "rep": 0, "order": 1, "arm": "A1M", "status": "ok", "error": null, "files": 4, "wall_s": 1.0327673310002865, "files_per_s": 3.873089204057027, "kib_per_file": 1803.600341796875, "requests_per_file": 2.25, "round_trips_per_file": 1.25, "tail_hit": 3, "faststart": 0, "file_s_median": 0.592276116499761}
probe-run cadene/agibot_alpha_v30 A3M 4 files ok 0.9s
{"repo": "cadene/agibot_alpha_v30", "rep": 0, "order": 2, "arm": "A3M", "status": "ok", "error": null, "files": 4, "wall_s": 0.9490069280000171, "files_per_s": 4.214932348734052, "kib_per_file": 3584.0, "requests_per_file": 2, "round_trips_per_file": 1, "tail_hit": 4, "faststart": 0, "file_s_median": 0.5399701834999178}
probe-run cadene/agibot_alpha_v30 A1M-c32 4 files ok 0.8s
{"repo": "cadene/agibot_alpha_v30", "rep": 0, "order": 3, "arm": "A1M-c32", "status": "ok", "error": null, "files": 4, "wall_s": 0.8497105220003505, "files_per_s": 4.707485545292977, "kib_per_file": 1536.0, "requests_per_file": 2, "round_trips_per_file": 1, "tail_hit": 4, "faststart": 0, "file_s_median": 0.5642576599998392}
probe-run cadene/agibot_alpha_v30 BASE 4 files ok 5.4s
{"repo": "cadene/agibot_alpha_v30", "rep": 0, "order": 4, "arm": "BASE", "status": "ok", "error": null, "files": 4, "wall_s": 5.440786620999461, "files_per_s": 0.7351878098952553, "kib_per_file": 127578.94384765625, "requests_per_file": 6, "round_trips_per_file": 6, "tail_hit": 0, "faststart": 0, "file_s_median": 5.153573983500337}
== stage ab3: ok (28s, cgroup peak 3578 MB)
uploaded results/ab3-20261002T190248Z-j0-smoke (after ab3)
== done 2026-10-02T19:05:35Z: /results/ab3-20261002T190248Z-j0-smoke
== exit code 0 at 2026-10-02T19:05:35Z
