probe-run BitRobot/HIW-500-LeRobot PATCH 8 files ok 1.2s
probe-run BitRobot/HIW-500-LeRobot A1M 8 files ok 0.9s
probe-run BitRobot/HIW-500-LeRobot BASE 8 files ok 0.9s
probe-run BitRobot/HIW-500-LeRobot A1M 128 files ok 7.5s
{"repo": "BitRobot/HIW-500-LeRobot", "rep": 0, "order": 0, "arm": "A1M", "status": "ok", "error": null, "files": 128, "wall_s": 7.535286564001581, "files_per_s": 16.98674614599211, "kib_per_file": 1536.0, "requests_per_file": 2, "round_trips_per_file": 1, "tail_hit": 34, "faststart": 94, "file_s_median": 0.7620764614985092}
probe-run BitRobot/HIW-500-LeRobot A3M 128 files ok 7.8s
{"repo": "BitRobot/HIW-500-LeRobot", "rep": 0, "order": 1, "arm": "A3M", "status": "ok", "error": null, "files": 128, "wall_s": 7.828806083009113, "files_per_s": 16.349874890604188, "kib_per_file": 3584.0, "requests_per_file": 2, "round_trips_per_file": 1, "tail_hit": 29, "faststart": 99, "file_s_median": 0.7771593219949864}
probe-run BitRobot/HIW-500-LeRobot A1M-c32 128 files ok 4.9s
{"repo": "BitRobot/HIW-500-LeRobot", "rep": 0, "order": 2, "arm": "A1M-c32", "status": "ok", "error": null, "files": 128, "wall_s": 4.862862478999887, "files_per_s": 26.321945264289056, "kib_per_file": 1536.0, "requests_per_file": 2, "round_trips_per_file": 1, "tail_hit": 27, "faststart": 101, "file_s_median": 0.45590120200358797}
probe-run BitRobot/HIW-500-LeRobot BASE 128 files ok 40.5s
{"repo": "BitRobot/HIW-500-LeRobot", "rep": 0, "order": 3, "arm": "BASE", "status": "ok", "error": null, "files": 128, "wall_s": 40.51324547299009, "files_per_s": 3.1594605296516356, "kib_per_file": 35926.77948760986, "requests_per_file": 2.3046875, "round_trips_per_file": 2.3046875, "tail_hit": 0, "faststart": 94, "file_s_median": 0.887313990999246}
probe-run BitRobot/HIW-500-LeRobot PATCH 128 files ok 5.2s
{"repo": "BitRobot/HIW-500-LeRobot", "rep": 0, "order": 4, "arm": "PATCH", "status": "ok", "error": null, "files": 128, "wall_s": 5.217572820998612, "files_per_s": 24.532479831398227, "kib_per_file": 527.6261901855469, "requests_per_file": 1.21875, "round_trips_per_file": 1.21875, "tail_hit": 0, "faststart": 100, "file_s_median": 0.44000285399670247}
probe-run BitRobot/HIW-500-LeRobot A3M 128 files ok 8.0s
{"repo": "BitRobot/HIW-500-LeRobot", "rep": 1, "order": 0, "arm": "A3M", "status": "ok", "error": null, "files": 128, "wall_s": 8.0326592670026, "files_per_s": 15.934947038748652, "kib_per_file": 3584.0, "requests_per_file": 2, "round_trips_per_file": 1, "tail_hit": 28, "faststart": 100, "file_s_median": 0.7899557430064306}
probe-run BitRobot/HIW-500-LeRobot A1M-c32 128 files ok 5.3s
{"repo": "BitRobot/HIW-500-LeRobot", "rep": 1, "order": 1, "arm": "A1M-c32", "status": "ok", "error": null, "files": 128, "wall_s": 5.304205866996199, "files_per_s": 24.131793374846346, "kib_per_file": 1536.0, "requests_per_file": 2, "round_trips_per_file": 1, "tail_hit": 33, "faststart": 95, "file_s_median": 0.5090430514974287}
probe-run BitRobot/HIW-500-LeRobot BASE 128 files ok 39.4s
{"repo": "BitRobot/HIW-500-LeRobot", "rep": 1, "order": 2, "arm": "BASE", "status": "ok", "error": null, "files": 128, "wall_s": 39.35562835600285, "files_per_s": 3.252393757816253, "kib_per_file": 31769.692390441895, "requests_per_file": 2.125, "round_trips_per_file": 2.125, "tail_hit": 0, "faststart": 99, "file_s_median": 0.9150011995006935}
probe-run BitRobot/HIW-500-LeRobot PATCH 128 files ok 4.9s
{"repo": "BitRobot/HIW-500-LeRobot", "rep": 1, "order": 3, "arm": "PATCH", "status": "ok", "error": null, "files": 128, "wall_s": 4.856289504998131, "files_per_s": 26.357571942171365, "kib_per_file": 524.5568466186523, "requests_per_file": 1.1796875, "round_trips_per_file": 1.1796875, "tail_hit": 0, "faststart": 105, "file_s_median": 0.429446147994895}
probe-run BitRobot/HIW-500-LeRobot A1M 128 files ok 6.7s
{"repo": "BitRobot/HIW-500-LeRobot", "rep": 1, "order": 4, "arm": "A1M", "status": "ok", "error": null, "files": 128, "wall_s": 6.731483826006297, "files_per_s": 19.015124051176805, "kib_per_file": 1536.0, "requests_per_file": 2, "round_trips_per_file": 1, "tail_hit": 22, "faststart": 106, "file_s_median": 0.6512662144959904}
probe-run BitRobot/HIW-500-LeRobot A1M-c32 128 files ok 5.2s
{"repo": "BitRobot/HIW-500-LeRobot", "rep": 2, "order": 0, "arm": "A1M-c32", "status": "ok", "error": null, "files": 128, "wall_s": 5.201291277000564, "files_per_s": 24.609273579043613, "kib_per_file": 1536.0, "requests_per_file": 2, "round_trips_per_file": 1, "tail_hit": 35, "faststart": 93, "file_s_median": 0.49322557949926704}
probe-run BitRobot/HIW-500-LeRobot BASE 128 files ok 35.9s
{"repo": "BitRobot/HIW-500-LeRobot", "rep": 2, "order": 1, "arm": "BASE", "status": "ok", "error": null, "files": 128, "wall_s": 35.935120832989924, "files_per_s": 3.561974943534647, "kib_per_file": 28110.976234436035, "requests_per_file": 1.9765625, "round_trips_per_file": 1.9765625, "tail_hit": 0, "faststart": 103, "file_s_median": 0.9464770824997686}
probe-run BitRobot/HIW-500-LeRobot PATCH 128 files ok 5.2s
{"repo": "BitRobot/HIW-500-LeRobot", "rep": 2, "order": 2, "arm": "PATCH", "status": "ok", "error": null, "files": 128, "wall_s": 5.152443134007626, "files_per_s": 24.842583735696703, "kib_per_file": 529.3536224365234, "requests_per_file": 1.234375, "round_trips_per_file": 1.234375, "tail_hit": 0, "faststart": 98, "file_s_median": 0.42089074249815894}
probe-run BitRobot/HIW-500-LeRobot A1M 128 files ok 7.4s
{"repo": "BitRobot/HIW-500-LeRobot", "rep": 2, "order": 3, "arm": "A1M", "status": "ok", "error": null, "files": 128, "wall_s": 7.430965239997022, "files_per_s": 17.225218510112597, "kib_per_file": 1536.0, "requests_per_file": 2, "round_trips_per_file": 1, "tail_hit": 37, "faststart": 91, "file_s_median": 0.6857926589946146}
probe-run BitRobot/HIW-500-LeRobot A3M 128 files ok 8.5s
{"repo": "BitRobot/HIW-500-LeRobot", "rep": 2, "order": 4, "arm": "A3M", "status": "ok", "error": null, "files": 128, "wall_s": 8.532341711004847, "files_per_s": 15.00174328870445, "kib_per_file": 3584.0, "requests_per_file": 2, "round_trips_per_file": 1, "tail_hit": 35, "faststart": 93, "file_s_median": 0.7912567085077171}
probe-run allenai/MolmoAct2-BimanualYAM-Dataset PATCH 8 files ok 1.8s
probe-run allenai/MolmoAct2-BimanualYAM-Dataset A1M 8 files ok 1.3s
probe-run allenai/MolmoAct2-BimanualYAM-Dataset BASE 8 files ok 1.3s
probe-run allenai/MolmoAct2-BimanualYAM-Dataset A3M 128 files ok 12.5s
{"repo": "allenai/MolmoAct2-BimanualYAM-Dataset", "rep": 0, "order": 0, "arm": "A3M", "status": "ok", "error": null, "files": 128, "wall_s": 12.500195375003386, "files_per_s": 10.239839951298787, "kib_per_file": 3584.0, "requests_per_file": 2, "round_trips_per_file": 1, "tail_hit": 9, "faststart": 119, "file_s_median": 1.21332926350442}
probe-run allenai/MolmoAct2-BimanualYAM-Dataset A1M-c32 128 files ok 8.3s
{"repo": "allenai/MolmoAct2-BimanualYAM-Dataset", "rep": 0, "order": 1, "arm": "A1M-c32", "status": "ok", "error": null, "files": 128, "wall_s": 8.33135395401041, "files_per_s": 15.363649258760091, "kib_per_file": 1536.0, "requests_per_file": 2, "round_trips_per_file": 1, "tail_hit": 7, "faststart": 121, "file_s_median": 0.8088511394962552}
probe-run allenai/MolmoAct2-BimanualYAM-Dataset BASE 128 files ok 18.5s
{"repo": "allenai/MolmoAct2-BimanualYAM-Dataset", "rep": 0, "order": 2, "arm": "BASE", "status": "ok", "error": null, "files": 128, "wall_s": 18.47650275498745, "files_per_s": 6.9277179614225615, "kib_per_file": 10579.301055908203, "requests_per_file": 1.3046875, "round_trips_per_file": 1.3046875, "tail_hit": 0, "faststart": 118, "file_s_median": 1.297365484497277}
probe-run allenai/MolmoAct2-BimanualYAM-Dataset PATCH 128 files ok 8.8s
{"repo": "allenai/MolmoAct2-BimanualYAM-Dataset", "rep": 0, "order": 3, "arm": "PATCH", "status": "ok", "error": null, "files": 128, "wall_s": 8.752359389996855, "files_per_s": 14.624627977033516, "kib_per_file": 516.3922882080078, "requests_per_file": 1.046875, "round_trips_per_file": 1.046875, "tail_hit": 0, "faststart": 123, "file_s_median": 0.8518753360040137}
probe-run allenai/MolmoAct2-BimanualYAM-Dataset A1M 128 files ok 10.8s
{"repo": "allenai/MolmoAct2-BimanualYAM-Dataset", "rep": 0, "order": 4, "arm": "A1M", "status": "ok", "error": null, "files": 128, "wall_s": 10.779700001992751, "files_per_s": 11.874170893098857, "kib_per_file": 1538.1870956420898, "requests_per_file": 2.0234375, "round_trips_per_file": 1.0234375, "tail_hit": 6, "faststart": 122, "file_s_median": 1.0872687285009306}
probe-run allenai/MolmoAct2-BimanualYAM-Dataset A1M-c32 128 files ok 9.6s
{"repo": "allenai/MolmoAct2-BimanualYAM-Dataset", "rep": 1, "order": 0, "arm": "A1M-c32", "status": "ok", "error": null, "files": 128, "wall_s": 9.614792931999546, "files_per_s": 13.31281920528895, "kib_per_file": 1538.934326171875, "requests_per_file": 2.03125, "round_trips_per_file": 1.03125, "tail_hit": 8, "faststart": 120, "file_s_median": 0.923578574496787}
probe-run allenai/MolmoAct2-BimanualYAM-Dataset BASE 128 files ok 18.3s
{"repo": "allenai/MolmoAct2-BimanualYAM-Dataset", "rep": 1, "order": 1, "arm": "BASE", "status": "ok", "error": null, "files": 128, "wall_s": 18.30310305999592, "files_per_s": 6.993349683954002, "kib_per_file": 10919.758041381836, "requests_per_file": 1.3046875, "round_trips_per_file": 1.3046875, "tail_hit": 0, "faststart": 119, "file_s_median": 1.1969665810029255}
probe-run allenai/MolmoAct2-BimanualYAM-Dataset PATCH 128 files ok 8.7s
{"repo": "allenai/MolmoAct2-BimanualYAM-Dataset", "rep": 1, "order": 2, "arm": "PATCH", "status": "ok", "error": null, "files": 128, "wall_s": 8.736581175995525, "files_per_s": 14.651039968779838, "kib_per_file": 517.7147903442383, "requests_per_file": 1.0390625, "round_trips_per_file": 1.0390625, "tail_hit": 0, "faststart": 123, "file_s_median": 0.822473361993616}
probe-run allenai/MolmoAct2-BimanualYAM-Dataset A1M 128 files ok 10.5s
{"repo": "allenai/MolmoAct2-BimanualYAM-Dataset", "rep": 1, "order": 3, "arm": "A1M", "status": "ok", "error": null, "files": 128, "wall_s": 10.518259477001266, "files_per_s": 12.169313780467084, "kib_per_file": 1537.2685089111328, "requests_per_file": 2.015625, "round_trips_per_file": 1.015625, "tail_hit": 8, "faststart": 120, "file_s_median": 1.0613450765013113}
probe-run allenai/MolmoAct2-BimanualYAM-Dataset A3M 128 files ok 11.8s
{"repo": "allenai/MolmoAct2-BimanualYAM-Dataset", "rep": 1, "order": 4, "arm": "A3M", "status": "ok", "error": null, "files": 128, "wall_s": 11.848462990994449, "files_per_s": 10.803088982704995, "kib_per_file": 3585.4370346069336, "requests_per_file": 2.0234375, "round_trips_per_file": 1.0234375, "tail_hit": 13, "faststart": 115, "file_s_median": 1.1808374910033308}
probe-run allenai/MolmoAct2-BimanualYAM-Dataset BASE 128 files ok 14.9s
{"repo": "allenai/MolmoAct2-BimanualYAM-Dataset", "rep": 2, "order": 0, "arm": "BASE", "status": "ok", "error": null, "files": 128, "wall_s": 14.85292319500877, "files_per_s": 8.617832215210914, "kib_per_file": 8539.455764770508, "requests_per_file": 1.2265625, "round_trips_per_file": 1.2265625, "tail_hit": 0, "faststart": 120, "file_s_median": 1.1285838524927385}
probe-run allenai/MolmoAct2-BimanualYAM-Dataset PATCH 128 files ok 8.4s
{"repo": "allenai/MolmoAct2-BimanualYAM-Dataset", "rep": 2, "order": 1, "arm": "PATCH", "status": "ok", "error": null, "files": 128, "wall_s": 8.355348591008806, "files_per_s": 15.319528396186948, "kib_per_file": 524.4184799194336, "requests_per_file": 1.0859375, "round_trips_per_file": 1.0859375, "tail_hit": 0, "faststart": 117, "file_s_median": 0.8131743865014869}
probe-run allenai/MolmoAct2-BimanualYAM-Dataset A1M 128 files ok 10.2s
{"repo": "allenai/MolmoAct2-BimanualYAM-Dataset", "rep": 2, "order": 2, "arm": "A1M", "status": "ok", "error": null, "files": 128, "wall_s": 10.202519842001493, "files_per_s": 12.54592022188995, "kib_per_file": 1537.9124298095703, "requests_per_file": 2.015625, "round_trips_per_file": 1.015625, "tail_hit": 8, "faststart": 120, "file_s_median": 1.0126256035000551}
probe-run allenai/MolmoAct2-BimanualYAM-Dataset A3M 128 files ok 10.9s
{"repo": "allenai/MolmoAct2-BimanualYAM-Dataset", "rep": 2, "order": 3, "arm": "A3M", "status": "ok", "error": null, "files": 128, "wall_s": 10.93000668399327, "files_per_s": 11.710880304167874, "kib_per_file": 3584.6400604248047, "requests_per_file": 2.015625, "round_trips_per_file": 1.015625, "tail_hit": 6, "faststart": 122, "file_s_median": 1.1296847539924784}
probe-run allenai/MolmoAct2-BimanualYAM-Dataset A1M-c32 128 files ok 8.8s
{"repo": "allenai/MolmoAct2-BimanualYAM-Dataset", "rep": 2, "order": 4, "arm": "A1M-c32", "status": "ok", "error": null, "files": 128, "wall_s": 8.820421880009235, "files_per_s": 14.51177752507525, "kib_per_file": 1536.0, "requests_per_file": 2, "round_trips_per_file": 1, "tail_hit": 14, "faststart": 114, "file_s_median": 0.854173075997096}
probe-run cadene/agibot_alpha_v30 PATCH 8 files ok 1.6s
probe-run cadene/agibot_alpha_v30 A1M 8 files ok 1.1s
probe-run cadene/agibot_alpha_v30 BASE 8 files ok 9.0s
probe-run cadene/agibot_alpha_v30 A1M-c32 128 files ok 14.6s
{"repo": "cadene/agibot_alpha_v30", "rep": 0, "order": 0, "arm": "A1M-c32", "status": "ok", "error": null, "files": 128, "wall_s": 14.64524204999907, "files_per_s": 8.740039909412637, "kib_per_file": 1682.406509399414, "requests_per_file": 2.109375, "round_trips_per_file": 1.109375, "tail_hit": 114, "faststart": 0, "file_s_median": 1.4403609125001822}
probe-run cadene/agibot_alpha_v30 BASE 128 files ok 139.0s
{"repo": "cadene/agibot_alpha_v30", "rep": 0, "order": 1, "arm": "BASE", "status": "ok", "error": null, "files": 128, "wall_s": 139.03886645000603, "files_per_s": 0.9206058943671318, "kib_per_file": 126827.32187652588, "requests_per_file": 5.9765625, "round_trips_per_file": 5.9765625, "tail_hit": 0, "faststart": 0, "file_s_median": 16.870458509001764}
probe-run cadene/agibot_alpha_v30 PATCH 128 files ok 12.4s
{"repo": "cadene/agibot_alpha_v30", "rep": 0, "order": 2, "arm": "PATCH", "status": "ok", "error": null, "files": 128, "wall_s": 12.404891099999077, "files_per_s": 10.318510575236692, "kib_per_file": 949.0446853637695, "requests_per_file": 2, "round_trips_per_file": 2, "tail_hit": 0, "faststart": 0, "file_s_median": 1.2880418710046797}
probe-run cadene/agibot_alpha_v30 A1M 128 files ok 13.7s
{"repo": "cadene/agibot_alpha_v30", "rep": 0, "order": 3, "arm": "A1M", "status": "ok", "error": null, "files": 128, "wall_s": 13.657497285006684, "files_per_s": 9.372141713000337, "kib_per_file": 1752.5918579101562, "requests_per_file": 2.15625, "round_trips_per_file": 1.15625, "tail_hit": 108, "faststart": 0, "file_s_median": 1.2468130749984994}
probe-run cadene/agibot_alpha_v30 A3M 128 files ok 14.9s
{"repo": "cadene/agibot_alpha_v30", "rep": 0, "order": 4, "arm": "A3M", "status": "ok", "error": null, "files": 128, "wall_s": 14.88743261199852, "files_per_s": 8.597855878577644, "kib_per_file": 3584.0, "requests_per_file": 2, "round_trips_per_file": 1, "tail_hit": 128, "faststart": 0, "file_s_median": 1.5549821555032395}
probe-run cadene/agibot_alpha_v30 BASE 128 files ok 164.9s
{"repo": "cadene/agibot_alpha_v30", "rep": 1, "order": 0, "arm": "BASE", "status": "ok", "error": null, "files": 128, "wall_s": 164.9472326200048, "files_per_s": 0.7760057441817072, "kib_per_file": 126782.42409515381, "requests_per_file": 5.9765625, "round_trips_per_file": 5.9765625, "tail_hit": 0, "faststart": 0, "file_s_median": 19.85400214850233}
probe-run cadene/agibot_alpha_v30 PATCH 128 files ok 10.8s
{"repo": "cadene/agibot_alpha_v30", "rep": 1, "order": 1, "arm": "PATCH", "status": "ok", "error": null, "files": 128, "wall_s": 10.805193621010403, "files_per_s": 11.846155144421244, "kib_per_file": 873.1724395751953, "requests_per_file": 2, "round_trips_per_file": 2, "tail_hit": 0, "faststart": 0, "file_s_median": 1.1424579829981667}
probe-run cadene/agibot_alpha_v30 A1M 128 files ok 14.5s
{"repo": "cadene/agibot_alpha_v30", "rep": 1, "order": 2, "arm": "A1M", "status": "ok", "error": null, "files": 128, "wall_s": 14.457580308007891, "files_per_s": 8.85348704783623, "kib_per_file": 1722.0488815307617, "requests_per_file": 2.1328125, "round_trips_per_file": 1.1328125, "tail_hit": 111, "faststart": 0, "file_s_median": 1.369104787503602}
probe-run cadene/agibot_alpha_v30 A3M 128 files ok 14.8s
{"repo": "cadene/agibot_alpha_v30", "rep": 1, "order": 3, "arm": "A3M", "status": "ok", "error": null, "files": 128, "wall_s": 14.82224641701032, "files_per_s": 8.635668062642956, "kib_per_file": 3584.0, "requests_per_file": 2, "round_trips_per_file": 1, "tail_hit": 128, "faststart": 0, "file_s_median": 1.5671969079994597}
probe-run cadene/agibot_alpha_v30 A1M-c32 128 files ok 13.0s
{"repo": "cadene/agibot_alpha_v30", "rep": 1, "order": 4, "arm": "A1M-c32", "status": "ok", "error": null, "files": 128, "wall_s": 13.037963309005136, "files_per_s": 9.817484293086807, "kib_per_file": 1721.3355178833008, "requests_per_file": 2.1484375, "round_trips_per_file": 1.1484375, "tail_hit": 109, "faststart": 0, "file_s_median": 1.2669876810032292}
probe-run cadene/agibot_alpha_v30 PATCH 128 files ok 13.0s
{"repo": "cadene/agibot_alpha_v30", "rep": 2, "order": 0, "arm": "PATCH", "status": "ok", "error": null, "files": 128, "wall_s": 13.001883646007627, "files_per_s": 9.844727386043315, "kib_per_file": 942.7621154785156, "requests_per_file": 2, "round_trips_per_file": 2, "tail_hit": 0, "faststart": 0, "file_s_median": 1.2927541340104654}
probe-run cadene/agibot_alpha_v30 A1M 128 files ok 14.0s
{"repo": "cadene/agibot_alpha_v30", "rep": 2, "order": 1, "arm": "A1M", "status": "ok", "error": null, "files": 128, "wall_s": 14.021351944000344, "files_per_s": 9.128934250507168, "kib_per_file": 1708.9603424072266, "requests_per_file": 2.140625, "round_trips_per_file": 1.140625, "tail_hit": 110, "faststart": 0, "file_s_median": 1.4081117435052874}
probe-run cadene/agibot_alpha_v30 A3M 128 files ok 17.1s
{"repo": "cadene/agibot_alpha_v30", "rep": 2, "order": 2, "arm": "A3M", "status": "ok", "error": null, "files": 128, "wall_s": 17.132322663994273, "files_per_s": 7.471257838787269, "kib_per_file": 3584.0, "requests_per_file": 2, "round_trips_per_file": 1, "tail_hit": 128, "faststart": 0, "file_s_median": 1.799234695499763}
probe-run cadene/agibot_alpha_v30 A1M-c32 128 files ok 14.6s
{"repo": "cadene/agibot_alpha_v30", "rep": 2, "order": 3, "arm": "A1M-c32", "status": "ok", "error": null, "files": 128, "wall_s": 14.618965606001439, "files_per_s": 8.75574944560051, "kib_per_file": 1772.3769760131836, "requests_per_file": 2.1640625, "round_trips_per_file": 1.1640625, "tail_hit": 107, "faststart": 0, "file_s_median": 1.4011401044990635}
probe-run cadene/agibot_alpha_v30 BASE 128 files ok 149.6s
{"repo": "cadene/agibot_alpha_v30", "rep": 2, "order": 4, "arm": "BASE", "status": "ok", "error": null, "files": 128, "wall_s": 149.63962889599497, "files_per_s": 0.8553883817031162, "kib_per_file": 126542.5633468628, "requests_per_file": 5.9765625, "round_trips_per_file": 5.9765625, "tail_hit": 0, "faststart": 0, "file_s_median": 18.27583540199703}
probe-run lerobot/aloha_sim_insertion_human PATCH 1 files ok 0.5s
probe-run lerobot/aloha_sim_insertion_human A1M 1 files ok 0.2s
probe-run lerobot/aloha_sim_insertion_human BASE 1 files ok 2.3s
probe-run lerobot/aloha_sim_insertion_human BASE 1 files ok 2.1s
{"repo": "lerobot/aloha_sim_insertion_human", "rep": 0, "order": 0, "arm": "BASE", "status": "ok", "error": null, "files": 1, "wall_s": 2.0552563429955626, "files_per_s": 0.4865573111636708, "kib_per_file": 127124.5146484375, "requests_per_file": 6, "round_trips_per_file": 6, "tail_hit": 0, "faststart": 0, "file_s_median": 1.9712770650075981}
probe-run lerobot/aloha_sim_insertion_human PATCH 1 files ok 0.3s
{"repo": "lerobot/aloha_sim_insertion_human", "rep": 0, "order": 1, "arm": "PATCH", "status": "ok", "error": null, "files": 1, "wall_s": 0.2736108020035317, "files_per_s": 3.6548264640044885, "kib_per_file": 660.5146484375, "requests_per_file": 2, "round_trips_per_file": 2, "tail_hit": 0, "faststart": 0, "file_s_median": 0.18213945299794432}
probe-run lerobot/aloha_sim_insertion_human A1M 1 files ok 0.2s
{"repo": "lerobot/aloha_sim_insertion_human", "rep": 0, "order": 2, "arm": "A1M", "status": "ok", "error": null, "files": 1, "wall_s": 0.19612904600217007, "files_per_s": 5.098683853226592, "kib_per_file": 1536.0, "requests_per_file": 2, "round_trips_per_file": 1, "tail_hit": 1, "faststart": 0, "file_s_median": 0.11860929500835482}
probe-run lerobot/aloha_sim_insertion_human A3M 1 files ok 0.4s
{"repo": "lerobot/aloha_sim_insertion_human", "rep": 0, "order": 3, "arm": "A3M", "status": "ok", "error": null, "files": 1, "wall_s": 0.3630163170018932, "files_per_s": 2.7546971118512693, "kib_per_file": 3584.0, "requests_per_file": 2, "round_trips_per_file": 1, "tail_hit": 1, "faststart": 0, "file_s_median": 0.25994153700594325}
probe-run lerobot/aloha_sim_insertion_human A1M-c32 1 files ok 0.3s
{"repo": "lerobot/aloha_sim_insertion_human", "rep": 0, "order": 4, "arm": "A1M-c32", "status": "ok", "error": null, "files": 1, "wall_s": 0.28052611599559896, "files_per_s": 3.5647304938114517, "kib_per_file": 1536.0, "requests_per_file": 2, "round_trips_per_file": 1, "tail_hit": 1, "faststart": 0, "file_s_median": 0.19951070500246715}
probe-run lerobot/aloha_sim_insertion_human PATCH 1 files ok 0.3s
{"repo": "lerobot/aloha_sim_insertion_human", "rep": 1, "order": 0, "arm": "PATCH", "status": "ok", "error": null, "files": 1, "wall_s": 0.2666582989913877, "files_per_s": 3.750117674126081, "kib_per_file": 660.5146484375, "requests_per_file": 2, "round_trips_per_file": 2, "tail_hit": 0, "faststart": 0, "file_s_median": 0.19413880199135747}
probe-run lerobot/aloha_sim_insertion_human A1M 1 files ok 0.2s
{"repo": "lerobot/aloha_sim_insertion_human", "rep": 1, "order": 1, "arm": "A1M", "status": "ok", "error": null, "files": 1, "wall_s": 0.2019475120032439, "files_per_s": 4.951781728234101, "kib_per_file": 1536.0, "requests_per_file": 2, "round_trips_per_file": 1, "tail_hit": 1, "faststart": 0, "file_s_median": 0.1118128839880228}
probe-run lerobot/aloha_sim_insertion_human A3M 1 files ok 0.4s
{"repo": "lerobot/aloha_sim_insertion_human", "rep": 1, "order": 2, "arm": "A3M", "status": "ok", "error": null, "files": 1, "wall_s": 0.39634778500476386, "files_per_s": 2.5230366809996947, "kib_per_file": 3584.0, "requests_per_file": 2, "round_trips_per_file": 1, "tail_hit": 1, "faststart": 0, "file_s_median": 0.31228184601059183}
probe-run lerobot/aloha_sim_insertion_human A1M-c32 1 files ok 0.2s
{"repo": "lerobot/aloha_sim_insertion_human", "rep": 1, "order": 3, "arm": "A1M-c32", "status": "ok", "error": null, "files": 1, "wall_s": 0.19994660999509506, "files_per_s": 5.0013351065293445, "kib_per_file": 1536.0, "requests_per_file": 2, "round_trips_per_file": 1, "tail_hit": 1, "faststart": 0, "file_s_median": 0.1124818379903445}
probe-run lerobot/aloha_sim_insertion_human BASE 1 files ok 2.0s
{"repo": "lerobot/aloha_sim_insertion_human", "rep": 1, "order": 4, "arm": "BASE", "status": "ok", "error": null, "files": 1, "wall_s": 1.9815484849968925, "files_per_s": 0.504655832330829, "kib_per_file": 127124.5146484375, "requests_per_file": 6, "round_trips_per_file": 6, "tail_hit": 0, "faststart": 0, "file_s_median": 1.9049052449990995}
probe-run lerobot/aloha_sim_insertion_human A1M 1 files ok 0.2s
{"repo": "lerobot/aloha_sim_insertion_human", "rep": 2, "order": 0, "arm": "A1M", "status": "ok", "error": null, "files": 1, "wall_s": 0.19009632599772885, "files_per_s": 5.260490936642023, "kib_per_file": 1536.0, "requests_per_file": 2, "round_trips_per_file": 1, "tail_hit": 1, "faststart": 0, "file_s_median": 0.09167264999996405}
probe-run lerobot/aloha_sim_insertion_human A3M 1 files ok 0.3s
{"repo": "lerobot/aloha_sim_insertion_human", "rep": 2, "order": 1, "arm": "A3M", "status": "ok", "error": null, "files": 1, "wall_s": 0.3094370769977104, "files_per_s": 3.231674787334548, "kib_per_file": 3584.0, "requests_per_file": 2, "round_trips_per_file": 1, "tail_hit": 1, "faststart": 0, "file_s_median": 0.225732708000578}
probe-run lerobot/aloha_sim_insertion_human A1M-c32 1 files ok 0.2s
{"repo": "lerobot/aloha_sim_insertion_human", "rep": 2, "order": 2, "arm": "A1M-c32", "status": "ok", "error": null, "files": 1, "wall_s": 0.18091516599815805, "files_per_s": 5.527452574153907, "kib_per_file": 1536.0, "requests_per_file": 2, "round_trips_per_file": 1, "tail_hit": 1, "faststart": 0, "file_s_median": 0.10554238999611698}
probe-run lerobot/aloha_sim_insertion_human BASE 1 files ok 1.9s
{"repo": "lerobot/aloha_sim_insertion_human", "rep": 2, "order": 3, "arm": "BASE", "status": "ok", "error": null, "files": 1, "wall_s": 1.9406470570102101, "files_per_s": 0.5152920498282748, "kib_per_file": 127124.5146484375, "requests_per_file": 6, "round_trips_per_file": 6, "tail_hit": 0, "faststart": 0, "file_s_median": 1.8545829290087568}
probe-run lerobot/aloha_sim_insertion_human PATCH 1 files ok 0.3s
{"repo": "lerobot/aloha_sim_insertion_human", "rep": 2, "order": 4, "arm": "PATCH", "status": "ok", "error": null, "files": 1, "wall_s": 0.2578322569897864, "files_per_s": 3.8784906577442455, "kib_per_file": 660.5146484375, "requests_per_file": 2, "round_trips_per_file": 2, "tail_hit": 0, "faststart": 0, "file_s_median": 0.18138685400481336}
probe-run lerobot/aloha_sim_insertion_scripted PATCH 1 files ok 0.6s
probe-run lerobot/aloha_sim_insertion_scripted A1M 1 files ok 0.3s
probe-run lerobot/aloha_sim_insertion_scripted BASE 1 files ok 3.1s
probe-run lerobot/aloha_sim_insertion_scripted PATCH 1 files ok 0.3s
{"repo": "lerobot/aloha_sim_insertion_scripted", "rep": 0, "order": 0, "arm": "PATCH", "status": "ok", "error": null, "files": 1, "wall_s": 0.2655585189932026, "files_per_s": 3.7656483542356125, "kib_per_file": 630.8818359375, "requests_per_file": 2, "round_trips_per_file": 2, "tail_hit": 0, "faststart": 0, "file_s_median": 0.18285720399580896}
probe-run lerobot/aloha_sim_insertion_scripted A1M 1 files ok 0.2s
{"repo": "lerobot/aloha_sim_insertion_scripted", "rep": 0, "order": 1, "arm": "A1M", "status": "ok", "error": null, "files": 1, "wall_s": 0.20125815199571662, "files_per_s": 4.96874283145203, "kib_per_file": 1536.0, "requests_per_file": 2, "round_trips_per_file": 1, "tail_hit": 1, "faststart": 0, "file_s_median": 0.11797519000538159}
probe-run lerobot/aloha_sim_insertion_scripted A3M 1 files ok 0.3s
{"repo": "lerobot/aloha_sim_insertion_scripted", "rep": 0, "order": 2, "arm": "A3M", "status": "ok", "error": null, "files": 1, "wall_s": 0.26893172999552917, "files_per_s": 3.718415822545835, "kib_per_file": 3584.0, "requests_per_file": 2, "round_trips_per_file": 1, "tail_hit": 1, "faststart": 0, "file_s_median": 0.17911024199565873}
probe-run lerobot/aloha_sim_insertion_scripted A1M-c32 1 files ok 0.2s
{"repo": "lerobot/aloha_sim_insertion_scripted", "rep": 0, "order": 3, "arm": "A1M-c32", "status": "ok", "error": null, "files": 1, "wall_s": 0.2009300760109909, "files_per_s": 4.976855729379706, "kib_per_file": 1536.0, "requests_per_file": 2, "round_trips_per_file": 1, "tail_hit": 1, "faststart": 0, "file_s_median": 0.12017207600001711}
probe-run lerobot/aloha_sim_insertion_scripted BASE 1 files ok 1.9s
{"repo": "lerobot/aloha_sim_insertion_scripted", "rep": 0, "order": 4, "arm": "BASE", "status": "ok", "error": null, "files": 1, "wall_s": 1.8521722910081735, "files_per_s": 0.5399065761078201, "kib_per_file": 127094.8818359375, "requests_per_file": 6, "round_trips_per_file": 6, "tail_hit": 0, "faststart": 0, "file_s_median": 1.7733496579894563}
probe-run lerobot/aloha_sim_insertion_scripted A1M 1 files ok 0.2s
{"repo": "lerobot/aloha_sim_insertion_scripted", "rep": 1, "order": 0, "arm": "A1M", "status": "ok", "error": null, "files": 1, "wall_s": 0.21683100299560465, "files_per_s": 4.611886613005571, "kib_per_file": 1536.0, "requests_per_file": 2, "round_trips_per_file": 1, "tail_hit": 1, "faststart": 0, "file_s_median": 0.13266282000404317}
probe-run lerobot/aloha_sim_insertion_scripted A3M 1 files ok 0.2s
{"repo": "lerobot/aloha_sim_insertion_scripted", "rep": 1, "order": 1, "arm": "A3M", "status": "ok", "error": null, "files": 1, "wall_s": 0.24725588799628895, "files_per_s": 4.044393070287608, "kib_per_file": 3584.0, "requests_per_file": 2, "round_trips_per_file": 1, "tail_hit": 1, "faststart": 0, "file_s_median": 0.1671796849987004}
probe-run lerobot/aloha_sim_insertion_scripted A1M-c32 1 files ok 0.2s
{"repo": "lerobot/aloha_sim_insertion_scripted", "rep": 1, "order": 2, "arm": "A1M-c32", "status": "ok", "error": null, "files": 1, "wall_s": 0.19783114700112492, "files_per_s": 5.054815761616717, "kib_per_file": 1536.0, "requests_per_file": 2, "round_trips_per_file": 1, "tail_hit": 1, "faststart": 0, "file_s_median": 0.12243379799474496}
probe-run lerobot/aloha_sim_insertion_scripted BASE 1 files ok 2.0s
{"repo": "lerobot/aloha_sim_insertion_scripted", "rep": 1, "order": 3, "arm": "BASE", "status": "ok", "error": null, "files": 1, "wall_s": 1.9862848479970125, "files_per_s": 0.5034524635318086, "kib_per_file": 127094.8818359375, "requests_per_file": 6, "round_trips_per_file": 6, "tail_hit": 0, "faststart": 0, "file_s_median": 1.905732015002286}
probe-run lerobot/aloha_sim_insertion_scripted PATCH 1 files ok 0.3s
{"repo": "lerobot/aloha_sim_insertion_scripted", "rep": 1, "order": 4, "arm": "PATCH", "status": "ok", "error": null, "files": 1, "wall_s": 0.26287158399645705, "files_per_s": 3.8041388300588546, "kib_per_file": 630.8818359375, "requests_per_file": 2, "round_trips_per_file": 2, "tail_hit": 0, "faststart": 0, "file_s_median": 0.17292393500974867}
probe-run lerobot/aloha_sim_insertion_scripted A3M 1 files ok 0.2s
{"repo": "lerobot/aloha_sim_insertion_scripted", "rep": 2, "order": 0, "arm": "A3M", "status": "ok", "error": null, "files": 1, "wall_s": 0.24267816000792664, "files_per_s": 4.120683954284707, "kib_per_file": 3584.0, "requests_per_file": 2, "round_trips_per_file": 1, "tail_hit": 1, "faststart": 0, "file_s_median": 0.15483234099519905}
probe-run lerobot/aloha_sim_insertion_scripted A1M-c32 1 files ok 0.2s
{"repo": "lerobot/aloha_sim_insertion_scripted", "rep": 2, "order": 1, "arm": "A1M-c32", "status": "ok", "error": null, "files": 1, "wall_s": 0.2386636709998129, "files_per_s": 4.189996725562744, "kib_per_file": 1536.0, "requests_per_file": 2, "round_trips_per_file": 1, "tail_hit": 1, "faststart": 0, "file_s_median": 0.14900744700571522}
probe-run lerobot/aloha_sim_insertion_scripted BASE 1 files ok 1.9s
{"repo": "lerobot/aloha_sim_insertion_scripted", "rep": 2, "order": 2, "arm": "BASE", "status": "ok", "error": null, "files": 1, "wall_s": 1.916598577008699, "files_per_s": 0.5217576658961807, "kib_per_file": 127094.8818359375, "requests_per_file": 6, "round_trips_per_file": 6, "tail_hit": 0, "faststart": 0, "file_s_median": 1.8448377769964281}
probe-run lerobot/aloha_sim_insertion_scripted PATCH 1 files ok 0.2s
{"repo": "lerobot/aloha_sim_insertion_scripted", "rep": 2, "order": 3, "arm": "PATCH", "status": "ok", "error": null, "files": 1, "wall_s": 0.24313056100800168, "files_per_s": 4.113016462653121, "kib_per_file": 630.8818359375, "requests_per_file": 2, "round_trips_per_file": 2, "tail_hit": 0, "faststart": 0, "file_s_median": 0.1662784880027175}
probe-run lerobot/aloha_sim_insertion_scripted A1M 1 files ok 0.2s
{"repo": "lerobot/aloha_sim_insertion_scripted", "rep": 2, "order": 4, "arm": "A1M", "status": "ok", "error": null, "files": 1, "wall_s": 0.19323252199683338, "files_per_s": 5.175112293035163, "kib_per_file": 1536.0, "requests_per_file": 2, "round_trips_per_file": 1, "tail_hit": 1, "faststart": 0, "file_s_median": 0.11826086899964139}
probe-run lerobot/aloha_sim_transfer_cube_human PATCH 1 files ok 0.8s
probe-run lerobot/aloha_sim_transfer_cube_human A1M 1 files ok 0.3s
probe-run lerobot/aloha_sim_transfer_cube_human BASE 1 files ok 3.4s
probe-run lerobot/aloha_sim_transfer_cube_human A1M 1 files ok 0.2s
{"repo": "lerobot/aloha_sim_transfer_cube_human", "rep": 0, "order": 0, "arm": "A1M", "status": "ok", "error": null, "files": 1, "wall_s": 0.18228749599074945, "files_per_s": 5.485839796991599, "kib_per_file": 1536.0, "requests_per_file": 2, "round_trips_per_file": 1, "tail_hit": 1, "faststart": 0, "file_s_median": 0.10518125299131498}
probe-run lerobot/aloha_sim_transfer_cube_human A3M 1 files ok 0.4s
{"repo": "lerobot/aloha_sim_transfer_cube_human", "rep": 0, "order": 1, "arm": "A3M", "status": "ok", "error": null, "files": 1, "wall_s": 0.3638931369932834, "files_per_s": 2.7480595217118853, "kib_per_file": 3584.0, "requests_per_file": 2, "round_trips_per_file": 1, "tail_hit": 1, "faststart": 0, "file_s_median": 0.2631213280110387}
probe-run lerobot/aloha_sim_transfer_cube_human A1M-c32 1 files ok 0.3s
{"repo": "lerobot/aloha_sim_transfer_cube_human", "rep": 0, "order": 2, "arm": "A1M-c32", "status": "ok", "error": null, "files": 1, "wall_s": 0.3447620770020876, "files_per_s": 2.900551037096649, "kib_per_file": 1536.0, "requests_per_file": 2, "round_trips_per_file": 1, "tail_hit": 1, "faststart": 0, "file_s_median": 0.2445735439978307}
probe-run lerobot/aloha_sim_transfer_cube_human BASE 1 files ok 1.9s
{"repo": "lerobot/aloha_sim_transfer_cube_human", "rep": 0, "order": 3, "arm": "BASE", "status": "ok", "error": null, "files": 1, "wall_s": 1.908476698998129, "files_per_s": 0.5239781028109792, "kib_per_file": 127094.8935546875, "requests_per_file": 6, "round_trips_per_file": 6, "tail_hit": 0, "faststart": 0, "file_s_median": 1.826268500997685}
probe-run lerobot/aloha_sim_transfer_cube_human PATCH 1 files ok 0.3s
{"repo": "lerobot/aloha_sim_transfer_cube_human", "rep": 0, "order": 4, "arm": "PATCH", "status": "ok", "error": null, "files": 1, "wall_s": 0.3242671799962409, "files_per_s": 3.0838766970237095, "kib_per_file": 630.8935546875, "requests_per_file": 2, "round_trips_per_file": 2, "tail_hit": 0, "faststart": 0, "file_s_median": 0.24587045899534132}
probe-run lerobot/aloha_sim_transfer_cube_human A3M 1 files ok 0.2s
{"repo": "lerobot/aloha_sim_transfer_cube_human", "rep": 1, "order": 0, "arm": "A3M", "status": "ok", "error": null, "files": 1, "wall_s": 0.2207058760104701, "files_per_s": 4.530916974555589, "kib_per_file": 3584.0, "requests_per_file": 2, "round_trips_per_file": 1, "tail_hit": 1, "faststart": 0, "file_s_median": 0.1290192529995693}
probe-run lerobot/aloha_sim_transfer_cube_human A1M-c32 1 files ok 0.2s
{"repo": "lerobot/aloha_sim_transfer_cube_human", "rep": 1, "order": 1, "arm": "A1M-c32", "status": "ok", "error": null, "files": 1, "wall_s": 0.20174231800774578, "files_per_s": 4.9568182316692, "kib_per_file": 1536.0, "requests_per_file": 2, "round_trips_per_file": 1, "tail_hit": 1, "faststart": 0, "file_s_median": 0.12342796400480438}
probe-run lerobot/aloha_sim_transfer_cube_human BASE 1 files ok 2.0s
{"repo": "lerobot/aloha_sim_transfer_cube_human", "rep": 1, "order": 2, "arm": "BASE", "status": "ok", "error": null, "files": 1, "wall_s": 1.9731190159945982, "files_per_s": 0.506811799944022, "kib_per_file": 127094.8935546875, "requests_per_file": 6, "round_trips_per_file": 6, "tail_hit": 0, "faststart": 0, "file_s_median": 1.8452537970006233}
probe-run lerobot/aloha_sim_transfer_cube_human PATCH 1 files ok 0.3s
{"repo": "lerobot/aloha_sim_transfer_cube_human", "rep": 1, "order": 3, "arm": "PATCH", "status": "ok", "error": null, "files": 1, "wall_s": 0.270799463003641, "files_per_s": 3.6927695088765913, "kib_per_file": 630.8935546875, "requests_per_file": 2, "round_trips_per_file": 2, "tail_hit": 0, "faststart": 0, "file_s_median": 0.19171020499197766}
probe-run lerobot/aloha_sim_transfer_cube_human A1M 1 files ok 0.3s
{"repo": "lerobot/aloha_sim_transfer_cube_human", "rep": 1, "order": 4, "arm": "A1M", "status": "ok", "error": null, "files": 1, "wall_s": 0.2727346920000855, "files_per_s": 3.666566921378988, "kib_per_file": 1536.0, "requests_per_file": 2, "round_trips_per_file": 1, "tail_hit": 1, "faststart": 0, "file_s_median": 0.1852560569968773}
probe-run lerobot/aloha_sim_transfer_cube_human A1M-c32 1 files ok 0.2s
{"repo": "lerobot/aloha_sim_transfer_cube_human", "rep": 2, "order": 0, "arm": "A1M-c32", "status": "ok", "error": null, "files": 1, "wall_s": 0.2250947140128119, "files_per_s": 4.4425743375878755, "kib_per_file": 1536.0, "requests_per_file": 2, "round_trips_per_file": 1, "tail_hit": 1, "faststart": 0, "file_s_median": 0.14091402900521643}
probe-run lerobot/aloha_sim_transfer_cube_human BASE 1 files ok 2.0s
{"repo": "lerobot/aloha_sim_transfer_cube_human", "rep": 2, "order": 1, "arm": "BASE", "status": "ok", "error": null, "files": 1, "wall_s": 2.0360954430070706, "files_per_s": 0.4911361122262123, "kib_per_file": 127094.8935546875, "requests_per_file": 6, "round_trips_per_file": 6, "tail_hit": 0, "faststart": 0, "file_s_median": 1.9515068430046085}
probe-run lerobot/aloha_sim_transfer_cube_human PATCH 1 files ok 0.3s
{"repo": "lerobot/aloha_sim_transfer_cube_human", "rep": 2, "order": 2, "arm": "PATCH", "status": "ok", "error": null, "files": 1, "wall_s": 0.2974353390018223, "files_per_s": 3.362075277792977, "kib_per_file": 630.8935546875, "requests_per_file": 2, "round_trips_per_file": 2, "tail_hit": 0, "faststart": 0, "file_s_median": 0.18992093100678176}
probe-run lerobot/aloha_sim_transfer_cube_human A1M 1 files ok 0.3s
{"repo": "lerobot/aloha_sim_transfer_cube_human", "rep": 2, "order": 3, "arm": "A1M", "status": "ok", "error": null, "files": 1, "wall_s": 0.3047974469955079, "files_per_s": 3.2808673755549465, "kib_per_file": 1536.0, "requests_per_file": 2, "round_trips_per_file": 1, "tail_hit": 1, "faststart": 0, "file_s_median": 0.21817473099508788}
probe-run lerobot/aloha_sim_transfer_cube_human A3M 1 files ok 0.2s
{"repo": "lerobot/aloha_sim_transfer_cube_human", "rep": 2, "order": 4, "arm": "A3M", "status": "ok", "error": null, "files": 1, "wall_s": 0.249731617004727, "files_per_s": 4.004298742762201, "kib_per_file": 3584.0, "requests_per_file": 2, "round_trips_per_file": 1, "tail_hit": 1, "faststart": 0, "file_s_median": 0.16670874299597926}
probe-run lerobot/droid_1.0.1 PATCH 8 files ok 1.6s
probe-run lerobot/droid_1.0.1 A1M 8 files ok 1.6s
probe-run lerobot/droid_1.0.1 BASE 8 files ok 1.5s
probe-run lerobot/droid_1.0.1 A3M 53 files ok 10.1s
{"repo": "lerobot/droid_1.0.1", "rep": 0, "order": 0, "arm": "A3M", "status": "ok", "error": null, "files": 53, "wall_s": 10.075862554993364, "files_per_s": 5.260095571047109, "kib_per_file": 3667.8319391214623, "requests_per_file": 2.811320754716981, "round_trips_per_file": 1.8113207547169812, "tail_hit": 6, "faststart": 47, "file_s_median": 2.456428285993752}
probe-run lerobot/droid_1.0.1 A1M-c32 53 files ok 8.8s
{"repo": "lerobot/droid_1.0.1", "rep": 0, "order": 1, "arm": "A1M-c32", "status": "ok", "error": null, "files": 53, "wall_s": 8.750810950994492, "files_per_s": 6.056581532478059, "kib_per_file": 1656.6402012087265, "requests_per_file": 2.7735849056603774, "round_trips_per_file": 1.7735849056603774, "tail_hit": 4, "faststart": 49, "file_s_median": 1.9259094989974983}
probe-run lerobot/droid_1.0.1 BASE 53 files ok 8.8s
{"repo": "lerobot/droid_1.0.1", "rep": 0, "order": 2, "arm": "BASE", "status": "ok", "error": null, "files": 53, "wall_s": 8.833011925991741, "files_per_s": 6.000218322364525, "kib_per_file": 4096.0, "requests_per_file": 1, "round_trips_per_file": 1, "tail_hit": 0, "faststart": 53, "file_s_median": 2.3758964559965534}
probe-run lerobot/droid_1.0.1 PATCH 53 files ok 6.6s
{"repo": "lerobot/droid_1.0.1", "rep": 0, "order": 3, "arm": "PATCH", "status": "ok", "error": null, "files": 53, "wall_s": 6.556874355010223, "files_per_s": 8.083119658912143, "kib_per_file": 656.4609375, "requests_per_file": 1.8679245283018868, "round_trips_per_file": 1.8679245283018868, "tail_hit": 0, "faststart": 51, "file_s_median": 1.5893620559945703}
probe-run lerobot/droid_1.0.1 A1M 53 files ok 6.8s
{"repo": "lerobot/droid_1.0.1", "rep": 0, "order": 4, "arm": "A1M", "status": "ok", "error": null, "files": 53, "wall_s": 6.803644619998522, "files_per_s": 7.78994244411483, "kib_per_file": 1610.8671137971698, "requests_per_file": 2.830188679245283, "round_trips_per_file": 1.830188679245283, "tail_hit": 5, "faststart": 48, "file_s_median": 1.5441329040040728}
probe-run lerobot/droid_1.0.1 A1M-c32 53 files ok 7.2s
{"repo": "lerobot/droid_1.0.1", "rep": 1, "order": 0, "arm": "A1M-c32", "status": "ok", "error": null, "files": 53, "wall_s": 7.213363764007227, "files_per_s": 7.3474736245045555, "kib_per_file": 1650.639243071934, "requests_per_file": 2.9245283018867925, "round_trips_per_file": 1.9245283018867925, "tail_hit": 1, "faststart": 52, "file_s_median": 1.6944171139912214}
probe-run lerobot/droid_1.0.1 BASE 53 files ok 11.2s
{"repo": "lerobot/droid_1.0.1", "rep": 1, "order": 1, "arm": "BASE", "status": "ok", "error": null, "files": 53, "wall_s": 11.1649972749874, "files_per_s": 4.746978319352954, "kib_per_file": 11094.396465949292, "requests_per_file": 1.2830188679245282, "round_trips_per_file": 1.2830188679245282, "tail_hit": 0, "faststart": 50, "file_s_median": 1.9081347239989555}
probe-run lerobot/droid_1.0.1 PATCH 53 files ok 7.4s
{"repo": "lerobot/droid_1.0.1", "rep": 1, "order": 2, "arm": "PATCH", "status": "ok", "error": null, "files": 53, "wall_s": 7.353147963993251, "files_per_s": 7.2077972943736945, "kib_per_file": 664.0084389740566, "requests_per_file": 1.9811320754716981, "round_trips_per_file": 1.9811320754716981, "tail_hit": 0, "faststart": 51, "file_s_median": 1.5265684259939007}
probe-run lerobot/droid_1.0.1 A1M 53 files ok 8.1s
{"repo": "lerobot/droid_1.0.1", "rep": 1, "order": 3, "arm": "A1M", "status": "ok", "error": null, "files": 53, "wall_s": 8.07001640299859, "files_per_s": 6.567520727753006, "kib_per_file": 1648.012824292453, "requests_per_file": 2.830188679245283, "round_trips_per_file": 1.830188679245283, "tail_hit": 2, "faststart": 51, "file_s_median": 1.8789614429988433}
probe-run lerobot/droid_1.0.1 A3M 53 files ok 9.6s
{"repo": "lerobot/droid_1.0.1", "rep": 1, "order": 4, "arm": "A3M", "status": "ok", "error": null, "files": 53, "wall_s": 9.627030524992733, "files_per_s": 5.505332081622335, "kib_per_file": 3690.5241929540093, "requests_per_file": 2.849056603773585, "round_trips_per_file": 1.849056603773585, "tail_hit": 4, "faststart": 49, "file_s_median": 2.3979355720075546}
probe-run lerobot/droid_1.0.1 BASE 53 files ok 13.6s
{"repo": "lerobot/droid_1.0.1", "rep": 2, "order": 0, "arm": "BASE", "status": "ok", "error": null, "files": 53, "wall_s": 13.635361694003223, "files_per_s": 3.8869522634892175, "kib_per_file": 13429.327756485849, "requests_per_file": 1.3773584905660377, "round_trips_per_file": 1.3773584905660377, "tail_hit": 0, "faststart": 49, "file_s_median": 2.345855653999024}
probe-run lerobot/droid_1.0.1 PATCH 53 files ok 7.5s
{"repo": "lerobot/droid_1.0.1", "rep": 2, "order": 1, "arm": "PATCH", "status": "ok", "error": null, "files": 53, "wall_s": 7.465998494997621, "files_per_s": 7.098849542430411, "kib_per_file": 663.0731500589623, "requests_per_file": 1.9056603773584906, "round_trips_per_file": 1.9056603773584906, "tail_hit": 0, "faststart": 49, "file_s_median": 1.5982686880015535}
probe-run lerobot/droid_1.0.1 A1M 53 files ok 8.5s
{"repo": "lerobot/droid_1.0.1", "rep": 2, "order": 2, "arm": "A1M", "status": "ok", "error": null, "files": 53, "wall_s": 8.459410312992986, "files_per_s": 6.265212117515589, "kib_per_file": 1652.927365860849, "requests_per_file": 2.8679245283018866, "round_trips_per_file": 1.8679245283018868, "tail_hit": 3, "faststart": 50, "file_s_median": 1.9201322440057993}
probe-run lerobot/droid_1.0.1 A3M 53 files ok 9.5s
{"repo": "lerobot/droid_1.0.1", "rep": 2, "order": 3, "arm": "A3M", "status": "ok", "error": null, "files": 53, "wall_s": 9.473549361995538, "files_per_s": 5.5945240769649525, "kib_per_file": 3696.074089770047, "requests_per_file": 2.849056603773585, "round_trips_per_file": 1.849056603773585, "tail_hit": 2, "faststart": 51, "file_s_median": 2.328993808987434}
probe-run lerobot/droid_1.0.1 A1M-c32 53 files ok 8.2s
{"repo": "lerobot/droid_1.0.1", "rep": 2, "order": 4, "arm": "A1M-c32", "status": "ok", "error": null, "files": 53, "wall_s": 8.191795416001696, "files_per_s": 6.4698881391093845, "kib_per_file": 1655.8014814268868, "requests_per_file": 2.943396226415094, "round_trips_per_file": 1.9433962264150944, "tail_hit": 2, "faststart": 51, "file_s_median": 1.8614672999974573}
probe-run lerobot/pusht PATCH 1 files ok 0.5s
probe-run lerobot/pusht A1M 1 files ok 0.3s
probe-run lerobot/pusht BASE 1 files ok 0.5s
probe-run lerobot/pusht A1M-c32 1 files ok 0.2s
{"repo": "lerobot/pusht", "rep": 0, "order": 0, "arm": "A1M-c32", "status": "ok", "error": null, "files": 1, "wall_s": 0.22736156098835636, "files_per_s": 4.398280851226263, "kib_per_file": 1536.0, "requests_per_file": 2, "round_trips_per_file": 1, "tail_hit": 1, "faststart": 0, "file_s_median": 0.12405135299195535}
probe-run lerobot/pusht BASE 1 files ok 0.4s
{"repo": "lerobot/pusht", "rep": 0, "order": 1, "arm": "BASE", "status": "ok", "error": null, "files": 1, "wall_s": 0.4005486149981152, "files_per_s": 2.496575852608317, "kib_per_file": 10825.462890625, "requests_per_file": 2, "round_trips_per_file": 2, "tail_hit": 0, "faststart": 0, "file_s_median": 0.32533696900645737}
probe-run lerobot/pusht PATCH 1 files ok 0.4s
{"repo": "lerobot/pusht", "rep": 0, "order": 2, "arm": "PATCH", "status": "ok", "error": null, "files": 1, "wall_s": 0.42411256200284697, "files_per_s": 2.357864608578341, "kib_per_file": 663.353515625, "requests_per_file": 2, "round_trips_per_file": 2, "tail_hit": 0, "faststart": 0, "file_s_median": 0.23818599700462073}
probe-run lerobot/pusht A1M 1 files ok 0.2s
{"repo": "lerobot/pusht", "rep": 0, "order": 3, "arm": "A1M", "status": "ok", "error": null, "files": 1, "wall_s": 0.21950022099190392, "files_per_s": 4.555804069267357, "kib_per_file": 1536.0, "requests_per_file": 2, "round_trips_per_file": 1, "tail_hit": 1, "faststart": 0, "file_s_median": 0.14231512098922394}
probe-run lerobot/pusht A3M 1 files ok 0.2s
{"repo": "lerobot/pusht", "rep": 0, "order": 4, "arm": "A3M", "status": "ok", "error": null, "files": 1, "wall_s": 0.23877621500287205, "files_per_s": 4.188021826160415, "kib_per_file": 3584.0, "requests_per_file": 2, "round_trips_per_file": 1, "tail_hit": 1, "faststart": 0, "file_s_median": 0.15915201399184298}
probe-run lerobot/pusht BASE 1 files ok 0.4s
{"repo": "lerobot/pusht", "rep": 1, "order": 0, "arm": "BASE", "status": "ok", "error": null, "files": 1, "wall_s": 0.4399197080056183, "files_per_s": 2.2731420797979545, "kib_per_file": 10825.462890625, "requests_per_file": 2, "round_trips_per_file": 2, "tail_hit": 0, "faststart": 0, "file_s_median": 0.35734000299999025}
probe-run lerobot/pusht PATCH 1 files ok 0.3s
{"repo": "lerobot/pusht", "rep": 1, "order": 1, "arm": "PATCH", "status": "ok", "error": null, "files": 1, "wall_s": 0.31412438199913595, "files_per_s": 3.183452343418381, "kib_per_file": 663.353515625, "requests_per_file": 2, "round_trips_per_file": 2, "tail_hit": 0, "faststart": 0, "file_s_median": 0.23083897899778094}
probe-run lerobot/pusht A1M 1 files ok 0.3s
{"repo": "lerobot/pusht", "rep": 1, "order": 2, "arm": "A1M", "status": "ok", "error": null, "files": 1, "wall_s": 0.2544757819996448, "files_per_s": 3.929647026298934, "kib_per_file": 1536.0, "requests_per_file": 2, "round_trips_per_file": 1, "tail_hit": 1, "faststart": 0, "file_s_median": 0.16332088800845668}
probe-run lerobot/pusht A3M 1 files ok 0.2s
{"repo": "lerobot/pusht", "rep": 1, "order": 3, "arm": "A3M", "status": "ok", "error": null, "files": 1, "wall_s": 0.231466500001261, "files_per_s": 4.320279608472726, "kib_per_file": 3584.0, "requests_per_file": 2, "round_trips_per_file": 1, "tail_hit": 1, "faststart": 0, "file_s_median": 0.14773278999200556}
probe-run lerobot/pusht A1M-c32 1 files ok 0.2s
{"repo": "lerobot/pusht", "rep": 1, "order": 4, "arm": "A1M-c32", "status": "ok", "error": null, "files": 1, "wall_s": 0.23169847899407614, "files_per_s": 4.315954098367504, "kib_per_file": 1536.0, "requests_per_file": 2, "round_trips_per_file": 1, "tail_hit": 1, "faststart": 0, "file_s_median": 0.15250836400082335}
probe-run lerobot/pusht PATCH 1 files ok 0.3s
{"repo": "lerobot/pusht", "rep": 2, "order": 0, "arm": "PATCH", "status": "ok", "error": null, "files": 1, "wall_s": 0.3217140430060681, "files_per_s": 3.108350479997972, "kib_per_file": 663.353515625, "requests_per_file": 2, "round_trips_per_file": 2, "tail_hit": 0, "faststart": 0, "file_s_median": 0.1875347870081896}
probe-run lerobot/pusht A1M 1 files ok 0.2s
{"repo": "lerobot/pusht", "rep": 2, "order": 1, "arm": "A1M", "status": "ok", "error": null, "files": 1, "wall_s": 0.21536462499352638, "files_per_s": 4.643288098173314, "kib_per_file": 1536.0, "requests_per_file": 2, "round_trips_per_file": 1, "tail_hit": 1, "faststart": 0, "file_s_median": 0.12335913299466483}
probe-run lerobot/pusht A3M 1 files ok 0.2s
{"repo": "lerobot/pusht", "rep": 2, "order": 2, "arm": "A3M", "status": "ok", "error": null, "files": 1, "wall_s": 0.2070142360025784, "files_per_s": 4.830585660725018, "kib_per_file": 3584.0, "requests_per_file": 2, "round_trips_per_file": 1, "tail_hit": 1, "faststart": 0, "file_s_median": 0.12503572298737708}
probe-run lerobot/pusht A1M-c32 1 files ok 0.2s
{"repo": "lerobot/pusht", "rep": 2, "order": 3, "arm": "A1M-c32", "status": "ok", "error": null, "files": 1, "wall_s": 0.24478302299394272, "files_per_s": 4.085250634496599, "kib_per_file": 1536.0, "requests_per_file": 2, "round_trips_per_file": 1, "tail_hit": 1, "faststart": 0, "file_s_median": 0.16251475500757806}
probe-run lerobot/pusht BASE 1 files ok 0.4s
{"repo": "lerobot/pusht", "rep": 2, "order": 4, "arm": "BASE", "status": "ok", "error": null, "files": 1, "wall_s": 0.3701853060047142, "files_per_s": 2.7013497936821547, "kib_per_file": 10825.462890625, "requests_per_file": 2, "round_trips_per_file": 2, "tail_hit": 0, "faststart": 0, "file_s_median": 0.29297929200401995}
probe-run yaak-ai/L2D PATCH 8 files ok 1.3s
probe-run yaak-ai/L2D A1M 8 files ok 1.1s
probe-run yaak-ai/L2D BASE 8 files ok 1.2s
probe-run yaak-ai/L2D BASE 128 files ok 7.8s
{"repo": "yaak-ai/L2D", "rep": 0, "order": 0, "arm": "BASE", "status": "ok", "error": null, "files": 128, "wall_s": 7.777175259994692, "files_per_s": 16.458417834354854, "kib_per_file": 4096.0, "requests_per_file": 1, "round_trips_per_file": 1, "tail_hit": 0, "faststart": 128, "file_s_median": 0.7738415909989271}
probe-run yaak-ai/L2D PATCH 128 files ok 5.4s
{"repo": "yaak-ai/L2D", "rep": 0, "order": 1, "arm": "PATCH", "status": "ok", "error": null, "files": 128, "wall_s": 5.40388317599718, "files_per_s": 23.68667046107638, "kib_per_file": 520.1555404663086, "requests_per_file": 1.0078125, "round_trips_per_file": 1.0078125, "tail_hit": 0, "faststart": 128, "file_s_median": 0.4661052914962056}
probe-run yaak-ai/L2D A1M 128 files ok 8.3s
{"repo": "yaak-ai/L2D", "rep": 0, "order": 2, "arm": "A1M", "status": "ok", "error": null, "files": 128, "wall_s": 8.308514854012174, "files_per_s": 15.405882067863057, "kib_per_file": 1536.0, "requests_per_file": 2, "round_trips_per_file": 1, "tail_hit": 0, "faststart": 128, "file_s_median": 0.8218677184995613}
probe-run yaak-ai/L2D A3M 128 files ok 10.0s
{"repo": "yaak-ai/L2D", "rep": 0, "order": 3, "arm": "A3M", "status": "ok", "error": null, "files": 128, "wall_s": 9.951615709011094, "files_per_s": 12.862233002435696, "kib_per_file": 3600.504684448242, "requests_per_file": 2.015625, "round_trips_per_file": 1.015625, "tail_hit": 0, "faststart": 128, "file_s_median": 0.9289695554980426}
probe-run yaak-ai/L2D A1M-c32 128 files ok 7.1s
{"repo": "yaak-ai/L2D", "rep": 0, "order": 4, "arm": "A1M-c32", "status": "ok", "error": null, "files": 128, "wall_s": 7.119779352011392, "files_per_s": 17.978085228700103, "kib_per_file": 1536.0, "requests_per_file": 2, "round_trips_per_file": 1, "tail_hit": 0, "faststart": 128, "file_s_median": 0.6324890245014103}
probe-run yaak-ai/L2D PATCH 128 files ok 5.3s
{"repo": "yaak-ai/L2D", "rep": 1, "order": 0, "arm": "PATCH", "status": "ok", "error": null, "files": 128, "wall_s": 5.342549139997573, "files_per_s": 23.958600407006863, "kib_per_file": 520.1558151245117, "requests_per_file": 1.0078125, "round_trips_per_file": 1.0078125, "tail_hit": 0, "faststart": 128, "file_s_median": 0.4721010049979668}
probe-run yaak-ai/L2D A1M 128 files ok 8.1s
{"repo": "yaak-ai/L2D", "rep": 1, "order": 1, "arm": "A1M", "status": "ok", "error": null, "files": 128, "wall_s": 8.06934890699631, "files_per_s": 15.862494170876793, "kib_per_file": 1536.0, "requests_per_file": 2, "round_trips_per_file": 1, "tail_hit": 0, "faststart": 128, "file_s_median": 0.7833862399929785}
probe-run yaak-ai/L2D A3M 128 files ok 8.5s
{"repo": "yaak-ai/L2D", "rep": 1, "order": 2, "arm": "A3M", "status": "ok", "error": null, "files": 128, "wall_s": 8.545462550988304, "files_per_s": 14.978709371934054, "kib_per_file": 3584.0, "requests_per_file": 2, "round_trips_per_file": 1, "tail_hit": 0, "faststart": 128, "file_s_median": 0.8304149475006852}
probe-run yaak-ai/L2D A1M-c32 128 files ok 6.6s
{"repo": "yaak-ai/L2D", "rep": 1, "order": 3, "arm": "A1M-c32", "status": "ok", "error": null, "files": 128, "wall_s": 6.625156601003255, "files_per_s": 19.320298025954106, "kib_per_file": 1544.9546737670898, "requests_per_file": 2.0078125, "round_trips_per_file": 1.0078125, "tail_hit": 0, "faststart": 128, "file_s_median": 0.616026512994722}
probe-run yaak-ai/L2D BASE 128 files ok 8.0s
{"repo": "yaak-ai/L2D", "rep": 1, "order": 4, "arm": "BASE", "status": "ok", "error": null, "files": 128, "wall_s": 7.953238747999421, "files_per_s": 16.09407237173629, "kib_per_file": 4096.0, "requests_per_file": 1, "round_trips_per_file": 1, "tail_hit": 0, "faststart": 128, "file_s_median": 0.7825496385048609}
probe-run yaak-ai/L2D A1M 128 files ok 8.1s
{"repo": "yaak-ai/L2D", "rep": 2, "order": 0, "arm": "A1M", "status": "ok", "error": null, "files": 128, "wall_s": 8.129470684012631, "files_per_s": 15.745182555578193, "kib_per_file": 1536.0, "requests_per_file": 2, "round_trips_per_file": 1, "tail_hit": 0, "faststart": 128, "file_s_median": 0.7658547235041624}
probe-run yaak-ai/L2D A3M 128 files ok 9.8s
{"repo": "yaak-ai/L2D", "rep": 2, "order": 1, "arm": "A3M", "status": "ok", "error": null, "files": 128, "wall_s": 9.791266492000432, "files_per_s": 13.072874699567961, "kib_per_file": 3600.434524536133, "requests_per_file": 2.015625, "round_trips_per_file": 1.015625, "tail_hit": 0, "faststart": 128, "file_s_median": 0.9545457065032679}
probe-run yaak-ai/L2D A1M-c32 128 files ok 6.4s
{"repo": "yaak-ai/L2D", "rep": 2, "order": 2, "arm": "A1M-c32", "status": "ok", "error": null, "files": 128, "wall_s": 6.388723701005802, "files_per_s": 20.035300631305823, "kib_per_file": 1536.0, "requests_per_file": 2, "round_trips_per_file": 1, "tail_hit": 0, "faststart": 128, "file_s_median": 0.6002945069994894}
probe-run yaak-ai/L2D BASE 128 files ok 9.2s
{"repo": "yaak-ai/L2D", "rep": 2, "order": 3, "arm": "BASE", "status": "ok", "error": null, "files": 128, "wall_s": 9.190384119996452, "files_per_s": 13.927600667038215, "kib_per_file": 4096.0, "requests_per_file": 1, "round_trips_per_file": 1, "tail_hit": 0, "faststart": 128, "file_s_median": 0.9413559310050914}
probe-run yaak-ai/L2D PATCH 128 files ok 4.5s
{"repo": "yaak-ai/L2D", "rep": 2, "order": 4, "arm": "PATCH", "status": "ok", "error": null, "files": 128, "wall_s": 4.48495539301075, "files_per_s": 28.539860217890283, "kib_per_file": 512.0, "requests_per_file": 1, "round_trips_per_file": 1, "tail_hit": 0, "faststart": 128, "file_s_median": 0.40895410249504494}
probe-run zekaiwang/trex_dataset PATCH 8 files ok 1.5s
probe-run zekaiwang/trex_dataset A1M 8 files ok 1.2s
probe-run zekaiwang/trex_dataset BASE 8 files ok 0.9s
probe-run zekaiwang/trex_dataset PATCH 128 files ok 7.6s
{"repo": "zekaiwang/trex_dataset", "rep": 0, "order": 0, "arm": "PATCH", "status": "ok", "error": null, "files": 128, "wall_s": 7.604775546002202, "files_per_s": 16.83152898145548, "kib_per_file": 545.7504043579102, "requests_per_file": 1.0234375, "round_trips_per_file": 1.0234375, "tail_hit": 0, "faststart": 127, "file_s_median": 0.7848756884995964}
probe-run zekaiwang/trex_dataset A1M 128 files ok 11.9s
{"repo": "zekaiwang/trex_dataset", "rep": 0, "order": 1, "arm": "A1M", "status": "ok", "error": null, "files": 128, "wall_s": 11.911756936999154, "files_per_s": 10.745686020709398, "kib_per_file": 1573.8276062011719, "requests_per_file": 2.0234375, "round_trips_per_file": 1.0234375, "tail_hit": 0, "faststart": 128, "file_s_median": 1.2392383885016898}
probe-run zekaiwang/trex_dataset A3M 128 files ok 12.5s
{"repo": "zekaiwang/trex_dataset", "rep": 0, "order": 2, "arm": "A3M", "status": "ok", "error": null, "files": 128, "wall_s": 12.492296805998194, "files_per_s": 10.246314347777954, "kib_per_file": 3603.905303955078, "requests_per_file": 2.015625, "round_trips_per_file": 1.015625, "tail_hit": 0, "faststart": 128, "file_s_median": 1.293398462003097}
probe-run zekaiwang/trex_dataset A1M-c32 128 files ok 8.3s
{"repo": "zekaiwang/trex_dataset", "rep": 0, "order": 3, "arm": "A1M-c32", "status": "ok", "error": null, "files": 128, "wall_s": 8.342480902996613, "files_per_s": 15.34315768754382, "kib_per_file": 1558.5735168457031, "requests_per_file": 2.015625, "round_trips_per_file": 1.015625, "tail_hit": 0, "faststart": 128, "file_s_median": 0.7899867454980267}
probe-run zekaiwang/trex_dataset BASE 128 files ok 10.1s
{"repo": "zekaiwang/trex_dataset", "rep": 0, "order": 4, "arm": "BASE", "status": "ok", "error": null, "files": 128, "wall_s": 10.101698874001158, "files_per_s": 12.67113597391374, "kib_per_file": 6016.374069213867, "requests_per_file": 1.078125, "round_trips_per_file": 1.078125, "tail_hit": 0, "faststart": 126, "file_s_median": 0.8752219104935648}
probe-run zekaiwang/trex_dataset A1M 128 files ok 11.1s
{"repo": "zekaiwang/trex_dataset", "rep": 1, "order": 0, "arm": "A1M", "status": "ok", "error": null, "files": 128, "wall_s": 11.12985446600942, "files_per_s": 11.500599616186543, "kib_per_file": 1536.0, "requests_per_file": 2, "round_trips_per_file": 1, "tail_hit": 1, "faststart": 127, "file_s_median": 1.1690563559968723}
probe-run zekaiwang/trex_dataset A3M 128 files ok 11.6s
{"repo": "zekaiwang/trex_dataset", "rep": 1, "order": 1, "arm": "A3M", "status": "ok", "error": null, "files": 128, "wall_s": 11.567970302989124, "files_per_s": 11.065035321444872, "kib_per_file": 3584.0, "requests_per_file": 2, "round_trips_per_file": 1, "tail_hit": 0, "faststart": 128, "file_s_median": 1.1908002339987434}
probe-run zekaiwang/trex_dataset A1M-c32 128 files ok 8.6s
{"repo": "zekaiwang/trex_dataset", "rep": 1, "order": 2, "arm": "A1M-c32", "status": "ok", "error": null, "files": 128, "wall_s": 8.645673372011515, "files_per_s": 14.80509319428746, "kib_per_file": 1583.0547485351562, "requests_per_file": 2.015625, "round_trips_per_file": 1.015625, "tail_hit": 0, "faststart": 128, "file_s_median": 0.7653273010000703}
probe-run zekaiwang/trex_dataset BASE 128 files ok 9.3s
{"repo": "zekaiwang/trex_dataset", "rep": 1, "order": 3, "arm": "BASE", "status": "ok", "error": null, "files": 128, "wall_s": 9.291032498993445, "files_per_s": 13.776725031783823, "kib_per_file": 4096.0, "requests_per_file": 1, "round_trips_per_file": 1, "tail_hit": 0, "faststart": 128, "file_s_median": 0.8790824765019352}
probe-run zekaiwang/trex_dataset PATCH 128 files ok 8.4s
{"repo": "zekaiwang/trex_dataset", "rep": 1, "order": 4, "arm": "PATCH", "status": "ok", "error": null, "files": 128, "wall_s": 8.384933904002537, "files_per_s": 15.26547513259459, "kib_per_file": 576.0914001464844, "requests_per_file": 1.0234375, "round_trips_per_file": 1.0234375, "tail_hit": 0, "faststart": 128, "file_s_median": 0.7737727645071573}
probe-run zekaiwang/trex_dataset A3M 128 files ok 12.3s
{"repo": "zekaiwang/trex_dataset", "rep": 2, "order": 0, "arm": "A3M", "status": "ok", "error": null, "files": 128, "wall_s": 12.26554918999318, "files_per_s": 10.435733289825171, "kib_per_file": 3591.3216247558594, "requests_per_file": 2.0078125, "round_trips_per_file": 1.0078125, "tail_hit": 0, "faststart": 128, "file_s_median": 1.2644818275002763}
probe-run zekaiwang/trex_dataset A1M-c32 128 files ok 7.1s
{"repo": "zekaiwang/trex_dataset", "rep": 2, "order": 1, "arm": "A1M-c32", "status": "ok", "error": null, "files": 128, "wall_s": 7.094914763001725, "files_per_s": 18.04109059456066, "kib_per_file": 1536.0, "requests_per_file": 2, "round_trips_per_file": 1, "tail_hit": 0, "faststart": 128, "file_s_median": 0.6922017190008773}
probe-run zekaiwang/trex_dataset BASE 128 files ok 8.3s
{"repo": "zekaiwang/trex_dataset", "rep": 2, "order": 2, "arm": "BASE", "status": "ok", "error": null, "files": 128, "wall_s": 8.339494670988643, "files_per_s": 15.348651812835282, "kib_per_file": 4096.0, "requests_per_file": 1, "round_trips_per_file": 1, "tail_hit": 0, "faststart": 128, "file_s_median": 0.8373392009889358}
probe-run zekaiwang/trex_dataset PATCH 128 files ok 7.3s
{"repo": "zekaiwang/trex_dataset", "rep": 2, "order": 3, "arm": "PATCH", "status": "ok", "error": null, "files": 128, "wall_s": 7.264354416009155, "files_per_s": 17.620285667493604, "kib_per_file": 524.4917907714844, "requests_per_file": 1.0078125, "round_trips_per_file": 1.0078125, "tail_hit": 0, "faststart": 128, "file_s_median": 0.7061373680044198}
probe-run zekaiwang/trex_dataset A1M 128 files ok 11.4s
{"repo": "zekaiwang/trex_dataset", "rep": 2, "order": 4, "arm": "A1M", "status": "ok", "error": null, "files": 128, "wall_s": 11.445237182997516, "files_per_s": 11.18369134281905, "kib_per_file": 1562.2737121582031, "requests_per_file": 2.015625, "round_trips_per_file": 1.015625, "tail_hit": 0, "faststart": 128, "file_s_median": 1.1068615640033386}
