== DATA-11 ab2 job ab2-20261002-j2 start 2026-10-02T16:25:25Z SMOKE=0 host=j-hadriencornier-6abfdaeefbc85ba682371f7c-tbxqkwlw-80c15-989wx
HF_TOKEN present (value not shown); results -> dataset hadriencornier/lerobot-data11-bench:results/ab2-20261002-j2
attempt marker attempts/6abfdaeefbc85ba682371f7c recorded
system ffmpeg: ffmpeg version 7.1.5-0+deb13u1 Copyright (c) 2000-2026 the FFmpeg developers
== stage system_deps: ok (36s, cgroup peak 835 MB)
bundle checksums OK
== stage bundle: ok (0s, cgroup peak 835 MB)

[notice] A new release of pip is available: 25.0.1 -> 26.2.1
[notice] To update, run: pip install --upgrade pip
patching file src/lerobot/streaming/manifest.py
patching file src/lerobot/streaming/mp4.py
patching file tests/datasets/test_episode_video_streaming.py
patching file src/lerobot/datasets/streaming_dataset.py
patching file tests/datasets/test_streaming_production.py
Using Python 3.12.15 environment at: /work/venv_base
base venv /work/venv_base/lib/python3.12/site-packages/lerobot/__init__.py 2.11.0+cpu 0.11.1+cpu probe_patch False tfx_patch False
Using Python 3.12.15 environment at: /work/venv_probe
probe venv /work/venv_probe/lib/python3.12/site-packages/lerobot/__init__.py 2.11.0+cpu 0.11.1+cpu probe_patch True tfx_patch False
Using Python 3.12.15 environment at: /work/venv_tfx
tfx venv /work/venv_tfx/lib/python3.12/site-packages/lerobot/__init__.py 2.11.0+cpu 0.11.1+cpu probe_patch False tfx_patch True
== stage python_env: ok (84s, cgroup peak 3816 MB)
uploaded results/ab2-20261002-j2 (setup done)
== stage ab2 start 2026-10-02T16:27:28Z
[16:27:41] eq BASE@default: ok 7.9s
[16:27:46] eq PROBE@64K: ok 5.4s
[16:27:52] eq PROBE@256K: ok 5.3s
[16:27:59] eq PROBE@default: ok 5.6s
[16:28:12] probe PROBE@256K r0: ok 23.1 files/s 86 MB reads 1.17 non-faststart 0
[16:28:26] probe PROBE@default r0: ok 23.7 files/s 157 MB reads 1.01 non-faststart 0
[16:28:48] probe BASE@default r0: ok 13.7 files/s 1258 MB reads 1.00 non-faststart 0
[16:29:03] probe PROBE@64K r0: ok 21.6 files/s 55 MB reads 1.99 non-faststart 1
[16:29:15] probe PROBE@default r1: ok 25.1 files/s 157 MB reads 1.01 non-faststart 0
[16:29:37] probe BASE@default r1: ok 14.3 files/s 1258 MB reads 1.00 non-faststart 0
[16:29:51] probe PROBE@64K r1: ok 22.1 files/s 55 MB reads 1.98 non-faststart 0
[16:30:04] probe PROBE@256K r1: ok 24.5 files/s 84 MB reads 1.13 non-faststart 0
[16:30:27] probe BASE@default r2: ok 13.2 files/s 1275 MB reads 1.01 non-faststart 2
[16:30:42] probe PROBE@64K r2: ok 21.0 files/s 57 MB reads 1.98 non-faststart 1
[16:30:56] probe PROBE@256K r2: ok 22.6 files/s 87 MB reads 1.18 non-faststart 0
[16:31:09] probe PROBE@default r2: ok 24.3 files/s 157 MB reads 1.00 non-faststart 0
