== DATA-11 ab2 job ab2-20261002-j4 start 2026-10-02T16:25:41Z SMOKE=0 host=j-hadriencornier-6abfdaf1404719ba37625985-l4cw19pc-6489c-q5zkf
HF_TOKEN present (value not shown); results -> dataset hadriencornier/lerobot-data11-bench:results/ab2-20261002-j4
attempt marker attempts/6abfdaf1404719ba37625985 recorded
system ffmpeg: ffmpeg version 7.1.5-0+deb13u1 Copyright (c) 2000-2026 the FFmpeg developers
== stage system_deps: ok (38s, cgroup peak 835 MB)
bundle checksums OK
== stage bundle: ok (1s, cgroup peak 835 MB)

[notice] A new release of pip is available: 25.0.1 -> 26.2.1
[notice] To update, run: pip install --upgrade pip
patching file src/lerobot/streaming/manifest.py
patching file src/lerobot/streaming/mp4.py
patching file tests/datasets/test_episode_video_streaming.py
patching file src/lerobot/datasets/streaming_dataset.py
patching file tests/datasets/test_streaming_production.py
Using Python 3.12.15 environment at: /work/venv_base
base venv /work/venv_base/lib/python3.12/site-packages/lerobot/__init__.py 2.11.0+cpu 0.11.1+cpu probe_patch False tfx_patch False
Using Python 3.12.15 environment at: /work/venv_probe
probe venv /work/venv_probe/lib/python3.12/site-packages/lerobot/__init__.py 2.11.0+cpu 0.11.1+cpu probe_patch True tfx_patch False
Using Python 3.12.15 environment at: /work/venv_tfx
tfx venv /work/venv_tfx/lib/python3.12/site-packages/lerobot/__init__.py 2.11.0+cpu 0.11.1+cpu probe_patch False tfx_patch True
== stage python_env: ok (81s, cgroup peak 3820 MB)
uploaded results/ab2-20261002-j4 (setup done)
== stage ab2 start 2026-10-02T16:27:44Z
[16:27:55] eq BASE@default: ok 8.6s
[16:28:02] eq PROBE@64K: ok 6.0s
[16:28:08] eq PROBE@256K: ok 4.9s
[16:28:14] eq PROBE@default: ok 5.4s
[16:28:38] probe BASE@default r0: ok 12.8 files/s 1258 MB reads 1.00 non-faststart 0
[16:28:52] probe PROBE@64K r0: ok 22.2 files/s 54 MB reads 1.99 non-faststart 0
[16:29:05] probe PROBE@256K r0: ok 24.7 files/s 86 MB reads 1.17 non-faststart 1
[16:29:18] probe PROBE@default r0: ok 23.9 files/s 157 MB reads 1.01 non-faststart 0
[16:29:33] probe PROBE@64K r1: ok 21.1 files/s 55 MB reads 1.99 non-faststart 0
[16:29:46] probe PROBE@256K r1: ok 24.5 files/s 86 MB reads 1.14 non-faststart 1
[16:29:58] probe PROBE@default r1: ok 24.8 files/s 157 MB reads 1.02 non-faststart 1
[16:30:21] probe BASE@default r1: ok 14.0 files/s 1258 MB reads 1.00 non-faststart 0
[16:30:34] probe PROBE@256K r2: ok 23.4 files/s 85 MB reads 1.16 non-faststart 0
[16:30:47] probe PROBE@default r2: ok 24.5 files/s 157 MB reads 1.02 non-faststart 1
[16:31:10] probe BASE@default r2: ok 13.4 files/s 1257 MB reads 1.00 non-faststart 1
[16:31:25] probe PROBE@64K r2: ok 20.8 files/s 57 MB reads 1.99 non-faststart 0
