loader: 20 cells x 3 layouts x 2 repeats
[24s] r0 SEP   thrash all r0.05(C=7) W8 warm: 825 sps +-40, hit 0.043, opens/smp 2.87, cpu 7.73ms, rd 0.0kB, 15 blk ci, warm 4.9s, wait p95 215ms, rss 1028MB, cg 18866MB
[43s] r0 STACK thrash all r0.05(C=7) W8 warm: 1110 sps +-55, hit 0.148, opens/smp 0.85, cpu 5.10ms, rd 0.0kB, 19 blk ci, warm 1.3s, wait p95 176ms, rss 1436MB, cg 19499MB
[73s] r0 BIG   thrash all r0.05(C=7) W8 warm: 697 sps +-34, hit 0.124, opens/smp 2.63, cpu 8.52ms, rd 0.0kB, 19 blk ci, warm 1.9s, wait p95 258ms, rss 1734MB, cg 20722MB
[87s] r0 BIG   thrash all r0.22(C=32) W8 warm: 965 sps +-47, hit 0.627, opens/smp 1.12, cpu 6.34ms, rd 0.0kB, 11 blk ci, warm 1.6s, wait p95 178ms, rss 1014MB, cg 17635MB
[97s] r0 STACK thrash all r0.22(C=32) W8 warm: 1193 sps +-55, hit 0.662, opens/smp 0.34, cpu 4.39ms, rd 0.0kB, 9 blk ci, warm 1.6s, wait p95 148ms, rss 571MB, cg 15306MB
[128s] r0 SEP   thrash all r0.22(C=32) W8 warm: 709 sps +-35, hit 0.210, opens/smp 2.37, cpu 7.60ms, rd 0.0kB, 20 blk ci, warm 1.9s, wait p95 302ms, rss 1447MB, cg 19632MB
[145s] r0 SEP   thrash all r1.0(C=144) W8 warm: 1023 sps +-51, hit 1.000, opens/smp 0.00, cpu 4.62ms, rd 0.0kB, 13 blk ci, warm 3.7s, wait p95 200ms, rss 788MB, cg 16546MB
[171s] r0 STACK thrash all r1.0(C=144) W8 warm: 1162 sps +-71, hit 1.000, opens/smp 0.00, cpu 3.95ms, rd 0.0kB, 25 blk max_blocks, warm 2.8s, wait p95 162ms, rss 429MB, cg 14310MB
[198s] r0 BIG   thrash all r1.0(C=144) W8 warm: 1044 sps +-68, hit 1.000, opens/smp 0.00, cpu 4.32ms, rd 0.0kB, 25 blk max_blocks, warm 2.2s, wait p95 194ms, rss 392MB, cg 14236MB
[228s] r0 BIG   ckpt_full all c1(C=1) W8 warm: 240 sps +-12, hit 0.000, opens/smp 3.00, cpu 20.81ms, rd 0.0kB, 6 blk ci, warm 3.4s, wait p95 1005ms, rss 420MB, cg 14077MB
[260s] r0 STACK ckpt_full all c1(C=1) W8 warm: 906 sps +-53, hit 0.333, opens/smp 0.67, cpu 5.83ms, rd 0.0kB, 25 blk max_blocks, warm 2.8s, wait p95 205ms, rss 463MB, cg 14309MB
[292s] r0 SEP   ckpt_full all c1(C=1) W8 warm: 414 sps +-34, hit 0.000, opens/smp 3.00, cpu 12.23ms, rd 0.0kB, 12 blk time_cap, warm 1.9s, wait p95 538ms, rss 412MB, cg 14211MB
[317s] r0 SEP   ckpt_full all call(C=9) W8 warm: 1141 sps +-76, hit 1.000, opens/smp 0.00, cpu 4.52ms, rd 0.0kB, 25 blk max_blocks, warm 1.6s, wait p95 159ms, rss 378MB, cg 14040MB
[324s] r0 STACK ckpt_full all call(C=9) W8 warm: 1263 sps +-59, hit 1.000, opens/smp 0.00, cpu 4.15ms, rd 0.0kB, 7 blk ci, warm 1.2s, wait p95 122ms, rss 357MB, cg 13862MB
[331s] r0 BIG   ckpt_full all call(C=9) W8 warm: 907 sps +-40, hit 1.000, opens/smp 0.00, cpu 4.39ms, rd 0.0kB, 5 blk ci, warm 1.3s, wait p95 206ms, rss 364MB, cg 13994MB
[348s] r0 BIG   thrash top r0.05(C=7) W8 warm: 1626 sps +-119, hit 0.440, opens/smp 0.56, cpu 2.87ms, rd 0.0kB, 25 blk max_blocks, warm 1.0s, wait p95 121ms, rss 609MB, cg 15076MB
[375s] r0 STACK thrash top r0.05(C=7) W8 warm: 1054 sps +-64, hit 0.151, opens/smp 0.85, cpu 5.19ms, rd 0.0kB, 25 blk max_blocks, warm 1.4s, wait p95 195ms, rss 1131MB, cg 15646MB
[395s] r0 SEP   thrash top r0.05(C=7) W8 warm: 1411 sps +-74, hit 0.148, opens/smp 0.85, cpu 3.27ms, rd 0.0kB, 25 blk max_blocks, warm 1.4s, wait p95 139ms, rss 1184MB, cg 16494MB
[410s] r0 SEP   thrash top r0.22(C=32) W8 warm: 1898 sps +-118, hit 0.671, opens/smp 0.33, cpu 2.54ms, rd 0.0kB, 25 blk max_blocks, warm 1.5s, wait p95 88ms, rss 962MB, cg 17229MB
[434s] r0 STACK thrash top r0.22(C=32) W8 warm: 1195 sps +-73, hit 0.674, opens/smp 0.33, cpu 4.36ms, rd 0.0kB, 25 blk max_blocks, warm 1.7s, wait p95 187ms, rss 884MB, cg 16130MB
[446s] r0 BIG   thrash top r0.22(C=32) W8 warm: 2233 sps +-111, hit 1.000, opens/smp 0.00, cpu 1.92ms, rd 0.0kB, 23 blk ci, warm 1.1s, wait p95 79ms, rss 653MB, cg 14373MB
[459s] r0 BIG   thrash top r1.0(C=144) W8 warm: 2282 sps +-126, hit 1.000, opens/smp 0.00, cpu 1.80ms, rd 0.0kB, 25 blk max_blocks, warm 1.4s, wait p95 79ms, rss 660MB, cg 14378MB
[481s] r0 STACK thrash top r1.0(C=144) W8 warm: 1367 sps +-102, hit 1.000, opens/smp 0.00, cpu 3.71ms, rd 0.0kB, 25 blk max_blocks, warm 2.4s, wait p95 152ms, rss 601MB, cg 14686MB
[495s] r0 SEP   thrash top r1.0(C=144) W8 warm: 2316 sps +-152, hit 1.000, opens/smp 0.00, cpu 1.85ms, rd 0.0kB, 25 blk max_blocks, warm 1.9s, wait p95 77ms, rss 660MB, cg 14927MB
[516s] r0 SEP   ckpt_full top c1(C=1) W8 warm: 1315 sps +-71, hit 0.331, opens/smp 0.67, cpu 3.84ms, rd 0.0kB, 25 blk max_blocks, warm 1.2s, wait p95 142ms, rss 894MB, cg 14989MB
[524s] r0 STACK ckpt_full top c1(C=1) W8 warm: 733 sps +-32, hit 0.342, opens/smp 0.66, cpu 5.66ms, rd 0.0kB, 4 blk ci, warm 1.7s, wait p95 365ms, rss 503MB, cg 14250MB
[537s] r0 BIG   ckpt_full top c1(C=1) W8 warm: 2239 sps +-157, hit 1.000, opens/smp 0.00, cpu 1.86ms, rd 0.0kB, 25 blk max_blocks, warm 1.0s, wait p95 81ms, rss 568MB, cg 14422MB
[549s] r0 BIG   ckpt_full top call(C=9) W8 warm: 2208 sps +-107, hit 1.000, opens/smp 0.00, cpu 1.85ms, rd 0.0kB, 25 blk ci, warm 0.8s, wait p95 80ms, rss 568MB, cg 14429MB
[570s] r0 STACK ckpt_full top call(C=9) W8 warm: 1366 sps +-90, hit 1.000, opens/smp 0.00, cpu 3.88ms, rd 0.0kB, 25 blk max_blocks, warm 1.3s, wait p95 160ms, rss 534MB, cg 14258MB
[583s] r0 SEP   ckpt_full top call(C=9) W8 warm: 2263 sps +-147, hit 1.000, opens/smp 0.00, cpu 1.83ms, rd 0.0kB, 25 blk max_blocks, warm 1.1s, wait p95 84ms, rss 553MB, cg 14325MB
[599s] r0 SEP   thrash all r0.05(C=7) W8 cold: 317 sps +-13, hit 0.043, opens/smp 2.87, cpu 10.45ms, rd 166.3kB, 4 blk ci, warm 2.6s, wait p95 436ms, rss 548MB, cg 13954MB
[621s] r0 STACK thrash all r0.05(C=7) W8 cold: 537 sps +-25, hit 0.145, opens/smp 0.85, cpu 6.06ms, rd 53.6kB, 10 blk ci, warm 2.4s, wait p95 428ms, rss 851MB, cg 14288MB
[655s] r0 BIG   thrash all r0.05(C=7) W8 cold: 328 sps +-20, hit 0.127, opens/smp 2.62, cpu 10.26ms, rd 164.0kB, 10 blk time_cap, warm 2.7s, wait p95 655ms, rss 1156MB, cg 15172MB
[692s] r0 BIG   thrash all r0.22(C=32) W8 cold: 419 sps +-31, hit 0.628, opens/smp 1.12, cpu 7.33ms, rd 153.0kB, 13 blk time_cap, warm 3.9s, wait p95 533ms, rss 1242MB, cg 15793MB
[725s] r0 STACK thrash all r0.22(C=32) W8 cold: 639 sps +-34, hit 0.668, opens/smp 0.33, cpu 5.07ms, rd 50.2kB, 19 blk time_cap, warm 2.7s, wait p95 328ms, rss 902MB, cg 14578MB
[761s] r0 SEP   thrash all r0.22(C=32) W8 cold: 346 sps +-20, hit 0.213, opens/smp 2.36, cpu 9.52ms, rd 162.3kB, 11 blk time_cap, warm 3.0s, wait p95 703ms, rss 1245MB, cg 16174MB
[800s] r0 SEP   thrash all r1.0(C=144) W8 cold: 566 sps +-30, hit 1.000, opens/smp 0.00, cpu 5.31ms, rd 113.1kB, 17 blk time_cap, warm 6.9s, wait p95 389ms, rss 873MB, cg 15237MB
[814s] r0 STACK thrash all r1.0(C=144) W8 cold: 738 sps +-33, hit 1.000, opens/smp 0.00, cpu 4.18ms, rd 37.3kB, 7 blk ci, warm 3.8s, wait p95 300ms, rss 496MB, cg 12774MB
[837s] r0 BIG   thrash all r1.0(C=144) W8 cold: 573 sps +-27, hit 1.000, opens/smp 0.00, cpu 5.32ms, rd 111.1kB, 11 blk ci, warm 2.9s, wait p95 326ms, rss 606MB, cg 12765MB
[873s] r0 BIG   ckpt_full all c1(C=1) W8 cold: 196 sps +-17, hit 0.000, opens/smp 3.00, cpu 21.47ms, rd 137.8kB, 6 blk time_cap, warm 4.2s, wait p95 1062ms, rss 439MB, cg 11671MB
[890s] r0 STACK ckpt_full all c1(C=1) W8 cold: 610 sps +-28, hit 0.340, opens/smp 0.66, cpu 6.15ms, rd 41.0kB, 8 blk ci, warm 3.6s, wait p95 367ms, rss 449MB, cg 11143MB
[925s] r0 SEP   ckpt_full all c1(C=1) W8 cold: 298 sps +-31, hit 0.000, opens/smp 3.00, cpu 13.69ms, rd 130.8kB, 9 blk time_cap, warm 3.6s, wait p95 846ms, rss 441MB, cg 10577MB
[949s] r0 SEP   ckpt_full all call(C=9) W8 cold: 625 sps +-29, hit 1.000, opens/smp 0.00, cpu 5.06ms, rd 111.0kB, 13 blk ci, warm 2.6s, wait p95 343ms, rss 445MB, cg 10670MB
[957s] r0 STACK ckpt_full all call(C=9) W8 cold: 846 sps +-42, hit 1.000, opens/smp 0.00, cpu 4.19ms, rd 37.1kB, 5 blk ci, warm 1.8s, wait p95 261ms, rss 438MB, cg 10562MB
[971s] r0 BIG   ckpt_full all call(C=9) W8 cold: 641 sps +-31, hit 1.000, opens/smp 0.00, cpu 5.13ms, rd 110.8kB, 7 blk ci, warm 1.8s, wait p95 288ms, rss 441MB, cg 10507MB
[991s] r0 BIG   thrash top r0.05(C=7) W8 cold: 1050 sps +-52, hit 0.442, opens/smp 0.56, cpu 3.28ms, rd 42.8kB, 19 blk ci, warm 1.5s, wait p95 224ms, rss 703MB, cg 10978MB
[1024s] r0 STACK thrash top r0.05(C=7) W8 cold: 670 sps +-41, hit 0.145, opens/smp 0.85, cpu 5.52ms, rd 50.6kB, 20 blk time_cap, warm 1.7s, wait p95 317ms, rss 895MB, cg 11479MB
[1044s] r0 SEP   thrash top r0.05(C=7) W8 cold: 1000 sps +-46, hit 0.143, opens/smp 0.86, cpu 3.60ms, rd 43.5kB, 17 blk ci, warm 1.7s, wait p95 185ms, rss 745MB, cg 11324MB
[1062s] r0 SEP   thrash top r0.22(C=32) W8 cold: 1114 sps +-53, hit 0.665, opens/smp 0.33, cpu 3.02ms, rd 43.3kB, 18 blk ci, warm 1.7s, wait p95 157ms, rss 873MB, cg 12672MB
[1079s] r0 STACK thrash top r0.22(C=32) W8 cold: 853 sps +-43, hit 0.665, opens/smp 0.33, cpu 4.72ms, rd 47.6kB, 12 blk ci, warm 2.0s, wait p95 237ms, rss 652MB, cg 11524MB
[1092s] r0 BIG   thrash top r0.22(C=32) W8 cold: 1547 sps +-73, hit 1.000, opens/smp 0.00, cpu 2.16ms, rd 37.2kB, 16 blk ci, warm 1.8s, wait p95 136ms, rss 460MB, cg 10570MB
[1101s] r0 BIG   thrash top r1.0(C=144) W8 cold: 1386 sps +-67, hit 1.000, opens/smp 0.00, cpu 2.16ms, rd 37.1kB, 10 blk ci, warm 1.5s, wait p95 150ms, rss 460MB, cg 10553MB
[1122s] r0 STACK thrash top r1.0(C=144) W8 cold: 927 sps +-44, hit 1.000, opens/smp 0.00, cpu 3.90ms, rd 37.4kB, 15 blk ci, warm 3.8s, wait p95 197ms, rss 525MB, cg 10967MB
[1140s] r0 SEP   thrash top r1.0(C=144) W8 cold: 1542 sps +-76, hit 1.000, opens/smp 0.00, cpu 2.14ms, rd 37.5kB, 24 blk ci, warm 2.2s, wait p95 129ms, rss 623MB, cg 11195MB
[1161s] r0 SEP   ckpt_full top c1(C=1) W8 cold: 924 sps +-44, hit 0.340, opens/smp 0.66, cpu 4.30ms, rd 39.5kB, 17 blk ci, warm 1.3s, wait p95 219ms, rss 472MB, cg 10464MB
[1192s] r0 STACK ckpt_full top c1(C=1) W8 cold: 615 sps +-30, hit 0.337, opens/smp 0.66, cpu 5.87ms, rd 40.8kB, 17 blk ci, warm 2.2s, wait p95 369ms, rss 472MB, cg 10531MB
[1204s] r0 BIG   ckpt_full top c1(C=1) W8 cold: 1435 sps +-72, hit 1.000, opens/smp 0.00, cpu 1.99ms, rd 37.0kB, 15 blk ci, warm 1.3s, wait p95 141ms, rss 448MB, cg 10464MB
[1212s] r0 BIG   ckpt_full top call(C=9) W8 cold: 1416 sps +-67, hit 1.000, opens/smp 0.00, cpu 2.12ms, rd 36.9kB, 9 blk ci, warm 1.0s, wait p95 104ms, rss 448MB, cg 10444MB
[1241s] r0 STACK ckpt_full top call(C=9) W8 cold: 964 sps +-54, hit 1.000, opens/smp 0.00, cpu 3.99ms, rd 37.0kB, 25 blk max_blocks, warm 1.7s, wait p95 215ms, rss 452MB, cg 10440MB
[1259s] r0 SEP   ckpt_full top call(C=9) W8 cold: 1500 sps +-73, hit 1.000, opens/smp 0.00, cpu 2.05ms, rd 36.9kB, 24 blk ci, warm 1.3s, wait p95 128ms, rss 448MB, cg 10451MB
[1294s] r1 BIG   thrash all r0.05(C=7) W8 warm: 505 sps +-36, hit 0.128, opens/smp 2.61, cpu 8.65ms, rd 0.0kB, 15 blk time_cap, warm 2.2s, wait p95 367ms, rss 1275MB, cg 13837MB
[1327s] r1 STACK thrash all r0.05(C=7) W8 warm: 942 sps +-56, hit 0.149, opens/smp 0.85, cpu 5.34ms, rd 0.0kB, 25 blk max_blocks, warm 1.7s, wait p95 203ms, rss 1504MB, cg 16671MB
[1358s] r1 SEP   thrash all r0.05(C=7) W8 warm: 610 sps +-29, hit 0.043, opens/smp 2.87, cpu 8.82ms, rd 0.0kB, 16 blk ci, warm 1.8s, wait p95 355ms, rss 1441MB, cg 17835MB
[1391s] r1 SEP   thrash all r0.22(C=32) W8 warm: 616 sps +-42, hit 0.211, opens/smp 2.37, cpu 8.08ms, rd 0.0kB, 18 blk time_cap, warm 2.2s, wait p95 348ms, rss 1813MB, cg 19243MB
[1419s] r1 STACK thrash all r0.22(C=32) W8 warm: 979 sps +-48, hit 0.668, opens/smp 0.33, cpu 4.52ms, rd 0.0kB, 24 blk ci, warm 1.9s, wait p95 203ms, rss 1233MB, cg 16110MB
[1452s] r1 BIG   thrash all r0.22(C=32) W8 warm: 713 sps +-42, hit 0.628, opens/smp 1.12, cpu 6.54ms, rd 0.0kB, 21 blk time_cap, warm 2.2s, wait p95 253ms, rss 1481MB, cg 16681MB
[1481s] r1 BIG   thrash all r1.0(C=144) W8 warm: 859 sps +-43, hit 1.000, opens/smp 0.00, cpu 4.35ms, rd 0.0kB, 22 blk ci, warm 2.4s, wait p95 198ms, rss 1156MB, cg 15479MB
[1512s] r1 STACK thrash all r1.0(C=144) W8 warm: 992 sps +-73, hit 1.000, opens/smp 0.00, cpu 3.88ms, rd 0.0kB, 25 blk max_blocks, warm 3.3s, wait p95 199ms, rss 614MB, cg 13872MB
[1546s] r1 SEP   thrash all r1.0(C=144) W8 warm: 884 sps +-57, hit 1.000, opens/smp 0.00, cpu 4.47ms, rd 0.0kB, 25 blk max_blocks, warm 3.9s, wait p95 231ms, rss 1373MB, cg 18074MB
[1581s] r1 SEP   ckpt_full all c1(C=1) W8 warm: 397 sps +-27, hit 0.000, opens/smp 3.00, cpu 12.33ms, rd 0.0kB, 12 blk time_cap, warm 2.1s, wait p95 510ms, rss 704MB, cg 14256MB
[1614s] r1 STACK ckpt_full all c1(C=1) W8 warm: 838 sps +-41, hit 0.336, opens/smp 0.66, cpu 5.92ms, rd 0.0kB, 23 blk ci, warm 1.6s, wait p95 228ms, rss 580MB, cg 14784MB
[1649s] r1 BIG   ckpt_full all c1(C=1) W8 warm: 274 sps +-21, hit 0.000, opens/smp 3.00, cpu 20.37ms, rd 0.0kB, 8 blk time_cap, warm 3.0s, wait p95 629ms, rss 539MB, cg 15190MB
[1674s] r1 BIG   ckpt_full all call(C=9) W8 warm: 1134 sps +-55, hit 1.000, opens/smp 0.00, cpu 4.47ms, rd 0.0kB, 24 blk ci, warm 2.8s, wait p95 161ms, rss 539MB, cg 15275MB
[1700s] r1 STACK ckpt_full all call(C=9) W8 warm: 1089 sps +-92, hit 1.000, opens/smp 0.00, cpu 3.99ms, rd 0.0kB, 25 blk max_blocks, warm 1.2s, wait p95 168ms, rss 537MB, cg 15267MB
[1707s] r1 SEP   ckpt_full all call(C=9) W8 warm: 791 sps +-33, hit 1.000, opens/smp 0.00, cpu 4.23ms, rd 0.0kB, 4 blk ci, warm 1.7s, wait p95 247ms, rss 542MB, cg 15334MB
[1725s] r1 SEP   thrash top r0.05(C=7) W8 warm: 1239 sps +-61, hit 0.145, opens/smp 0.85, cpu 2.83ms, rd 0.0kB, 19 blk ci, warm 1.2s, wait p95 144ms, rss 726MB, cg 15934MB
[1747s] r1 STACK thrash top r0.05(C=7) W8 warm: 1039 sps +-52, hit 0.147, opens/smp 0.85, cpu 4.98ms, rd 0.0kB, 20 blk ci, warm 1.7s, wait p95 193ms, rss 884MB, cg 16269MB
[1756s] r1 BIG   thrash top r0.05(C=7) W8 warm: 1756 sps +-85, hit 0.438, opens/smp 0.56, cpu 2.91ms, rd 0.0kB, 14 blk ci, warm 1.4s, wait p95 107ms, rss 669MB, cg 15776MB
[1767s] r1 BIG   thrash top r0.22(C=32) W8 warm: 2621 sps +-129, hit 1.000, opens/smp 0.00, cpu 1.85ms, rd 0.0kB, 24 blk ci, warm 1.1s, wait p95 66ms, rss 637MB, cg 15706MB
[1789s] r1 STACK thrash top r0.22(C=32) W8 warm: 1221 sps +-59, hit 0.672, opens/smp 0.33, cpu 4.34ms, rd 0.0kB, 24 blk ci, warm 1.3s, wait p95 162ms, rss 1094MB, cg 16794MB
[1805s] r1 SEP   thrash top r0.22(C=32) W8 warm: 1944 sps +-109, hit 0.666, opens/smp 0.33, cpu 2.44ms, rd 0.0kB, 25 blk max_blocks, warm 1.7s, wait p95 97ms, rss 1121MB, cg 17382MB
[1819s] r1 SEP   thrash top r1.0(C=144) W8 warm: 2234 sps +-137, hit 1.000, opens/smp 0.00, cpu 2.03ms, rd 0.0kB, 25 blk max_blocks, warm 1.9s, wait p95 75ms, rss 918MB, cg 16287MB
[1845s] r1 STACK thrash top r1.0(C=144) W8 warm: 1134 sps +-98, hit 1.000, opens/smp 0.00, cpu 3.66ms, rd 0.0kB, 25 blk max_blocks, warm 2.2s, wait p95 175ms, rss 989MB, cg 16228MB
[1859s] r1 BIG   thrash top r1.0(C=144) W8 warm: 2081 sps +-130, hit 1.000, opens/smp 0.00, cpu 1.82ms, rd 0.0kB, 25 blk max_blocks, warm 1.1s, wait p95 87ms, rss 881MB, cg 15909MB
[1874s] r1 BIG   ckpt_full top c1(C=1) W8 warm: 1895 sps +-99, hit 1.000, opens/smp 0.00, cpu 1.95ms, rd 0.0kB, 25 blk max_blocks, warm 1.2s, wait p95 106ms, rss 750MB, cg 15554MB
[1907s] r1 STACK ckpt_full top c1(C=1) W8 warm: 700 sps +-42, hit 0.340, opens/smp 0.66, cpu 5.59ms, rd 0.0kB, 21 blk time_cap, warm 1.3s, wait p95 289ms, rss 886MB, cg 15956MB
[1929s] r1 SEP   ckpt_full top c1(C=1) W8 warm: 1148 sps +-55, hit 0.333, opens/smp 0.67, cpu 3.55ms, rd 0.0kB, 23 blk ci, warm 1.9s, wait p95 179ms, rss 973MB, cg 16168MB
[1942s] r1 SEP   ckpt_full top call(C=9) W8 warm: 2287 sps +-137, hit 1.000, opens/smp 0.00, cpu 1.82ms, rd 0.0kB, 25 blk max_blocks, warm 1.2s, wait p95 78ms, rss 861MB, cg 16055MB
[1964s] r1 STACK ckpt_full top call(C=9) W8 warm: 1305 sps +-85, hit 1.000, opens/smp 0.00, cpu 3.57ms, rd 0.0kB, 25 blk max_blocks, warm 1.3s, wait p95 155ms, rss 890MB, cg 15995MB
[1978s] r1 BIG   ckpt_full top call(C=9) W8 warm: 2032 sps +-116, hit 1.000, opens/smp 0.00, cpu 1.87ms, rd 0.0kB, 25 blk max_blocks, warm 1.1s, wait p95 84ms, rss 863MB, cg 16052MB
[2003s] r1 BIG   thrash all r0.05(C=7) W8 cold: 320 sps +-13, hit 0.125, opens/smp 2.63, cpu 9.94ms, rd 165.0kB, 7 blk ci, warm 2.4s, wait p95 758ms, rss 1157MB, cg 16570MB
[2038s] r1 STACK thrash all r0.05(C=7) W8 cold: 618 sps +-33, hit 0.145, opens/smp 0.86, cpu 5.77ms, rd 51.7kB, 19 blk time_cap, warm 3.0s, wait p95 349ms, rss 1596MB, cg 17824MB
[2063s] r1 SEP   thrash all r0.05(C=7) W8 cold: 335 sps +-16, hit 0.038, opens/smp 2.88, cpu 10.06ms, rd 162.0kB, 7 blk ci, warm 2.9s, wait p95 671ms, rss 1450MB, cg 16955MB
[2081s] r1 SEP   thrash all r0.22(C=32) W8 cold: 356 sps +-15, hit 0.221, opens/smp 2.34, cpu 9.53ms, rd 159.4kB, 5 blk ci, warm 3.4s, wait p95 689ms, rss 1462MB, cg 17544MB
[2098s] r1 STACK thrash all r0.22(C=32) W8 cold: 736 sps +-35, hit 0.666, opens/smp 0.33, cpu 4.83ms, rd 48.7kB, 10 blk ci, warm 3.2s, wait p95 284ms, rss 915MB, cg 15410MB
[2115s] r1 BIG   thrash all r0.22(C=32) W8 cold: 437 sps +-21, hit 0.625, opens/smp 1.13, cpu 7.50ms, rd 151.4kB, 6 blk ci, warm 2.7s, wait p95 388ms, rss 1070MB, cg 15614MB
[2137s] r1 BIG   thrash all r1.0(C=144) W8 cold: 593 sps +-29, hit 1.000, opens/smp 0.00, cpu 5.47ms, rd 111.2kB, 10 blk ci, warm 3.7s, wait p95 363ms, rss 1062MB, cg 14693MB
[2167s] r1 STACK thrash all r1.0(C=144) W8 cold: 749 sps +-37, hit 1.000, opens/smp 0.00, cpu 4.21ms, rd 37.4kB, 19 blk ci, warm 4.2s, wait p95 268ms, rss 659MB, cg 14024MB
[2200s] r1 SEP   thrash all r1.0(C=144) W8 cold: 545 sps +-26, hit 1.000, opens/smp 0.00, cpu 5.39ms, rd 112.9kB, 14 blk ci, warm 6.0s, wait p95 394ms, rss 1416MB, cg 16577MB
[2227s] r1 SEP   ckpt_full all c1(C=1) W8 cold: 271 sps +-12, hit 0.000, opens/smp 3.00, cpu 14.72ms, rd 131.9kB, 6 blk ci, warm 3.6s, wait p95 708ms, rss 593MB, cg 12962MB
[2260s] r1 STACK ckpt_full all c1(C=1) W8 cold: 578 sps +-27, hit 0.335, opens/smp 0.66, cpu 6.19ms, rd 40.9kB, 17 blk ci, warm 2.7s, wait p95 329ms, rss 610MB, cg 12426MB
[2301s] r1 BIG   ckpt_full all c1(C=1) W8 cold: 186 sps +-35, hit 0.000, opens/smp 3.00, cpu 22.59ms, rd 137.8kB, 6 blk time_cap, warm 5.8s, wait p95 1264ms, rss 591MB, cg 11807MB
[2325s] r1 BIG   ckpt_full all call(C=9) W8 cold: 576 sps +-27, hit 1.000, opens/smp 0.00, cpu 5.31ms, rd 110.8kB, 12 blk ci, warm 2.7s, wait p95 297ms, rss 592MB, cg 11698MB
[2344s] r1 STACK ckpt_full all call(C=9) W8 cold: 729 sps +-34, hit 1.000, opens/smp 0.00, cpu 4.37ms, rd 37.2kB, 12 blk ci, warm 2.0s, wait p95 246ms, rss 591MB, cg 11817MB
[2366s] r1 SEP   ckpt_full all call(C=9) W8 cold: 572 sps +-28, hit 1.000, opens/smp 0.00, cpu 5.30ms, rd 110.7kB, 11 blk ci, warm 2.1s, wait p95 417ms, rss 595MB, cg 11777MB
[2385s] r1 SEP   thrash top r0.05(C=7) W8 cold: 950 sps +-46, hit 0.149, opens/smp 0.85, cpu 3.43ms, rd 43.9kB, 15 blk ci, warm 2.0s, wait p95 220ms, rss 695MB, cg 11950MB
[2405s] r1 STACK thrash top r0.05(C=7) W8 cold: 656 sps +-30, hit 0.146, opens/smp 0.85, cpu 5.46ms, rd 50.9kB, 12 blk ci, warm 1.6s, wait p95 370ms, rss 634MB, cg 11949MB
[2421s] r1 BIG   thrash top r0.05(C=7) W8 cold: 1028 sps +-50, hit 0.438, opens/smp 0.56, cpu 3.29ms, rd 42.9kB, 14 blk ci, warm 1.6s, wait p95 155ms, rss 783MB, cg 12152MB
[2438s] r1 BIG   thrash top r0.22(C=32) W8 cold: 1493 sps +-74, hit 1.000, opens/smp 0.00, cpu 2.10ms, rd 37.2kB, 21 blk ci, warm 1.9s, wait p95 130ms, rss 849MB, cg 12304MB
[2471s] r1 STACK thrash top r0.22(C=32) W8 cold: 784 sps +-39, hit 0.667, opens/smp 0.33, cpu 4.86ms, rd 48.2kB, 23 blk ci, warm 2.0s, wait p95 302ms, rss 890MB, cg 12966MB
[2487s] r1 SEP   thrash top r0.22(C=32) W8 cold: 1111 sps +-52, hit 0.666, opens/smp 0.33, cpu 3.07ms, rd 43.0kB, 15 blk ci, warm 1.9s, wait p95 186ms, rss 850MB, cg 12898MB
[2501s] r1 SEP   thrash top r1.0(C=144) W8 cold: 1470 sps +-73, hit 1.000, opens/smp 0.00, cpu 2.23ms, rd 37.6kB, 16 blk ci, warm 2.7s, wait p95 148ms, rss 742MB, cg 12204MB
[2533s] r1 STACK thrash top r1.0(C=144) W8 cold: 876 sps +-43, hit 1.000, opens/smp 0.00, cpu 3.92ms, rd 37.3kB, 24 blk ci, warm 3.4s, wait p95 225ms, rss 741MB, cg 12411MB
[2543s] r1 BIG   thrash top r1.0(C=144) W8 cold: 1385 sps +-67, hit 1.000, opens/smp 0.00, cpu 2.13ms, rd 37.1kB, 12 blk ci, warm 1.4s, wait p95 112ms, rss 701MB, cg 11931MB
[2561s] r1 BIG   ckpt_full top c1(C=1) W8 cold: 1360 sps +-67, hit 1.000, opens/smp 0.00, cpu 2.16ms, rd 36.8kB, 22 blk ci, warm 1.1s, wait p95 154ms, rss 616MB, cg 11652MB
[2578s] r1 STACK ckpt_full top c1(C=1) W8 cold: 617 sps +-27, hit 0.324, opens/smp 0.68, cpu 5.98ms, rd 40.6kB, 9 blk ci, warm 1.7s, wait p95 380ms, rss 616MB, cg 11747MB
[2600s] r1 SEP   ckpt_full top c1(C=1) W8 cold: 838 sps +-42, hit 0.332, opens/smp 0.67, cpu 4.09ms, rd 39.9kB, 16 blk ci, warm 1.7s, wait p95 278ms, rss 807MB, cg 12011MB
[2621s] r1 SEP   ckpt_full top call(C=9) W8 cold: 1346 sps +-78, hit 1.000, opens/smp 0.00, cpu 2.24ms, rd 37.0kB, 25 blk max_blocks, warm 1.5s, wait p95 161ms, rss 896MB, cg 12126MB
[2633s] r1 STACK ckpt_full top call(C=9) W8 cold: 913 sps +-46, hit 1.000, opens/smp 0.00, cpu 4.05ms, rd 37.1kB, 9 blk ci, warm 1.4s, wait p95 252ms, rss 685MB, cg 11827MB
[2637s] r1 BIG   ckpt_full top call(C=9) W8 cold: 1558 sps +-75, hit 1.000, opens/smp 0.00, cpu 2.07ms, rd 36.8kB, 4 blk ci, warm 1.3s, wait p95 137ms, rss 628MB, cg 11724MB
loader done in 2639s, 120 runs, 0 errors
