# DATA-11 benchmark model (EXTRAPOLATED from a scaled-down benchmark)

## Open-cost fits (ms per miss = construct + close + extra first-frame decode)

| layout | state | a ms | b us/frame | F range |
|---|---|---|---|---|
| SEP | warm | 1.021 | 0.0614 | [967.3333333333334, 24706] |
| STACK | warm | 1.389 | 0.0667 | [967.3333333333334, 24706] |
| BIG | warm | 1.095 | 0.0669 | [2902, 74118] |
| SEP+BIG | warm | 1.028 | 0.0674 | [967.3333333333334, 74118] |
| SEP | cold | 2.475 | 0.0978 | [967.3333333333334, 24706] |
| STACK | cold | 2.183 | 0.0986 | [967.3333333333334, 24706] |
| BIG | cold | 2.641 | 0.0779 | [2902, 74118] |
| SEP+BIG | cold | 2.611 | 0.0796 | [967.3333333333334, 74118] |

## Thrash sweep fits (worker-s per sample vs opens per sample)

| arm | pts | decode ms | loader open ms | isolated open ms | kappa |
|---|---|---|---|---|---|
| SEP|all|W8|warm | 3 | 8.720 | 1.082 | 1.164 | 0.929 |
| STACK|all|W8|warm | 3 | 7.468 | 0.521 | 1.525 | 0.342 |
| BIG|all|W8|warm | 3 | 8.224 | 1.807 | 1.438 | 1.256 |
| BIG|top|W8|warm | 3 | 3.479 | 2.328 | 1.438 | 1.619 |
| STACK|top|W8|warm | 3 | 6.297 | 1.500 | 1.525 | 0.984 |
| SEP|top|W8|warm | 3 | 3.391 | 2.949 | 1.164 | 2.533 |
| SEP|all|W8|cold | 3 | 14.413 | 3.513 | 2.772 | 1.267 |
| STACK|all|W8|cold | 3 | 10.749 | 3.306 | 2.383 | 1.388 |
| BIG|all|W8|cold | 3 | 13.895 | 4.153 | 3.096 | 1.342 |
| BIG|top|W8|cold | 3 | 5.526 | 3.863 | 3.096 | 1.248 |
| STACK|top|W8|cold | 3 | 8.835 | 3.675 | 2.383 | 1.542 |
| SEP|top|W8|cold | 3 | 5.593 | 3.275 | 2.772 | 1.181 |

Hit-rate model vs measured (thrash arms): max abs err 0.007, mean 0.001 over 36 arms.

## Validation on ckpt_full

| arm | measured sps | pred sps | err % | err % (measured opens) | h meas / model |
|---|---|---|---|---|---|
| ckpt_full|BIG|all|c1|8|warm | 260 | 259 | -0.3 | -0.3 | 0.000 / 0.000 |
| ckpt_full|STACK|all|c1|8|warm | 873 | 980 | +12.3 | +12.3 | 0.334 / 0.333 |
| ckpt_full|SEP|all|c1|8|warm | 406 | 493 | +21.5 | +21.5 | 0.000 / 0.000 |
| ckpt_full|SEP|all|call|8|warm | 1093 | 917 | -16.1 | -16.1 | 1.000 / 1.000 |
| ckpt_full|STACK|all|call|8|warm | 1127 | 1071 | -4.9 | -4.9 | 1.000 / 1.000 |
| ckpt_full|BIG|all|call|8|warm | 1095 | 973 | -11.1 | -11.1 | 1.000 / 1.000 |
| ckpt_full|SEP|top|c1|8|warm | 1235 | 1008 | -18.4 | -18.5 | 0.332 / 0.333 |
| ckpt_full|STACK|top|c1|8|warm | 705 | 965 | +36.8 | +37.2 | 0.340 / 0.333 |
| ckpt_full|BIG|top|c1|8|warm | 2067 | 2300 | +11.3 | +11.3 | 1.000 / 1.000 |
| ckpt_full|BIG|top|call|8|warm | 2120 | 2300 | +8.5 | +8.5 | 1.000 / 1.000 |
| ckpt_full|STACK|top|call|8|warm | 1336 | 1270 | -4.9 | -4.9 | 1.000 / 1.000 |
| ckpt_full|SEP|top|call|8|warm | 2275 | 2359 | +3.7 | +3.7 | 1.000 / 1.000 |
| ckpt_full|BIG|all|c1|8|cold | 191 | 166 | -13.0 | -13.0 | 0.000 / 0.000 |
| ckpt_full|STACK|all|c1|8|cold | 588 | 533 | -9.4 | -9.3 | 0.337 / 0.333 |
| ckpt_full|SEP|all|c1|8|cold | 287 | 251 | -12.5 | -12.5 | 0.000 / 0.000 |
| ckpt_full|SEP|all|call|8|cold | 601 | 555 | -7.6 | -7.6 | 1.000 / 1.000 |
| ckpt_full|STACK|all|call|8|cold | 763 | 744 | -2.5 | -2.5 | 1.000 / 1.000 |
| ckpt_full|BIG|all|call|8|cold | 600 | 576 | -4.1 | -4.1 | 1.000 / 1.000 |
| ckpt_full|SEP|top|c1|8|cold | 882 | 870 | -1.4 | -1.3 | 0.336 / 0.333 |
| ckpt_full|STACK|top|c1|8|cold | 616 | 589 | -4.3 | -4.4 | 0.333 / 0.333 |
| ckpt_full|BIG|top|c1|8|cold | 1391 | 1448 | +4.1 | +4.1 | 1.000 / 1.000 |
| ckpt_full|BIG|top|call|8|cold | 1460 | 1448 | -0.8 | -0.8 | 1.000 / 1.000 |

# Remote (hf://) model (EXTRAPOLATED from a scaled-down benchmark)

Per-fetch fit on 12 single-reader arms: lat_ms = -4.8 + 158.0 x fetches/sample (R^2 0.9850616578458954). Requests per fetch 2.00, resolves per fetch 1.00, ms per request 79.0. Resolver limit 40.0/s per token (NOT reported to this job; using 40.0 (12000 per 300 s, read from a laptop probe on 2026-09-24)).

| open fit | a ms | b us/frame | F range | req/open | resolve/open | API/open | fetch/open |
|---|---|---|---|---|---|---|---|
| SEP+BIG | 156.7 | 0.843 | [967.3333333333334, 74118.0] | 2.1041666666666665 | 1.0 | 0.10416666666666667 | 1.0 |
| STACK | 138.8 | 1.882 | [967.3333333333334, 24706.0] | 2.125 | 1.0 | 0.125 | 1.0 |

| fetch-count check | file MB | measured fetches | model |
|---|---|---|---|
| open ckpt_1k|SEP | 2.1 | 1.00 | 1.00 |
| open ckpt_1k|STACK | 6.1 | 1.00 | 1.14 |
| open ckpt_1k|BIG | 6.2 | 1.12 | 1.16 |
| open ckpt_5k|SEP | 11.8 | 1.25 | 1.55 |
| open ckpt_5k|STACK | 34.4 | 2.00 | 1.85 |
| open ckpt_5k|BIG | 35.3 | 1.88 | 1.85 |
| open ckpt_full|SEP | 73.4 | 1.88 | 1.93 |
| open ckpt_full|STACK | 216.4 | 2.00 | 1.98 |
| open ckpt_full|BIG | 220.3 | 2.00 | 1.98 |
| steady steady|SEP|seq | 73.4 | 0.94 | 0.93 |
| steady steady|SEP|one | 73.4 | 0.95 | 0.93 |
| steady steady|STACK|seq | 216.4 | 0.97 | 0.98 |
| steady steady|STACK|one | 216.4 | 0.97 | 0.98 |
| steady steady|BIG|seq | 220.3 | 0.98 | 0.98 |
| steady steady|BIG|one | 220.3 | 0.99 | 0.98 |

## Remote predictions (EXTRAPOLATED unless marked ANALYTIC)

| dataset | variant | pattern | h | opens/smp | fetches/smp | resolves/smp | MB/smp | ms/smp 1 reader | sps 1 reader | sps cap (resolver limit) | beyond F range |
|---|---|---|---|---|---|---|---|---|---|---|---|
| lerobot/abc_130k_v3_train | SEP (as stored) | all | 0.0026 | 2.99 | 5.78 | 5.78 | 30.3 | 908 | 1.10 | 6.9 |  |
| lerobot/abc_130k_v3_train | STACK, same frames/file (files / 3) | all | 0.0079 | 0.99 | 1.97 | 1.97 | 10.3 | 306 | 3.27 | 20.3 |  |
| lerobot/abc_130k_v3_train | BIG (3x frames/file, files / 3) | all | 0.0078 | 2.98 | 5.91 | 5.91 | 31.0 | 928 | 1.08 | 6.8 |  |
| lerobot/abc_130k_v3_train | SEP (as stored) | one | 0.0079 | 0.99 | 1.92 | 1.92 | 10.1 | 299 | 3.35 | 20.8 |  |
| lerobot/abc_130k_v3_train | STACK, same frames/file (files / 3) | one | 0.0079 | 0.99 | 1.97 | 1.97 | 10.3 | 306 | 3.27 | 20.3 |  |
| lerobot/abc_130k_v3_train | BIG (3x frames/file, files / 3) | one | 0.0236 | 0.98 | 1.95 | 1.95 | 10.2 | 304 | 3.29 | 20.5 |  |
| cadene/droid_1.0.1_v30 | SEP (as stored) | all | 0.0161 | 2.95 | 5.61 | 5.61 | 29.4 | 881 | 1.13 | 7.1 |  |
| cadene/droid_1.0.1_v30 | STACK, same frames/file (files / 3) | all | 0.0488 | 0.95 | 1.91 | 1.91 | 10.0 | 297 | 3.36 | 20.9 |  |
| cadene/droid_1.0.1_v30 | BIG (3x frames/file, files / 3) | all | 0.0483 | 2.85 | 5.74 | 5.74 | 30.1 | 902 | 1.11 | 7.0 |  |
| cadene/droid_1.0.1_v30 | SEP (as stored) | one | 0.0488 | 0.95 | 1.84 | 1.84 | 9.6 | 285 | 3.50 | 21.8 |  |
| cadene/droid_1.0.1_v30 | STACK, same frames/file (files / 3) | one | 0.0488 | 0.95 | 1.91 | 1.91 | 10.0 | 297 | 3.36 | 20.9 |  |
| cadene/droid_1.0.1_v30 | BIG (3x frames/file, files / 3) | one | 0.1465 | 0.85 | 1.82 | 1.82 | 9.5 | 282 | 3.55 | 22.0 |  |

| ANALYTIC sequential | variant | fetches/smp | sps cap (resolver limit) |
|---|---|---|---|
| lerobot/abc_130k_v3_train | SEP (as stored) | 0.00170 | 23514 |
| lerobot/abc_130k_v3_train | STACK | 0.00167 | 23942 |
| cadene/droid_1.0.1_v30 | SEP (as stored) | 0.00195 | 20483 |
| cadene/droid_1.0.1_v30 | STACK | 0.00192 | 20856 |

## Remote assumptions

- Access = uniform random frames (map-style shuffle) with a 100-decoder LRU per worker; LRU hit rate h = min(1, floor(C/k)/U).
- fsspec readahead cache holds one block of 5242880 bytes per open handle; a random frame needs a new block fetch with chance 1 - block/file bytes; an open costs one fetch (moov is at the start, faststart).
- Each block fetch = 1 resolve call (counts against the per-token 'resolvers' budget) + 1 CDN call; measured, see resolves_per_fetch.
- Latency per sample is linear in block fetches per sample (single reader, cameras one after another); fitted on this job's network path to the Hub.
- sps_cap_resolver_limit = resolver budget per second / resolves per sample: a per-token ceiling that no amount of hardware removes.
- DROID bytes per frame = ABC bytes per frame x pixel ratio (ASSUMED; not measured). Frames/file beyond the measured range are flagged.
- API calls per open (paths-info when the fsspec dircache misses) are an upper bound: a long-lived worker caches them.
- Sequential rows are analytic only (no measurement of in-order streaming reads here).
