[access_eq 21s] SEP|seq|fs5M|-|cold r0: 0.87 sps, fetch/smp 5.81, 30.708 MB/smp, p50 1207 ms, check {'checked': 2, 'mismatch': 0}
[access_eq 30s] SEP|par|fs5M|-|cold r0: 1.88 sps, fetch/smp 5.81, 30.708 MB/smp, p50 519 ms, check {'checked': 2, 'mismatch': 0}
[access_eq 34s] SEP|par|rc256K|-|cold r0: 3.63 sps, fetch/smp 6.00, 1.966 MB/smp, p50 241 ms, check {'checked': 2, 'mismatch': 0}
[access_eq 38s] SEP|par|exact|-|cold r0: 4.31 sps, fetch/smp 6.00, 1.460 MB/smp, p50 210 ms, check {'checked': 2, 'mismatch': 0}
[access_eq 48s] STACK|-|fs5M|-|cold r0: 1.90 sps, fetch/smp 1.88, 9.704 MB/smp, p50 448 ms, check {'checked': 2, 'mismatch': 0}
[access_eq 53s] STACK|-|rc256K|-|cold r0: 3.52 sps, fetch/smp 2.00, 0.655 MB/smp, p50 258 ms, check {'checked': 2, 'mismatch': 0}
[access_eq 57s] STACK|-|exact|-|cold r0: 4.29 sps, fetch/smp 2.00, 0.399 MB/smp, p50 229 ms, check {'checked': 2, 'mismatch': 0}
[access_eq 66s] MULTI|par|fs5M|shared|cold r0: 1.98 sps, fetch/smp 1.88, 10.125 MB/smp, p50 470 ms, check {'checked': 2, 'mismatch': 0}
[access_eq 72s] MULTI|par|rc256K|shared|cold r0: 2.72 sps, fetch/smp 2.69, 0.754 MB/smp, p50 324 ms, check {'checked': 2, 'mismatch': 0}
[access_eq 76s] MULTI|par|exact|shared|cold r0: 3.66 sps, fetch/smp 2.00, 0.615 MB/smp, p50 245 ms, check {'checked': 2, 'mismatch': 0}
[access_eq 95s] SEP|seq|fs5M|-|warm r0: 1.91 sps, fetch/smp 2.63, 13.249 MB/smp, p50 555 ms, check {'checked': 2, 'mismatch': 0}
[access_eq 104s] SEP|par|fs5M|-|warm r0: 4.29 sps, fetch/smp 2.63, 13.249 MB/smp, p50 222 ms, check {'checked': 2, 'mismatch': 0}
[access_eq 109s] SEP|par|rc256K|-|warm r0: 7.79 sps, fetch/smp 3.00, 0.983 MB/smp, p50 115 ms, check {'checked': 2, 'mismatch': 0}
[access_eq 113s] SEP|par|exact|-|warm r0: 8.79 sps, fetch/smp 3.00, 0.216 MB/smp, p50 104 ms, check {'checked': 2, 'mismatch': 0}
[access_eq 127s] STACK|-|fs5M|-|warm r0: 3.76 sps, fetch/smp 0.93, 4.665 MB/smp, p50 272 ms, check {'checked': 2, 'mismatch': 0}
[access_eq 134s] STACK|-|rc256K|-|warm r0: 6.00 sps, fetch/smp 1.00, 0.328 MB/smp, p50 154 ms, check {'checked': 2, 'mismatch': 0}
[access_eq 140s] STACK|-|exact|-|warm r0: 7.97 sps, fetch/smp 1.00, 0.084 MB/smp, p50 109 ms, check {'checked': 2, 'mismatch': 0}
[access_eq 152s] MULTI|par|fs5M|shared|warm r0: 3.30 sps, fetch/smp 0.90, 4.886 MB/smp, p50 320 ms, check {'checked': 2, 'mismatch': 0}
[access_eq 159s] MULTI|par|rc256K|shared|warm r0: 5.77 sps, fetch/smp 1.00, 0.315 MB/smp, p50 163 ms, check {'checked': 2, 'mismatch': 0}
[access_eq 165s] MULTI|par|exact|shared|warm r0: 7.32 sps, fetch/smp 1.00, 0.098 MB/smp, p50 131 ms, check {'checked': 2, 'mismatch': 0}
[access_eq 170s] MULTI|par|exact|shared|warm r1: 7.03 sps, fetch/smp 1.00, 0.096 MB/smp, p50 141 ms, check None
[access_eq 176s] MULTI|par|rc256K|shared|warm r1: 7.69 sps, fetch/smp 1.03, 0.350 MB/smp, p50 121 ms, check None
[access_eq 184s] MULTI|par|fs5M|shared|warm r1: 4.99 sps, fetch/smp 0.80, 4.331 MB/smp, p50 197 ms, check None
[access_eq 191s] STACK|-|exact|-|warm r1: 5.95 sps, fetch/smp 1.00, 0.084 MB/smp, p50 174 ms, check None
[access_eq 197s] STACK|-|rc256K|-|warm r1: 7.66 sps, fetch/smp 1.00, 0.328 MB/smp, p50 127 ms, check None
[access_eq 207s] STACK|-|fs5M|-|warm r1: 5.03 sps, fetch/smp 0.87, 4.147 MB/smp, p50 172 ms, check None
[access_eq 214s] SEP|par|exact|-|warm r1: 5.77 sps, fetch/smp 3.00, 0.215 MB/smp, p50 158 ms, check None
[access_eq 219s] SEP|par|rc256K|-|warm r1: 7.26 sps, fetch/smp 3.00, 0.957 MB/smp, p50 113 ms, check None
[access_eq 228s] SEP|par|fs5M|-|warm r1: 4.85 sps, fetch/smp 2.80, 12.958 MB/smp, p50 219 ms, check None
[access_eq 242s] SEP|seq|fs5M|-|warm r1: 2.48 sps, fetch/smp 2.80, 12.958 MB/smp, p50 397 ms, check None
[access_eq 247s] MULTI|par|exact|shared|cold r1: 3.21 sps, fetch/smp 2.00, 0.619 MB/smp, p50 309 ms, check None
[access_eq 252s] MULTI|par|rc256K|shared|cold r1: 3.55 sps, fetch/smp 2.94, 0.819 MB/smp, p50 295 ms, check None
[access_eq 259s] MULTI|par|fs5M|shared|cold r1: 2.49 sps, fetch/smp 2.00, 10.487 MB/smp, p50 406 ms, check None
[access_eq 265s] STACK|-|exact|-|cold r1: 2.61 sps, fetch/smp 2.00, 0.399 MB/smp, p50 313 ms, check None
[access_eq 269s] STACK|-|rc256K|-|cold r1: 4.15 sps, fetch/smp 2.00, 0.655 MB/smp, p50 210 ms, check None
[access_eq 276s] STACK|-|fs5M|-|cold r1: 2.48 sps, fetch/smp 2.00, 10.618 MB/smp, p50 392 ms, check None
[access_eq 282s] SEP|par|exact|-|cold r1: 3.21 sps, fetch/smp 6.00, 1.458 MB/smp, p50 274 ms, check None
[access_eq 285s] SEP|par|rc256K|-|cold r1: 4.67 sps, fetch/smp 6.00, 1.966 MB/smp, p50 214 ms, check None
[access_eq 293s] SEP|par|fs5M|-|cold r1: 2.15 sps, fetch/smp 5.81, 30.350 MB/smp, p50 421 ms, check None
[access_eq 308s] SEP|seq|fs5M|-|cold r1: 1.11 sps, fetch/smp 5.81, 30.350 MB/smp, p50 882 ms, check None
[access_eq 323s] SEP|seq|fs5M|-|cold r2: 1.16 sps, fetch/smp 5.19, 27.339 MB/smp, p50 941 ms, check None
[access_eq 330s] SEP|par|fs5M|-|cold r2: 2.50 sps, fetch/smp 5.19, 27.339 MB/smp, p50 402 ms, check None
[access_eq 334s] SEP|par|rc256K|-|cold r2: 4.15 sps, fetch/smp 6.00, 1.966 MB/smp, p50 235 ms, check None
[access_eq 338s] SEP|par|exact|-|cold r2: 3.96 sps, fetch/smp 6.00, 1.446 MB/smp, p50 251 ms, check None
[access_eq 347s] STACK|-|fs5M|-|cold r2: 2.05 sps, fetch/smp 1.88, 9.359 MB/smp, p50 481 ms, check None
[access_eq 351s] STACK|-|rc256K|-|cold r2: 4.35 sps, fetch/smp 2.00, 0.652 MB/smp, p50 228 ms, check None
[access_eq 354s] STACK|-|exact|-|cold r2: 4.61 sps, fetch/smp 2.00, 0.396 MB/smp, p50 180 ms, check None
[access_eq 363s] MULTI|par|fs5M|shared|cold r2: 1.98 sps, fetch/smp 1.88, 9.573 MB/smp, p50 521 ms, check None
[access_eq 369s] MULTI|par|rc256K|shared|cold r2: 2.99 sps, fetch/smp 2.62, 0.720 MB/smp, p50 323 ms, check None
[access_eq 373s] MULTI|par|exact|shared|cold r2: 3.93 sps, fetch/smp 2.00, 0.604 MB/smp, p50 240 ms, check None
[access_eq 391s] SEP|seq|fs5M|-|warm r2: 1.97 sps, fetch/smp 2.73, 13.683 MB/smp, p50 500 ms, check None
[access_eq 399s] SEP|par|fs5M|-|warm r2: 4.62 sps, fetch/smp 2.73, 13.683 MB/smp, p50 215 ms, check None
[access_eq 403s] SEP|par|rc256K|-|warm r2: 8.19 sps, fetch/smp 3.00, 0.983 MB/smp, p50 116 ms, check None
[access_eq 408s] SEP|par|exact|-|warm r2: 9.64 sps, fetch/smp 3.00, 0.214 MB/smp, p50 92 ms, check None
[access_eq 417s] STACK|-|fs5M|-|warm r2: 4.92 sps, fetch/smp 0.87, 3.971 MB/smp, p50 207 ms, check None
[access_eq 422s] STACK|-|rc256K|-|warm r2: 8.16 sps, fetch/smp 1.00, 0.319 MB/smp, p50 115 ms, check None
[access_eq 427s] STACK|-|exact|-|warm r2: 8.51 sps, fetch/smp 1.00, 0.084 MB/smp, p50 105 ms, check None
[access_eq 438s] MULTI|par|fs5M|shared|warm r2: 4.12 sps, fetch/smp 0.73, 3.642 MB/smp, p50 268 ms, check None
[access_eq 445s] MULTI|par|rc256K|shared|warm r2: 5.53 sps, fetch/smp 0.93, 0.298 MB/smp, p50 182 ms, check None
[access_eq 450s] MULTI|par|exact|shared|warm r2: 7.48 sps, fetch/smp 1.00, 0.097 MB/smp, p50 141 ms, check None
[access_eq] conc8 MULTI|par|exact|shared|warm: 111.2 sps, 109.9 fetch/s, 10 MB/s, p50 66 ms, 429 0
[access_eq] conc8 MULTI|par|exact|shared|cold: 45.8 sps, 91.4 fetch/s, 28 MB/s, p50 168 ms, 429 0
[access_eq] conc8 SEP|par|rc256K|-|warm: 73.4 sps, 219.3 fetch/s, 72 MB/s, p50 100 ms, 429 0
[access_eq] conc8 SEP|par|rc256K|-|cold: 37.0 sps, 221.5 fetch/s, 72 MB/s, p50 199 ms, 429 0
[access_eq] conc8 STACK|-|exact|-|warm: 108.4 sps, 107.1 fetch/s, 9 MB/s, p50 65 ms, 429 0
[access_eq] conc8 STACK|-|rc256K|-|cold: 49.8 sps, 99.4 fetch/s, 33 MB/s, p50 154 ms, 429 0
# DATA-11 round 2: random access over hf:// (family ckpt_full, 3 cameras per sample)

Repo `hadriencornier/lerobot-data11-bench@5efceaf32b`. sps = samples/s, one reader. fetch = one HTTP request that moves video bytes (CDN). fs* readers also pay 1 resolve per fetch; rc / exact resolve once per file (untimed, shown in `presigned`: 27 resolves for 27 files).

| regime | layout | cams | reader | mode | sps | +-CI | p50 ms | p95 ms | fetch/smp | resolve/smp | API/smp | MB/smp | dec MB/smp | open ms/smp | fallback/smp |
|---|---|---|---|---|---|---|---|---|---|---|---|---|---|---|---|
| cold | MULTI | par | fs5M | shared | 2.13 | 0.73 | 470 | 759 | 1.92 | 1.92 | 0.00 | 10.062 | 1.143 | 208 | 0.00 |
| cold | MULTI | par | rc256K | shared | 3.05 | 1.05 | 323 | 582 | 2.75 | 0.00 | 0.00 | 0.764 | 1.143 | 150 | 0.00 |
| cold | MULTI | par | exact | shared | 3.57 | 0.91 | 245 | 426 | 2.00 | 0.00 | 0.00 | 0.613 | 1.143 | 123 | 0.00 |
| cold | SEP | par | fs5M | - | 2.15 | 0.77 | 421 | 763 | 5.60 | 5.60 | 0.00 | 29.466 | 0.846 | 622 | 0.00 |
| cold | SEP | par | rc256K | - | 4.11 | 1.29 | 235 | 450 | 6.00 | 0.00 | 0.00 | 1.966 | 0.846 | 270 | 0.00 |
| cold | SEP | par | exact | - | 3.77 | 1.39 | 251 | 469 | 6.00 | 0.00 | 0.00 | 1.455 | 0.846 | 318 | 0.00 |
| cold | SEP | seq | fs5M | - | 1.03 | 0.38 | 941 | 1725 | 5.60 | 5.60 | 0.00 | 29.466 | 0.846 | 470 | 0.00 |
| cold | STACK | - | fs5M | - | 2.12 | 0.74 | 448 | 989 | 1.92 | 1.92 | 0.00 | 9.893 | 0.177 | 214 | 0.00 |
| cold | STACK | - | rc256K | - | 3.97 | 1.09 | 228 | 442 | 2.00 | 0.00 | 0.00 | 0.654 | 0.177 | 109 | 0.00 |
| cold | STACK | - | exact | - | 3.60 | 2.66 | 229 | 680 | 2.00 | 0.00 | 0.00 | 0.398 | 0.177 | 130 | 0.00 |
| warm | MULTI | par | fs5M | shared | 4.02 | 2.10 | 268 | 542 | 0.81 | 0.81 | 0.00 | 4.286 | 0.196 | 0 | 0.00 |
| warm | MULTI | par | rc256K | shared | 6.20 | 2.93 | 163 | 331 | 0.99 | 0.00 | 0.00 | 0.321 | 0.196 | 0 | 0.00 |
| warm | MULTI | par | exact | shared | 7.28 | 0.57 | 141 | 280 | 1.00 | 0.00 | 0.00 | 0.097 | 0.196 | 0 | 0.00 |
| warm | SEP | par | fs5M | - | 4.58 | 0.70 | 219 | 373 | 2.72 | 2.72 | 0.00 | 13.296 | 0.197 | 0 | 0.00 |
| warm | SEP | par | rc256K | - | 7.73 | 1.16 | 115 | 267 | 3.00 | 0.00 | 0.00 | 0.974 | 0.197 | 0 | 0.00 |
| warm | SEP | par | exact | - | 7.68 | 5.05 | 104 | 295 | 3.00 | 0.00 | 0.00 | 0.215 | 0.197 | 0 | 0.00 |
| warm | SEP | seq | fs5M | - | 2.09 | 0.78 | 500 | 870 | 2.72 | 2.72 | 0.00 | 13.296 | 0.197 | 0 | 0.00 |
| warm | STACK | - | fs5M | - | 4.49 | 1.75 | 207 | 429 | 0.89 | 0.89 | 0.00 | 4.261 | 0.065 | 0 | 0.00 |
| warm | STACK | - | rc256K | - | 7.14 | 2.80 | 127 | 307 | 1.00 | 0.00 | 0.00 | 0.325 | 0.065 | 0 | 0.00 |
| warm | STACK | - | exact | - | 7.30 | 3.36 | 109 | 264 | 1.00 | 0.00 | 0.00 | 0.084 | 0.065 | 0 | 0.00 |

## 8 concurrent reader processes

| config | sps total | fetch/s | resolves/s | MB/s | p50 ms | p95 ms | 429 | other err |
|---|---|---|---|---|---|---|---|---|
| MULTI|par|exact|shared|warm | 111.2 | 109.9 | 0.0 | 10.2 | 66 | 109 | 0 | 0 |
| MULTI|par|exact|shared|cold | 45.8 | 91.4 | 0.0 | 28.1 | 168 | 228 | 0 | 0 |
| SEP|par|rc256K|-|warm | 73.4 | 219.3 | 0.0 | 71.7 | 100 | 179 | 0 | 0 |
| SEP|par|rc256K|-|cold | 37.0 | 221.5 | 0.0 | 72.5 | 199 | 346 | 0 | 0 |
| STACK|-|exact|-|warm | 108.4 | 107.1 | 0.0 | 8.7 | 65 | 113 | 0 | 0 |
| STACK|-|rc256K|-|cold | 49.8 | 99.4 | 0.0 | 32.6 | 154 | 220 | 0 | 0 |

Checks: remote == local decode (bit-exact) 40/40; pts violations > 1e-4 s: 0; skipped arms 0; 429 total 0.
[access_orig 906s] STACK|-|exact|-|cold r0: 4.59 sps, fetch/smp 2.00, 0.501 MB/smp, p50 202 ms, check {'checked': 2, 'mismatch': 0}
[access_orig 909s] STACK|-|rc256K|-|cold r0: 5.98 sps, fetch/smp 2.00, 0.655 MB/smp, p50 155 ms, check {'checked': 2, 'mismatch': 0}
[access_orig 916s] MULTI|par|exact|shared|cold r0: 2.79 sps, fetch/smp 2.00, 1.115 MB/smp, p50 323 ms, check {'checked': 2, 'mismatch': 0}
[access_orig 918s] STACK|-|exact|-|warm r0: 12.52 sps, fetch/smp 1.00, 0.084 MB/smp, p50 69 ms, check {'checked': 2, 'mismatch': 0}
[access_orig 921s] STACK|-|rc256K|-|warm r0: 14.17 sps, fetch/smp 1.00, 0.328 MB/smp, p50 66 ms, check {'checked': 2, 'mismatch': 0}
[access_orig 925s] MULTI|par|exact|shared|warm r0: 7.74 sps, fetch/smp 1.00, 0.098 MB/smp, p50 124 ms, check {'checked': 2, 'mismatch': 0}
[access_orig 929s] MULTI|par|exact|shared|warm r1: 9.79 sps, fetch/smp 1.00, 0.096 MB/smp, p50 96 ms, check None
[access_orig 932s] STACK|-|rc256K|-|warm r1: 13.72 sps, fetch/smp 1.00, 0.328 MB/smp, p50 67 ms, check None
[access_orig 934s] STACK|-|exact|-|warm r1: 14.40 sps, fetch/smp 1.00, 0.084 MB/smp, p50 65 ms, check None
[access_orig 939s] MULTI|par|exact|shared|cold r1: 3.52 sps, fetch/smp 2.00, 1.113 MB/smp, p50 278 ms, check None
[access_orig 941s] STACK|-|rc256K|-|cold r1: 6.69 sps, fetch/smp 2.00, 0.655 MB/smp, p50 140 ms, check None
[access_orig 944s] STACK|-|exact|-|cold r1: 5.72 sps, fetch/smp 2.00, 0.499 MB/smp, p50 178 ms, check None
[access_orig 947s] STACK|-|exact|-|cold r2: 6.09 sps, fetch/smp 2.00, 0.495 MB/smp, p50 157 ms, check None
[access_orig 950s] STACK|-|rc256K|-|cold r2: 6.50 sps, fetch/smp 2.00, 0.655 MB/smp, p50 154 ms, check None
[access_orig 954s] MULTI|par|exact|shared|cold r2: 3.69 sps, fetch/smp 2.00, 1.091 MB/smp, p50 262 ms, check None
[access_orig 957s] STACK|-|exact|-|warm r2: 14.07 sps, fetch/smp 1.00, 0.085 MB/smp, p50 67 ms, check None
[access_orig 959s] STACK|-|rc256K|-|warm r2: 13.31 sps, fetch/smp 1.00, 0.328 MB/smp, p50 66 ms, check None
[access_orig 964s] MULTI|par|exact|shared|warm r2: 8.22 sps, fetch/smp 1.00, 0.098 MB/smp, p50 117 ms, check None
# DATA-11 round 2: random access over hf:// (family ckpt_full, 3 cameras per sample)

Repo `hadriencornier/lerobot-data11-bench@5efceaf32b`. sps = samples/s, one reader. fetch = one HTTP request that moves video bytes (CDN). fs* readers also pay 1 resolve per fetch; rc / exact resolve once per file (untimed, shown in `presigned`: 6 resolves for 6 files).

| regime | layout | cams | reader | mode | sps | +-CI | p50 ms | p95 ms | fetch/smp | resolve/smp | API/smp | MB/smp | dec MB/smp | open ms/smp | fallback/smp |
|---|---|---|---|---|---|---|---|---|---|---|---|---|---|---|---|
| cold | MULTI | par | exact | shared | 3.29 | 1.18 | 278 | 545 | 2.00 | 0.00 | 0.00 | 1.106 | 2.568 | 165 | 0.00 |
| cold | STACK | - | rc256K | - | 6.38 | 0.91 | 154 | 212 | 2.00 | 0.00 | 0.00 | 0.655 | 0.283 | 77 | 0.00 |
| cold | STACK | - | exact | - | 5.39 | 1.94 | 178 | 328 | 2.00 | 0.00 | 0.00 | 0.499 | 0.283 | 101 | 0.00 |
| warm | MULTI | par | exact | shared | 8.50 | 2.67 | 117 | 217 | 1.00 | 0.00 | 0.00 | 0.097 | 0.197 | 0 | 0.00 |
| warm | STACK | - | rc256K | - | 13.72 | 1.07 | 66 | 117 | 1.00 | 0.00 | 0.00 | 0.328 | 0.066 | 0 | 0.00 |
| warm | STACK | - | exact | - | 13.61 | 2.49 | 67 | 141 | 1.00 | 0.00 | 0.00 | 0.084 | 0.066 | 0 | 0.00 |

Checks: remote == local decode (bit-exact) 12/12; pts violations > 1e-4 s: 0; skipped arms 0; 429 total 0.
