[18:50:54] check SEP: ok build 22.884180455992464 check {"samples": 40, "keys": {"observation.images.left_wrist": {"equal_own": 40, "equal_cam": [0, 40, 0], "n": 40}, "observation.images.right_wrist": {"equal_own": 40, "equal_cam": [0, 0, 40], "n": 40}, "observation.images.top": {"equal_own": 40, "equal_cam": [40, 0, 0], "n": 40}}, "shape": [3, 224, 224] 
[18:51:41] check STACK: ok build 11.537560097000096 check {"samples": 40, "keys": {"observation.images.stack": {"equal_own": 40, "equal_cam": [0, 0, 0], "n": 40}}, "shape": [3, 672, 224], "pass": true} 
[18:51:53] check MULTI: ok build 4.314879345009103 check {"samples": 40, "keys": {"observation.images.left_wrist": {"equal_own": 0, "equal_cam": [40, 0, 0], "n": 40}, "observation.images.right_wrist": {"equal_own": 0, "equal_cam": [40, 0, 0], "n": 40}, "observation.images.top": {"equal_own": 40, "equal_cam": [40, 0, 0], "n": 40}}, "shape": [3, 224, 224],  
[18:54:40] SEP p1 r0: sps 62.79224499700948 first 33.48828027799027 gets/ep 3.0 MB/ep 27.70667875 dec_cpu_ms/smp 4.444374607374987 pss 3.0161781311035156 cg 9433 status ['ok']
[18:55:46] STACK p1 r0: sps 197.16162750080065 first 19.133985702006612 gets/ep 1.0 MB/ep 26.691021675000002 dec_cpu_ms/smp 3.063192238249983 pss 2.987621307373047 cg 9446 status ['ok']
[18:56:36] SEP p8 r0: sps 541.2273331309987 first 15.32599400903564 gets/ep 3.0 MB/ep 24.722557344827585 dec_cpu_ms/smp 4.074616348062499 pss 17.168152809143066 cg 23942 status ['ok']
[18:57:22] STACK p8 r0: sps 786.2683638109625 first 18.211395366000943 gets/ep 1.0 MB/ep 23.83587096551724 dec_cpu_ms/smp 3.233775883437498 pss 17.279831886291504 cg 23518 status ['ok']
[18:58:09] STACK p8 r1: sps 777.9134527687678 first 18.382992770988494 gets/ep 1.0 MB/ep 23.83587096551724 dec_cpu_ms/smp 3.2859906623750015 pss 16.884584426879883 cg 23356 status ['ok']
[18:59:01] SEP p8 r1: sps 552.3889600374814 first 13.692327152995858 gets/ep 3.0 MB/ep 24.722557344827585 dec_cpu_ms/smp 4.078418633312501 pss 17.309788703918457 cg 23988 status ['ok']
[19:00:09] STACK p1 r1: sps 172.3068107531358 first 16.967912304971833 gets/ep 1.0 MB/ep 24.718022725 dec_cpu_ms/smp 3.2470934811250105 pss 2.8802032470703125 cg 9351 status ['ok']
[19:01:31] SEP p1 r1: sps 135.13842409627884 first 18.75231349101523 gets/ep 3.0 MB/ep 25.509715325 dec_cpu_ms/smp 3.6744104137500004 pss 2.9071168899536133 cg 9325 status ['ok']
[19:02:49] SEP p1 r2: sps 153.54196077725405 first 20.615661032963544 gets/ep 3.0 MB/ep 21.7210925 dec_cpu_ms/smp 3.6741613936250057 pss 2.593599319458008 cg 8984 status ['ok']
[19:03:48] STACK p1 r2: sps 226.9647317601318 first 18.66570936900098 gets/ep 1.0 MB/ep 21.122026775 dec_cpu_ms/smp 2.976435542374999 pss 2.616971969604492 cg 9063 status ['ok']
[19:04:28] SEP p8 r2: sps 856.8087930757968 first 18.856798537017312 gets/ep 3.0 MB/ep 24.722557344827585 dec_cpu_ms/smp 3.690556632714291 pss 14.28244686126709 cg 22000 status ['error', 'ok']
[19:05:07] STACK p8 r2: sps 1061.5947708227225 first 19.218236271990463 gets/ep 1.0 MB/ep 23.83587096551724 dec_cpu_ms/smp 3.1813994368125025 pss 16.896204948425293 cg 23879 status ['ok']
# DATA-11 round 3: PR #3917 on SEP vs STACK (equal-size files)

p1 = 1 process; p8 = 8 processes as ranks 0..7 of WORLD_SIZE 8 (#3917 allows at most 1 DataLoader worker per rank). sps = samples/s after the first sample, summed over processes; sps 2nd half = rate over the second half of each run's window (after the pool fill) (1 sample = 1 time step, 3 camera images). mean +- sd over repeats. dec CPU = thread CPU inside #3917's decode calls, per sample; proc CPU = process CPU per sample.

| layout | mode | reps | sps | sps 2nd half | first sample s | range GETs/episode | MB/episode | HTTP req/episode | mean GET s | dec CPU ms/smp | proc CPU ms/smp | peak PSS GB (sum) | cgroup peak MB | anon peak MB |
|---|---|---|---|---|---|---|---|---|---|---|---|---|---|---|
| SEP | p1 | 3 | 117.2 +- 48.0 | 137.5 +- 43.6 | 24.29 +- 8.02 | 3.00 +- 0.00 | 25.0 +- 3.0 | 9.1 +- 0.1 | 3.12 +- 0.77 | 3.93 +- 0.44 | 76.23 +- 41.90 | 2.84 +- 0.22 | 9247 +- 234 | 2666 +- 226 |
| SEP | p8 | 3 | 650.1 +- 179.1 | 1319.7 +- 130.6 | 15.96 +- 2.64 | 3.00 +- 0.00 | 24.7 +- 0.0 | 8.4 +- 0.1 | 4.52 +- 0.55 | 3.95 +- 0.22 | 13.25 +- 3.44 | 16.25 +- 1.71 | 23310 +- 1135 | 16494 +- 1180 |
| STACK | p1 | 3 | 198.8 +- 27.4 | 212.4 +- 20.6 | 18.26 +- 1.14 | 1.00 +- 0.00 | 24.2 +- 2.8 | 6.5 +- 0.1 | 7.55 +- 0.85 | 3.10 +- 0.14 | 38.15 +- 3.19 | 2.83 +- 0.19 | 9287 +- 199 | 2710 +- 198 |
| STACK | p8 | 3 | 875.3 +- 161.4 | 1899.6 +- 283.5 | 18.60 +- 0.54 | 1.00 +- 0.00 | 23.8 +- 0.0 | 6.4 +- 0.1 | 12.13 +- 1.14 | 3.23 +- 0.05 | 10.05 +- 2.03 | 17.02 +- 0.22 | 23584 +- 268 | 16776 +- 258 |

## Correctness checks (return_uint8=True, decoded frame == local TorchCodec decode of the source frame)

- SEP: status ok, build 22.9 s, pass True, shape [3, 224, 224], per key {"observation.images.left_wrist": {"equal_own": 40, "equal_cam": [0, 40, 0], "n": 40}, "observation.images.right_wrist": {"equal_own": 40, "equal_cam": [0, 0, 40], "n": 40}, "observation.images.top": {"equal_own": 40, "equal_cam": [40, 0, 0], "n": 40}} 
- STACK: status ok, build 11.5 s, pass True, shape [3, 672, 224], per key {"observation.images.stack": {"equal_own": 40, "equal_cam": [0, 0, 0], "n": 40}} 
- MULTI: status ok, build 4.3 s, pass False, shape [3, 224, 224], per key {"observation.images.left_wrist": {"equal_own": 0, "equal_cam": [40, 0, 0], "n": 40}, "observation.images.right_wrist": {"equal_own": 0, "equal_cam": [40, 0, 0], "n": 40}, "observation.images.top": {"equal_own": 40, "equal_cam": [40, 0, 0], "n": 40}} 

MULTI = local dataset (not on the Hub) whose 3 video keys point at the multi-track cuts. equal_cam[i] counts samples equal to SEP camera i; a correct reader gives equal_own == n for every key.
