
Downloading bytes:           |  0.00B            [A
Reconstructing (incomplete total...): |          |  0.00B /  0.00B            [A
Fetching 12 files:   0%|          | 0/12 [00:00<?, ?it/s][A
Reconstructing (incomplete total...):   0%|          |  0.00B / 8.94kB            [A
Reconstructing (incomplete total...):  34%|███▍      | 8.94kB / 26.2kB            [A
Reconstructing (incomplete total...):  64%|██████▎   | 16.7kB / 26.2kB            [A
Reconstructing (incomplete total...):  93%|█████████▎| 26.2kB / 28.2kB            [A
Reconstructing (incomplete total...):  81%|████████▏ | 28.2kB / 34.6kB            [A
Reconstructing (incomplete total...):  77%|███████▋  | 34.6kB / 45.0kB            [A
Reconstructing (incomplete total...):  80%|████████  | 45.0kB / 56.1kB            [A
Reconstructing (incomplete total...):  63%|██████▎   | 45.0kB / 71.5kB            [A
Reconstructing (incomplete total...):  99%|█████████▉| 71.5kB / 72.4kB            [A
Reconstructing (incomplete total...):  84%|████████▍ | 72.4kB / 86.1kB            [A
Reconstructing (incomplete total...):  90%|████████▉ | 86.1kB / 95.8kB            [A
Reconstructing (incomplete total...):  81%|████████  | 86.1kB /  107kB            [AFetching 12 files: 100%|██████████| 12/12 [00:00<00:00, 94.49it/s]

Download complete: ██████████|  107kB            [A
Reconstruction complete: 100%|██████████|  107kB /  107kB                         [A[32m✓ Downloaded[0m
  path: /work/dl_bundle
Download complete: ██████████|  107kB            
Reconstruction complete: 100%|██████████|  107kB /  107kB            
