== [1/15] act_abc_bs8 (elapsed 0s)
    ok samples/s 118.5 update ms 67.5 peak GB 1.85 (18s)
== [2/15] act_droid_bs8 (elapsed 18s)
    ok samples/s 110.0 update ms 72.7 peak GB 1.89 (19s)
== [3/15] act_molmo_bs8 (elapsed 37s)
    ok samples/s 32.5 update ms 246.4 peak GB 4.36 (30s)
== [4/15] act_libero_bs8 (elapsed 68s)
    ok samples/s 132.0 update ms 60.6 peak GB 1.81 (18s)
== [5/15] act_hqf_bs8 (elapsed 86s)
    ok samples/s 7.9 update ms 1010.8 peak GB 18.99 (89s)
== [6/15] smolvla_abc_bs8 (elapsed 174s)
    ok samples/s 25.3 update ms 316.1 peak GB 3.56 (35s)
== [7/15] smolvla_droid_bs8 (elapsed 209s)
    ok samples/s 25.4 update ms 315.4 peak GB 3.57 (32s)
== [8/15] smolvla_molmo_bs8 (elapsed 241s)
    ok samples/s 25.8 update ms 309.6 peak GB 3.61 (33s)
== [9/15] smolvla_libero_bs8 (elapsed 273s)
    ok samples/s 36.6 update ms 218.6 peak GB 2.91 (26s)
== [10/15] smolvla_hqf_bs8 (elapsed 299s)
    ok samples/s 25.8 update ms 310.3 peak GB 3.74 (37s)
== [11/15] smolvla_abc_bs64 (elapsed 336s)
    ok samples/s 22.3 update ms 2872.9 peak GB 19.32 (189s)
== [12/15] smolvla_droid_bs64 (elapsed 525s)
    ok samples/s 22.3 update ms 2871.1 peak GB 19.33 (190s)
== [13/15] smolvla_molmo_bs64 (elapsed 714s)
    ok samples/s 22.4 update ms 2850.8 peak GB 19.69 (200s)
SKIP smolvla_libero_bs64 elapsed 915s > budget 720.0s
SKIP smolvla_hqf_bs64 elapsed 915s > budget 720.0s
== orchestrate done in 915s -> /results/r4train-l4-20260930T013506Z/bench/summary.md
