== DATA-11 ab2 job ab2tf-20261002-j4 start 2026-10-02T17:04:10Z SMOKE=0 host=j-hadriencornier-6abfe402fbc85ba6823723f3-rg7lp26x-0412a-s7lrr
HF_TOKEN present (value not shown); results -> dataset hadriencornier/lerobot-data11-bench:results/ab2tf-20261002-j4
attempt marker attempts/6abfe402fbc85ba6823723f3 recorded
system ffmpeg: ffmpeg version 7.1.5-0+deb13u1 Copyright (c) 2000-2026 the FFmpeg developers
== stage system_deps: ok (28s, cgroup peak 842 MB)
bundle checksums OK
== stage bundle: ok (1s, cgroup peak 842 MB)

[notice] A new release of pip is available: 25.0.1 -> 26.2.1
[notice] To update, run: pip install --upgrade pip
patching file src/lerobot/streaming/manifest.py
patching file src/lerobot/streaming/mp4.py
patching file tests/datasets/test_episode_video_streaming.py
patching file src/lerobot/datasets/streaming_dataset.py
patching file tests/datasets/test_streaming_production.py
Using Python 3.12.15 environment at: /work/venv_base
base venv /work/venv_base/lib/python3.12/site-packages/lerobot/__init__.py 2.11.0+cpu 0.11.1+cpu probe_patch False tfx_patch False
Using Python 3.12.15 environment at: /work/venv_probe
probe venv /work/venv_probe/lib/python3.12/site-packages/lerobot/__init__.py 2.11.0+cpu 0.11.1+cpu probe_patch True tfx_patch False
Using Python 3.12.15 environment at: /work/venv_tfx
tfx venv /work/venv_tfx/lib/python3.12/site-packages/lerobot/__init__.py 2.11.0+cpu 0.11.1+cpu probe_patch False tfx_patch True
== stage python_env: ok (83s, cgroup peak 3825 MB)
uploaded results/ab2tf-20261002-j4 (setup done)
== stage ab2 start 2026-10-02T17:06:04Z
[17:09:01] BASE_D2T_r0: ok sps 85.28289736784338 cpu/sample 15.054845241837823
[17:11:51] TFX_D2T_r0: ok sps 120.34650083692999 cpu/sample 16.138388599738985
[17:14:41] TFX_D6T_r0: ok sps 111.25428636365315 cpu/sample 30.83609053750283
[17:17:32] BASE_D6T_r0: ok sps 61.19608664176501 cpu/sample 20.484809677338767
[17:20:30] BASE_D6_r0: ok sps 217.12097982306602 cpu/sample 7.7880260084724675
[17:23:33] TFX_D6_r0: ok sps 199.09691372033976 cpu/sample 7.570675231256483
[17:26:34] TFX_D6_r1: ok sps 200.3414536285456 cpu/sample 7.376949892871391
[17:29:37] BASE_D6_r1: ok sps 183.7701387290782 cpu/sample 7.976611593227977
[17:32:45] BASE_D6T_r1: ok sps 33.937375336220256 cpu/sample 31.78660870202253
[17:35:52] TFX_D6T_r1: ok sps 51.06537166437277 cpu/sample 37.32293440513205
[17:38:57] TFX_D2T_r1: ok sps 42.32304240293156 cpu/sample 31.06431745820359
[17:42:03] BASE_D2T_r1: ok sps 32.837718234506596 cpu/sample 28.364086870562883
== stage ab2: ok (2159s, cgroup peak 6300 MB)
uploaded results/ab2tf-20261002-j4 (after ab2)
== done 2026-10-02T17:42:05Z: /results/ab2tf-20261002-j4
== exit code 0 at 2026-10-02T17:42:05Z
