== DATA-11 ab3 job ab3-20261002T190623Z-j1 start 2026-10-02T19:06:23Z SMOKE=0 host=j-hadriencornier-6ac000a4fbc85ba6823731f3-4j8wbbg6-aad12-kzdtl
HF_TOKEN present (value not shown); results -> dataset hadriencornier/lerobot-data11-bench:results/ab3-20261002T190623Z-j1
attempt marker attempts/6ac000a4fbc85ba6823731f3 recorded
system ffmpeg: ffmpeg version 7.1.5-0+deb13u1 Copyright (c) 2000-2026 the FFmpeg developers
== stage system_deps: ok (49s, cgroup peak 838 MB)
bundle checksums OK
== stage bundle: ok (1s, cgroup peak 838 MB)

[notice] A new release of pip is available: 25.0.1 -> 26.2.1
[notice] To update, run: pip install --upgrade pip
patching file src/lerobot/streaming/manifest.py
patching file src/lerobot/streaming/mp4.py
patching file tests/datasets/test_episode_video_streaming.py
Using Python 3.12.15 environment at: /work/venv_base
base venv /work/venv_base/lib/python3.12/site-packages/lerobot/__init__.py 2.11.0+cpu 0.11.1+cpu probe_patch False tfx_patch False
Using Python 3.12.15 environment at: /work/venv_probe
probe venv /work/venv_probe/lib/python3.12/site-packages/lerobot/__init__.py 2.11.0+cpu 0.11.1+cpu probe_patch True tfx_patch False
== stage python_env: ok (99s, cgroup peak 3382 MB)
uploaded results/ab3-20261002T190623Z-j1 (setup done)
== stage ab3 start 2026-10-02T19:08:56Z
probe-run BitRobot/HIW-500-LeRobot PATCH 8 files ok 1.1s
probe-run BitRobot/HIW-500-LeRobot A1M 8 files ok 1.2s
probe-run BitRobot/HIW-500-LeRobot BASE 8 files ok 3.4s
probe-run BitRobot/HIW-500-LeRobot PATCH 128 files ok 6.0s
{"repo": "BitRobot/HIW-500-LeRobot", "rep": 0, "order": 0, "arm": "PATCH", "status": "ok", "error": null, "files": 128, "wall_s": 5.988078101538122, "files_per_s": 21.375806699502032, "kib_per_file": 528.0297470092773, "requests_per_file": 1.2421875, "round_trips_per_file": 1.2421875, "tail_hit": 0, "faststart": 97, "file_s_median": 0.4641539780423045}
probe-run BitRobot/HIW-500-LeRobot A1M 128 files ok 8.0s
{"repo": "BitRobot/HIW-500-LeRobot", "rep": 0, "order": 1, "arm": "A1M", "status": "ok", "error": null, "files": 128, "wall_s": 7.969545376487076, "files_per_s": 16.061142004115368, "kib_per_file": 1536.0, "requests_per_file": 2, "round_trips_per_file": 1, "tail_hit": 29, "faststart": 99, "file_s_median": 0.732736315112561}
probe-run BitRobot/HIW-500-LeRobot A3M 128 files ok 9.9s
{"repo": "BitRobot/HIW-500-LeRobot", "rep": 0, "order": 2, "arm": "A3M", "status": "ok", "error": null, "files": 128, "wall_s": 9.939262913540006, "files_per_s": 12.878218547336026, "kib_per_file": 3584.0, "requests_per_file": 2, "round_trips_per_file": 1, "tail_hit": 33, "faststart": 95, "file_s_median": 0.8951958008110523}
probe-run BitRobot/HIW-500-LeRobot A1M-c32 128 files ok 7.4s
{"repo": "BitRobot/HIW-500-LeRobot", "rep": 0, "order": 3, "arm": "A1M-c32", "status": "ok", "error": null, "files": 128, "wall_s": 7.413197682239115, "files_per_s": 17.26650299730552, "kib_per_file": 1536.0, "requests_per_file": 2, "round_trips_per_file": 1, "tail_hit": 22, "faststart": 106, "file_s_median": 0.6540018059313297}
probe-run BitRobot/HIW-500-LeRobot BASE 128 files ok 53.5s
{"repo": "BitRobot/HIW-500-LeRobot", "rep": 0, "order": 4, "arm": "BASE", "status": "ok", "error": null, "files": 128, "wall_s": 53.451346945017576, "files_per_s": 2.394701112614926, "kib_per_file": 36525.55806732178, "requests_per_file": 2.3203125, "round_trips_per_file": 2.3203125, "tail_hit": 0, "faststart": 94, "file_s_median": 1.4471074137836695}
probe-run BitRobot/HIW-500-LeRobot A1M 128 files ok 8.1s
{"repo": "BitRobot/HIW-500-LeRobot", "rep": 1, "order": 0, "arm": "A1M", "status": "ok", "error": null, "files": 128, "wall_s": 8.095078356564045, "files_per_s": 15.812076716491424, "kib_per_file": 1536.0, "requests_per_file": 2, "round_trips_per_file": 1, "tail_hit": 30, "faststart": 98, "file_s_median": 0.7328745108097792}
probe-run BitRobot/HIW-500-LeRobot A3M 128 files ok 10.6s
{"repo": "BitRobot/HIW-500-LeRobot", "rep": 1, "order": 1, "arm": "A3M", "status": "ok", "error": null, "files": 128, "wall_s": 10.562912566587329, "files_per_s": 12.11786987661816, "kib_per_file": 3584.0, "requests_per_file": 2, "round_trips_per_file": 1, "tail_hit": 31, "faststart": 97, "file_s_median": 0.9721763171255589}
probe-run BitRobot/HIW-500-LeRobot A1M-c32 128 files ok 7.4s
{"repo": "BitRobot/HIW-500-LeRobot", "rep": 1, "order": 2, "arm": "A1M-c32", "status": "ok", "error": null, "files": 128, "wall_s": 7.431097521446645, "files_per_s": 17.224911882879134, "kib_per_file": 1536.0, "requests_per_file": 2, "round_trips_per_file": 1, "tail_hit": 27, "faststart": 101, "file_s_median": 0.6335563827306032}
probe-run BitRobot/HIW-500-LeRobot BASE 128 files ok 58.7s
{"repo": "BitRobot/HIW-500-LeRobot", "rep": 1, "order": 3, "arm": "BASE", "status": "ok", "error": null, "files": 128, "wall_s": 58.697612358257174, "files_per_s": 2.1806679157366755, "kib_per_file": 39689.808197021484, "requests_per_file": 2.4453125, "round_trips_per_file": 2.4453125, "tail_hit": 0, "faststart": 90, "file_s_median": 1.5135816307738423}
probe-run BitRobot/HIW-500-LeRobot PATCH 128 files ok 5.6s
{"repo": "BitRobot/HIW-500-LeRobot", "rep": 1, "order": 4, "arm": "PATCH", "status": "ok", "error": null, "files": 128, "wall_s": 5.593179143033922, "files_per_s": 22.88501704069658, "kib_per_file": 524.4808120727539, "requests_per_file": 1.2265625, "round_trips_per_file": 1.2265625, "tail_hit": 0, "faststart": 99, "file_s_median": 0.4342538258060813}
probe-run BitRobot/HIW-500-LeRobot A3M 128 files ok 9.8s
{"repo": "BitRobot/HIW-500-LeRobot", "rep": 2, "order": 0, "arm": "A3M", "status": "ok", "error": null, "files": 128, "wall_s": 9.81224790494889, "files_per_s": 13.044921127139697, "kib_per_file": 3584.0, "requests_per_file": 2, "round_trips_per_file": 1, "tail_hit": 31, "faststart": 97, "file_s_median": 0.9541942495852709}
probe-run BitRobot/HIW-500-LeRobot A1M-c32 128 files ok 7.5s
{"repo": "BitRobot/HIW-500-LeRobot", "rep": 2, "order": 1, "arm": "A1M-c32", "status": "ok", "error": null, "files": 128, "wall_s": 7.472541428171098, "files_per_s": 17.12937977398781, "kib_per_file": 1536.0, "requests_per_file": 2, "round_trips_per_file": 1, "tail_hit": 25, "faststart": 103, "file_s_median": 0.6600957526825368}
probe-run BitRobot/HIW-500-LeRobot BASE 128 files ok 43.2s
{"repo": "BitRobot/HIW-500-LeRobot", "rep": 2, "order": 2, "arm": "BASE", "status": "ok", "error": null, "files": 128, "wall_s": 43.189189340919256, "files_per_s": 2.963704620376549, "kib_per_file": 29059.004722595215, "requests_per_file": 2.0078125, "round_trips_per_file": 2.0078125, "tail_hit": 0, "faststart": 102, "file_s_median": 1.3981538196094334}
probe-run BitRobot/HIW-500-LeRobot PATCH 128 files ok 5.8s
{"repo": "BitRobot/HIW-500-LeRobot", "rep": 2, "order": 3, "arm": "PATCH", "status": "ok", "error": null, "files": 128, "wall_s": 5.763431587256491, "files_per_s": 22.208990956537157, "kib_per_file": 527.3350067138672, "requests_per_file": 1.234375, "round_trips_per_file": 1.234375, "tail_hit": 0, "faststart": 98, "file_s_median": 0.45887097576633096}
probe-run BitRobot/HIW-500-LeRobot A1M 128 files ok 8.5s
{"repo": "BitRobot/HIW-500-LeRobot", "rep": 2, "order": 4, "arm": "A1M", "status": "ok", "error": null, "files": 128, "wall_s": 8.484393242746592, "files_per_s": 15.086523731019742, "kib_per_file": 1536.0, "requests_per_file": 2, "round_trips_per_file": 1, "tail_hit": 28, "faststart": 100, "file_s_median": 0.7356528756208718}
probe-run allenai/MolmoAct2-BimanualYAM-Dataset PATCH 8 files ok 1.8s
probe-run allenai/MolmoAct2-BimanualYAM-Dataset A1M 8 files ok 1.4s
probe-run allenai/MolmoAct2-BimanualYAM-Dataset BASE 8 files ok 1.6s
probe-run allenai/MolmoAct2-BimanualYAM-Dataset A1M 128 files ok 13.0s
{"repo": "allenai/MolmoAct2-BimanualYAM-Dataset", "rep": 0, "order": 0, "arm": "A1M", "status": "ok", "error": null, "files": 128, "wall_s": 13.031711424700916, "files_per_s": 9.822194171471816, "kib_per_file": 1536.6975021362305, "requests_per_file": 2.0234375, "round_trips_per_file": 1.0234375, "tail_hit": 10, "faststart": 118, "file_s_median": 1.1677772174589336}
probe-run allenai/MolmoAct2-BimanualYAM-Dataset A3M 128 files ok 15.0s
{"repo": "allenai/MolmoAct2-BimanualYAM-Dataset", "rep": 0, "order": 1, "arm": "A3M", "status": "ok", "error": null, "files": 128, "wall_s": 15.043276173993945, "files_per_s": 8.508784823167703, "kib_per_file": 3585.461700439453, "requests_per_file": 2.03125, "round_trips_per_file": 1.03125, "tail_hit": 6, "faststart": 122, "file_s_median": 1.4363559377379715}
probe-run allenai/MolmoAct2-BimanualYAM-Dataset A1M-c32 128 files ok 12.4s
{"repo": "allenai/MolmoAct2-BimanualYAM-Dataset", "rep": 0, "order": 2, "arm": "A1M-c32", "status": "ok", "error": null, "files": 128, "wall_s": 12.447217112407088, "files_per_s": 10.28342310124989, "kib_per_file": 1538.6631240844727, "requests_per_file": 2.0390625, "round_trips_per_file": 1.0390625, "tail_hit": 5, "faststart": 123, "file_s_median": 1.0728924530558288}
probe-run allenai/MolmoAct2-BimanualYAM-Dataset BASE 128 files ok 21.1s
{"repo": "allenai/MolmoAct2-BimanualYAM-Dataset", "rep": 0, "order": 3, "arm": "BASE", "status": "ok", "error": null, "files": 128, "wall_s": 21.115973003208637, "files_per_s": 6.061761870056852, "kib_per_file": 8724.54271697998, "requests_per_file": 1.2421875, "round_trips_per_file": 1.2421875, "tail_hit": 0, "faststart": 119, "file_s_median": 1.5726452399976552}
probe-run allenai/MolmoAct2-BimanualYAM-Dataset PATCH 128 files ok 10.0s
{"repo": "allenai/MolmoAct2-BimanualYAM-Dataset", "rep": 0, "order": 4, "arm": "PATCH", "status": "ok", "error": null, "files": 128, "wall_s": 9.9614422833547, "files_per_s": 12.849544911170598, "kib_per_file": 517.9542236328125, "requests_per_file": 1.0625, "round_trips_per_file": 1.0625, "tail_hit": 0, "faststart": 121, "file_s_median": 0.8783002914860845}
probe-run allenai/MolmoAct2-BimanualYAM-Dataset A3M 128 files ok 66.3s
{"repo": "allenai/MolmoAct2-BimanualYAM-Dataset", "rep": 1, "order": 0, "arm": "A3M", "status": "ok", "error": null, "files": 128, "wall_s": 66.27853213064373, "files_per_s": 1.9312437358705399, "kib_per_file": 3584.133888244629, "requests_per_file": 2.0078125, "round_trips_per_file": 1.0078125, "tail_hit": 4, "faststart": 124, "file_s_median": 1.3688395987264812}
probe-run allenai/MolmoAct2-BimanualYAM-Dataset A1M-c32 128 files ok 10.3s
{"repo": "allenai/MolmoAct2-BimanualYAM-Dataset", "rep": 1, "order": 1, "arm": "A1M-c32", "status": "ok", "error": null, "files": 128, "wall_s": 10.286849797703326, "files_per_s": 12.443070766774264, "kib_per_file": 1536.164894104004, "requests_per_file": 2.0078125, "round_trips_per_file": 1.0078125, "tail_hit": 8, "faststart": 120, "file_s_median": 0.9825019189156592}
probe-run allenai/MolmoAct2-BimanualYAM-Dataset BASE 128 files ok 23.9s
{"repo": "allenai/MolmoAct2-BimanualYAM-Dataset", "rep": 1, "order": 2, "arm": "BASE", "status": "ok", "error": null, "files": 128, "wall_s": 23.885543974116445, "files_per_s": 5.358889884974239, "kib_per_file": 13228.46987915039, "requests_per_file": 1.3984375, "round_trips_per_file": 1.3984375, "tail_hit": 0, "faststart": 116, "file_s_median": 1.4331917483359575}
probe-run allenai/MolmoAct2-BimanualYAM-Dataset PATCH 128 files ok 8.0s
{"repo": "allenai/MolmoAct2-BimanualYAM-Dataset", "rep": 1, "order": 3, "arm": "PATCH", "status": "ok", "error": null, "files": 128, "wall_s": 7.993956174701452, "files_per_s": 16.012096789457363, "kib_per_file": 517.7379379272461, "requests_per_file": 1.0546875, "round_trips_per_file": 1.0546875, "tail_hit": 0, "faststart": 122, "file_s_median": 0.8221860071644187}
probe-run allenai/MolmoAct2-BimanualYAM-Dataset A1M 128 files ok 11.5s
{"repo": "allenai/MolmoAct2-BimanualYAM-Dataset", "rep": 1, "order": 4, "arm": "A1M", "status": "ok", "error": null, "files": 128, "wall_s": 11.531445200555027, "files_per_s": 11.10008310093163, "kib_per_file": 1537.5831451416016, "requests_per_file": 2.015625, "round_trips_per_file": 1.015625, "tail_hit": 6, "faststart": 122, "file_s_median": 1.0801146519370377}
probe-run allenai/MolmoAct2-BimanualYAM-Dataset A1M-c32 128 files ok 8.7s
{"repo": "allenai/MolmoAct2-BimanualYAM-Dataset", "rep": 2, "order": 0, "arm": "A1M-c32", "status": "ok", "error": null, "files": 128, "wall_s": 8.742871389724314, "files_per_s": 14.640499018485068, "kib_per_file": 1536.4496536254883, "requests_per_file": 2.0078125, "round_trips_per_file": 1.0078125, "tail_hit": 6, "faststart": 122, "file_s_median": 0.8940424434840679}
probe-run allenai/MolmoAct2-BimanualYAM-Dataset BASE 128 files ok 17.1s
{"repo": "allenai/MolmoAct2-BimanualYAM-Dataset", "rep": 2, "order": 1, "arm": "BASE", "status": "ok", "error": null, "files": 128, "wall_s": 17.06539024412632, "files_per_s": 7.5005609698293245, "kib_per_file": 10811.628532409668, "requests_per_file": 1.3125, "round_trips_per_file": 1.3125, "tail_hit": 0, "faststart": 118, "file_s_median": 1.1631010621786118}
probe-run allenai/MolmoAct2-BimanualYAM-Dataset PATCH 128 files ok 7.8s
{"repo": "allenai/MolmoAct2-BimanualYAM-Dataset", "rep": 2, "order": 2, "arm": "PATCH", "status": "ok", "error": null, "files": 128, "wall_s": 7.761586641892791, "files_per_s": 16.491473445535757, "kib_per_file": 513.5594787597656, "requests_per_file": 1.0625, "round_trips_per_file": 1.0625, "tail_hit": 0, "faststart": 121, "file_s_median": 0.7212552507407963}
probe-run allenai/MolmoAct2-BimanualYAM-Dataset A1M 128 files ok 9.8s
{"repo": "allenai/MolmoAct2-BimanualYAM-Dataset", "rep": 2, "order": 3, "arm": "A1M", "status": "ok", "error": null, "files": 128, "wall_s": 9.841149873100221, "files_per_s": 13.006610167565372, "kib_per_file": 1536.0, "requests_per_file": 2, "round_trips_per_file": 1, "tail_hit": 9, "faststart": 119, "file_s_median": 0.9791944515891373}
probe-run allenai/MolmoAct2-BimanualYAM-Dataset A3M 128 files ok 10.6s
{"repo": "allenai/MolmoAct2-BimanualYAM-Dataset", "rep": 2, "order": 4, "arm": "A3M", "status": "ok", "error": null, "files": 128, "wall_s": 10.609012042172253, "files_per_s": 12.065213941805585, "kib_per_file": 3584.0, "requests_per_file": 2, "round_trips_per_file": 1, "tail_hit": 12, "faststart": 116, "file_s_median": 1.0678274245001376}
probe-run cadene/agibot_alpha_v30 PATCH 8 files ok 1.4s
probe-run cadene/agibot_alpha_v30 A1M 8 files ok 1.0s
probe-run cadene/agibot_alpha_v30 BASE 8 files ok 10.1s
probe-run cadene/agibot_alpha_v30 A3M 128 files ok 15.0s
{"repo": "cadene/agibot_alpha_v30", "rep": 0, "order": 0, "arm": "A3M", "status": "ok", "error": null, "files": 128, "wall_s": 14.97824286390096, "files_per_s": 8.545728705500737, "kib_per_file": 3584.0, "requests_per_file": 2, "round_trips_per_file": 1, "tail_hit": 128, "faststart": 0, "file_s_median": 1.6151546300388873}
probe-run cadene/agibot_alpha_v30 A1M-c32 128 files ok 12.7s
{"repo": "cadene/agibot_alpha_v30", "rep": 0, "order": 1, "arm": "A1M-c32", "status": "ok", "error": null, "files": 128, "wall_s": 12.662543603219092, "files_per_s": 10.108553542706826, "kib_per_file": 1703.2718124389648, "requests_per_file": 2.1328125, "round_trips_per_file": 1.1328125, "tail_hit": 111, "faststart": 0, "file_s_median": 1.229397026821971}
probe-run cadene/agibot_alpha_v30 BASE 128 files ok 154.6s
{"repo": "cadene/agibot_alpha_v30", "rep": 0, "order": 2, "arm": "BASE", "status": "ok", "error": null, "files": 128, "wall_s": 154.60648848395795, "files_per_s": 0.8279083320185578, "kib_per_file": 125929.98665618896, "requests_per_file": 5.9609375, "round_trips_per_file": 5.9609375, "tail_hit": 0, "faststart": 0, "file_s_median": 19.137903327587992}
probe-run cadene/agibot_alpha_v30 PATCH 128 files ok 12.6s
{"repo": "cadene/agibot_alpha_v30", "rep": 0, "order": 3, "arm": "PATCH", "status": "ok", "error": null, "files": 128, "wall_s": 12.563180702738464, "files_per_s": 10.188502659370263, "kib_per_file": 946.6389541625977, "requests_per_file": 2, "round_trips_per_file": 2, "tail_hit": 0, "faststart": 0, "file_s_median": 1.3226028177887201}
probe-run cadene/agibot_alpha_v30 A1M 128 files ok 13.3s
{"repo": "cadene/agibot_alpha_v30", "rep": 0, "order": 4, "arm": "A1M", "status": "ok", "error": null, "files": 128, "wall_s": 13.326471517793834, "files_per_s": 9.604943051061284, "kib_per_file": 1750.3041610717773, "requests_per_file": 2.1640625, "round_trips_per_file": 1.1640625, "tail_hit": 107, "faststart": 0, "file_s_median": 1.3032822930254042}
probe-run cadene/agibot_alpha_v30 A1M-c32 128 files ok 13.1s
{"repo": "cadene/agibot_alpha_v30", "rep": 1, "order": 0, "arm": "A1M-c32", "status": "ok", "error": null, "files": 128, "wall_s": 13.108050308190286, "files_per_s": 9.764991512126096, "kib_per_file": 1736.5136108398438, "requests_per_file": 2.15625, "round_trips_per_file": 1.15625, "tail_hit": 108, "faststart": 0, "file_s_median": 1.2564283031970263}
probe-run cadene/agibot_alpha_v30 BASE 128 files ok 156.6s
{"repo": "cadene/agibot_alpha_v30", "rep": 1, "order": 1, "arm": "BASE", "status": "ok", "error": null, "files": 128, "wall_s": 156.64634766522795, "files_per_s": 0.817127254531024, "kib_per_file": 126982.98805236816, "requests_per_file": 5.9765625, "round_trips_per_file": 5.9765625, "tail_hit": 0, "faststart": 0, "file_s_median": 19.61641990020871}
probe-run cadene/agibot_alpha_v30 PATCH 128 files ok 12.9s
{"repo": "cadene/agibot_alpha_v30", "rep": 1, "order": 2, "arm": "PATCH", "status": "ok", "error": null, "files": 128, "wall_s": 12.916420577093959, "files_per_s": 9.909866223076987, "kib_per_file": 981.9007415771484, "requests_per_file": 2, "round_trips_per_file": 2, "tail_hit": 0, "faststart": 0, "file_s_median": 1.3684153971262276}
probe-run cadene/agibot_alpha_v30 A1M 128 files ok 12.8s
{"repo": "cadene/agibot_alpha_v30", "rep": 1, "order": 3, "arm": "A1M", "status": "ok", "error": null, "files": 128, "wall_s": 12.790081825107336, "files_per_s": 10.00775458283089, "kib_per_file": 1657.0616073608398, "requests_per_file": 2.1015625, "round_trips_per_file": 1.1015625, "tail_hit": 115, "faststart": 0, "file_s_median": 1.215864347293973}
probe-run cadene/agibot_alpha_v30 A3M 128 files ok 16.8s
{"repo": "cadene/agibot_alpha_v30", "rep": 1, "order": 4, "arm": "A3M", "status": "ok", "error": null, "files": 128, "wall_s": 16.8488961327821, "files_per_s": 7.5969368551662235, "kib_per_file": 3584.0, "requests_per_file": 2, "round_trips_per_file": 1, "tail_hit": 128, "faststart": 0, "file_s_median": 1.7353753428906202}
probe-run cadene/agibot_alpha_v30 BASE 128 files ok 176.1s
{"repo": "cadene/agibot_alpha_v30", "rep": 2, "order": 0, "arm": "BASE", "status": "ok", "error": null, "files": 128, "wall_s": 176.09207228012383, "files_per_s": 0.7268924622363471, "kib_per_file": 125661.39002990723, "requests_per_file": 5.9375, "round_trips_per_file": 5.9375, "tail_hit": 0, "faststart": 0, "file_s_median": 20.686520895455033}
probe-run cadene/agibot_alpha_v30 PATCH 128 files ok 13.2s
{"repo": "cadene/agibot_alpha_v30", "rep": 2, "order": 1, "arm": "PATCH", "status": "ok", "error": null, "files": 128, "wall_s": 13.222153299488127, "files_per_s": 9.680722731066451, "kib_per_file": 923.8677139282227, "requests_per_file": 2, "round_trips_per_file": 2, "tail_hit": 0, "faststart": 0, "file_s_median": 1.279141638893634}
probe-run cadene/agibot_alpha_v30 A1M 128 files ok 14.5s
{"repo": "cadene/agibot_alpha_v30", "rep": 2, "order": 2, "arm": "A1M", "status": "ok", "error": null, "files": 128, "wall_s": 14.50504506751895, "files_per_s": 8.824515842879354, "kib_per_file": 1658.2510604858398, "requests_per_file": 2.1015625, "round_trips_per_file": 1.1015625, "tail_hit": 115, "faststart": 0, "file_s_median": 1.3617108976468444}
probe-run cadene/agibot_alpha_v30 A3M 128 files ok 19.8s
{"repo": "cadene/agibot_alpha_v30", "rep": 2, "order": 3, "arm": "A3M", "status": "ok", "error": null, "files": 128, "wall_s": 19.79721400514245, "files_per_s": 6.465556212442377, "kib_per_file": 3584.0, "requests_per_file": 2, "round_trips_per_file": 1, "tail_hit": 128, "faststart": 0, "file_s_median": 1.8721565711311996}
probe-run cadene/agibot_alpha_v30 A1M-c32 128 files ok 17.6s
{"repo": "cadene/agibot_alpha_v30", "rep": 2, "order": 4, "arm": "A1M-c32", "status": "ok", "error": null, "files": 128, "wall_s": 17.59667871426791, "files_per_s": 7.2740999638877195, "kib_per_file": 1762.227882385254, "requests_per_file": 2.1796875, "round_trips_per_file": 1.1796875, "tail_hit": 105, "faststart": 0, "file_s_median": 1.4264345401898026}
probe-run lerobot/aloha_sim_insertion_human PATCH 1 files ok 0.4s
probe-run lerobot/aloha_sim_insertion_human A1M 1 files ok 0.4s
probe-run lerobot/aloha_sim_insertion_human BASE 1 files ok 2.1s
probe-run lerobot/aloha_sim_insertion_human A1M-c32 1 files ok 0.2s
{"repo": "lerobot/aloha_sim_insertion_human", "rep": 0, "order": 0, "arm": "A1M-c32", "status": "ok", "error": null, "files": 1, "wall_s": 0.20455712545663118, "files_per_s": 4.88860995561855, "kib_per_file": 1536.0, "requests_per_file": 2, "round_trips_per_file": 1, "tail_hit": 1, "faststart": 0, "file_s_median": 0.12534169852733612}
probe-run lerobot/aloha_sim_insertion_human BASE 1 files ok 2.1s
{"repo": "lerobot/aloha_sim_insertion_human", "rep": 0, "order": 1, "arm": "BASE", "status": "ok", "error": null, "files": 1, "wall_s": 2.0503654666244984, "files_per_s": 0.4877179294510323, "kib_per_file": 127124.5146484375, "requests_per_file": 6, "round_trips_per_file": 6, "tail_hit": 0, "faststart": 0, "file_s_median": 1.9602245176211}
probe-run lerobot/aloha_sim_insertion_human PATCH 1 files ok 0.3s
{"repo": "lerobot/aloha_sim_insertion_human", "rep": 0, "order": 2, "arm": "PATCH", "status": "ok", "error": null, "files": 1, "wall_s": 0.2565645771101117, "files_per_s": 3.897654193980265, "kib_per_file": 660.5146484375, "requests_per_file": 2, "round_trips_per_file": 2, "tail_hit": 0, "faststart": 0, "file_s_median": 0.17928275931626558}
probe-run lerobot/aloha_sim_insertion_human A1M 1 files ok 0.3s
{"repo": "lerobot/aloha_sim_insertion_human", "rep": 0, "order": 3, "arm": "A1M", "status": "ok", "error": null, "files": 1, "wall_s": 0.25338099617511034, "files_per_s": 3.9466258918206516, "kib_per_file": 1536.0, "requests_per_file": 2, "round_trips_per_file": 1, "tail_hit": 1, "faststart": 0, "file_s_median": 0.1758788852021098}
probe-run lerobot/aloha_sim_insertion_human A3M 1 files ok 0.3s
{"repo": "lerobot/aloha_sim_insertion_human", "rep": 0, "order": 4, "arm": "A3M", "status": "ok", "error": null, "files": 1, "wall_s": 0.29599833581596613, "files_per_s": 3.3783973725505656, "kib_per_file": 3584.0, "requests_per_file": 2, "round_trips_per_file": 1, "tail_hit": 1, "faststart": 0, "file_s_median": 0.21689922455698252}
probe-run lerobot/aloha_sim_insertion_human BASE 1 files ok 1.9s
{"repo": "lerobot/aloha_sim_insertion_human", "rep": 1, "order": 0, "arm": "BASE", "status": "ok", "error": null, "files": 1, "wall_s": 1.8758811987936497, "files_per_s": 0.5330827989763343, "kib_per_file": 127124.5146484375, "requests_per_file": 6, "round_trips_per_file": 6, "tail_hit": 0, "faststart": 0, "file_s_median": 1.7992478897795081}
probe-run lerobot/aloha_sim_insertion_human PATCH 1 files ok 0.3s
{"repo": "lerobot/aloha_sim_insertion_human", "rep": 1, "order": 1, "arm": "PATCH", "status": "ok", "error": null, "files": 1, "wall_s": 0.25104011315852404, "files_per_s": 3.9834271400623975, "kib_per_file": 660.5146484375, "requests_per_file": 2, "round_trips_per_file": 2, "tail_hit": 0, "faststart": 0, "file_s_median": 0.1514668008312583}
probe-run lerobot/aloha_sim_insertion_human A1M 1 files ok 0.2s
{"repo": "lerobot/aloha_sim_insertion_human", "rep": 1, "order": 2, "arm": "A1M", "status": "ok", "error": null, "files": 1, "wall_s": 0.2067795293405652, "files_per_s": 4.836068653357864, "kib_per_file": 1536.0, "requests_per_file": 2, "round_trips_per_file": 1, "tail_hit": 1, "faststart": 0, "file_s_median": 0.131517986766994}
probe-run lerobot/aloha_sim_insertion_human A3M 1 files ok 0.3s
{"repo": "lerobot/aloha_sim_insertion_human", "rep": 1, "order": 3, "arm": "A3M", "status": "ok", "error": null, "files": 1, "wall_s": 0.31631130911409855, "files_per_s": 3.1614424498470397, "kib_per_file": 3584.0, "requests_per_file": 2, "round_trips_per_file": 1, "tail_hit": 1, "faststart": 0, "file_s_median": 0.22471376974135637}
probe-run lerobot/aloha_sim_insertion_human A1M-c32 1 files ok 0.2s
{"repo": "lerobot/aloha_sim_insertion_human", "rep": 1, "order": 4, "arm": "A1M-c32", "status": "ok", "error": null, "files": 1, "wall_s": 0.23147333227097988, "files_per_s": 4.3201520891803025, "kib_per_file": 1536.0, "requests_per_file": 2, "round_trips_per_file": 1, "tail_hit": 1, "faststart": 0, "file_s_median": 0.1410408290103078}
probe-run lerobot/aloha_sim_insertion_human PATCH 1 files ok 0.3s
{"repo": "lerobot/aloha_sim_insertion_human", "rep": 2, "order": 0, "arm": "PATCH", "status": "ok", "error": null, "files": 1, "wall_s": 0.2619234509766102, "files_per_s": 3.8179093787570024, "kib_per_file": 660.5146484375, "requests_per_file": 2, "round_trips_per_file": 2, "tail_hit": 0, "faststart": 0, "file_s_median": 0.16657005716115236}
probe-run lerobot/aloha_sim_insertion_human A1M 1 files ok 0.2s
{"repo": "lerobot/aloha_sim_insertion_human", "rep": 2, "order": 1, "arm": "A1M", "status": "ok", "error": null, "files": 1, "wall_s": 0.24428261909633875, "files_per_s": 4.093619119113939, "kib_per_file": 1536.0, "requests_per_file": 2, "round_trips_per_file": 1, "tail_hit": 1, "faststart": 0, "file_s_median": 0.14467262383550406}
probe-run lerobot/aloha_sim_insertion_human A3M 1 files ok 0.4s
{"repo": "lerobot/aloha_sim_insertion_human", "rep": 2, "order": 2, "arm": "A3M", "status": "ok", "error": null, "files": 1, "wall_s": 0.3829036308452487, "files_per_s": 2.6116231851667973, "kib_per_file": 3584.0, "requests_per_file": 2, "round_trips_per_file": 1, "tail_hit": 1, "faststart": 0, "file_s_median": 0.17126585450023413}
probe-run lerobot/aloha_sim_insertion_human A1M-c32 1 files ok 0.2s
{"repo": "lerobot/aloha_sim_insertion_human", "rep": 2, "order": 3, "arm": "A1M-c32", "status": "ok", "error": null, "files": 1, "wall_s": 0.21699359081685543, "files_per_s": 4.608431042758351, "kib_per_file": 1536.0, "requests_per_file": 2, "round_trips_per_file": 1, "tail_hit": 1, "faststart": 0, "file_s_median": 0.12708352599292994}
probe-run lerobot/aloha_sim_insertion_human BASE 1 files ok 2.9s
{"repo": "lerobot/aloha_sim_insertion_human", "rep": 2, "order": 4, "arm": "BASE", "status": "ok", "error": null, "files": 1, "wall_s": 2.919557297602296, "files_per_s": 0.3425176826710187, "kib_per_file": 127124.5146484375, "requests_per_file": 6, "round_trips_per_file": 6, "tail_hit": 0, "faststart": 0, "file_s_median": 2.8072349205613136}
probe-run lerobot/aloha_sim_insertion_scripted PATCH 1 files ok 0.3s
probe-run lerobot/aloha_sim_insertion_scripted A1M 1 files ok 0.3s
probe-run lerobot/aloha_sim_insertion_scripted BASE 1 files ok 1.9s
probe-run lerobot/aloha_sim_insertion_scripted BASE 1 files ok 1.9s
{"repo": "lerobot/aloha_sim_insertion_scripted", "rep": 0, "order": 0, "arm": "BASE", "status": "ok", "error": null, "files": 1, "wall_s": 1.8991709714755416, "files_per_s": 0.5265455375105381, "kib_per_file": 127094.8818359375, "requests_per_file": 6, "round_trips_per_file": 6, "tail_hit": 0, "faststart": 0, "file_s_median": 1.809189761057496}
probe-run lerobot/aloha_sim_insertion_scripted PATCH 1 files ok 0.4s
{"repo": "lerobot/aloha_sim_insertion_scripted", "rep": 0, "order": 1, "arm": "PATCH", "status": "ok", "error": null, "files": 1, "wall_s": 0.4451511036604643, "files_per_s": 2.2464282167943193, "kib_per_file": 630.8818359375, "requests_per_file": 2, "round_trips_per_file": 2, "tail_hit": 0, "faststart": 0, "file_s_median": 0.22696580737829208}
probe-run lerobot/aloha_sim_insertion_scripted A1M 1 files ok 0.2s
{"repo": "lerobot/aloha_sim_insertion_scripted", "rep": 0, "order": 2, "arm": "A1M", "status": "ok", "error": null, "files": 1, "wall_s": 0.2396348463371396, "files_per_s": 4.173015800018963, "kib_per_file": 1536.0, "requests_per_file": 2, "round_trips_per_file": 1, "tail_hit": 1, "faststart": 0, "file_s_median": 0.15405325777828693}
probe-run lerobot/aloha_sim_insertion_scripted A3M 1 files ok 0.3s
{"repo": "lerobot/aloha_sim_insertion_scripted", "rep": 0, "order": 3, "arm": "A3M", "status": "ok", "error": null, "files": 1, "wall_s": 0.25574913062155247, "files_per_s": 3.910081717852487, "kib_per_file": 3584.0, "requests_per_file": 2, "round_trips_per_file": 1, "tail_hit": 1, "faststart": 0, "file_s_median": 0.15809842571616173}
probe-run lerobot/aloha_sim_insertion_scripted A1M-c32 1 files ok 0.2s
{"repo": "lerobot/aloha_sim_insertion_scripted", "rep": 0, "order": 4, "arm": "A1M-c32", "status": "ok", "error": null, "files": 1, "wall_s": 0.21835160721093416, "files_per_s": 4.5797693581159225, "kib_per_file": 1536.0, "requests_per_file": 2, "round_trips_per_file": 1, "tail_hit": 1, "faststart": 0, "file_s_median": 0.12570184841752052}
probe-run lerobot/aloha_sim_insertion_scripted PATCH 1 files ok 0.2s
{"repo": "lerobot/aloha_sim_insertion_scripted", "rep": 1, "order": 0, "arm": "PATCH", "status": "ok", "error": null, "files": 1, "wall_s": 0.24390937760472298, "files_per_s": 4.099883365782638, "kib_per_file": 630.8818359375, "requests_per_file": 2, "round_trips_per_file": 2, "tail_hit": 0, "faststart": 0, "file_s_median": 0.156558059155941}
probe-run lerobot/aloha_sim_insertion_scripted A1M 1 files ok 0.2s
{"repo": "lerobot/aloha_sim_insertion_scripted", "rep": 1, "order": 1, "arm": "A1M", "status": "ok", "error": null, "files": 1, "wall_s": 0.20683327317237854, "files_per_s": 4.8348120428698245, "kib_per_file": 1536.0, "requests_per_file": 2, "round_trips_per_file": 1, "tail_hit": 1, "faststart": 0, "file_s_median": 0.12800260726362467}
probe-run lerobot/aloha_sim_insertion_scripted A3M 1 files ok 0.2s
{"repo": "lerobot/aloha_sim_insertion_scripted", "rep": 1, "order": 2, "arm": "A3M", "status": "ok", "error": null, "files": 1, "wall_s": 0.2237825058400631, "files_per_s": 4.468624552424567, "kib_per_file": 3584.0, "requests_per_file": 2, "round_trips_per_file": 1, "tail_hit": 1, "faststart": 0, "file_s_median": 0.13268053252249956}
probe-run lerobot/aloha_sim_insertion_scripted A1M-c32 1 files ok 0.2s
{"repo": "lerobot/aloha_sim_insertion_scripted", "rep": 1, "order": 3, "arm": "A1M-c32", "status": "ok", "error": null, "files": 1, "wall_s": 0.21025274880230427, "files_per_s": 4.756180386208775, "kib_per_file": 1536.0, "requests_per_file": 2, "round_trips_per_file": 1, "tail_hit": 1, "faststart": 0, "file_s_median": 0.11478851735591888}
probe-run lerobot/aloha_sim_insertion_scripted BASE 1 files ok 1.9s
{"repo": "lerobot/aloha_sim_insertion_scripted", "rep": 1, "order": 4, "arm": "BASE", "status": "ok", "error": null, "files": 1, "wall_s": 1.9116126466542482, "files_per_s": 0.5231185312308039, "kib_per_file": 127094.8818359375, "requests_per_file": 6, "round_trips_per_file": 6, "tail_hit": 0, "faststart": 0, "file_s_median": 1.8095978274941444}
probe-run lerobot/aloha_sim_insertion_scripted A1M 1 files ok 0.3s
{"repo": "lerobot/aloha_sim_insertion_scripted", "rep": 2, "order": 0, "arm": "A1M", "status": "ok", "error": null, "files": 1, "wall_s": 0.25782324094325304, "files_per_s": 3.878626288078119, "kib_per_file": 1536.0, "requests_per_file": 2, "round_trips_per_file": 1, "tail_hit": 1, "faststart": 0, "file_s_median": 0.15917523298412561}
probe-run lerobot/aloha_sim_insertion_scripted A3M 1 files ok 0.2s
{"repo": "lerobot/aloha_sim_insertion_scripted", "rep": 2, "order": 1, "arm": "A3M", "status": "ok", "error": null, "files": 1, "wall_s": 0.19354534521698952, "files_per_s": 5.166747869233796, "kib_per_file": 3584.0, "requests_per_file": 2, "round_trips_per_file": 1, "tail_hit": 1, "faststart": 0, "file_s_median": 0.11821365356445312}
probe-run lerobot/aloha_sim_insertion_scripted A1M-c32 1 files ok 0.2s
{"repo": "lerobot/aloha_sim_insertion_scripted", "rep": 2, "order": 2, "arm": "A1M-c32", "status": "ok", "error": null, "files": 1, "wall_s": 0.22557801846414804, "files_per_s": 4.43305605221873, "kib_per_file": 1536.0, "requests_per_file": 2, "round_trips_per_file": 1, "tail_hit": 1, "faststart": 0, "file_s_median": 0.1234192606061697}
probe-run lerobot/aloha_sim_insertion_scripted BASE 1 files ok 1.8s
{"repo": "lerobot/aloha_sim_insertion_scripted", "rep": 2, "order": 3, "arm": "BASE", "status": "ok", "error": null, "files": 1, "wall_s": 1.8434535320848227, "files_per_s": 0.542460106856649, "kib_per_file": 127094.8818359375, "requests_per_file": 6, "round_trips_per_file": 6, "tail_hit": 0, "faststart": 0, "file_s_median": 1.7643611393868923}
probe-run lerobot/aloha_sim_insertion_scripted PATCH 1 files ok 0.3s
{"repo": "lerobot/aloha_sim_insertion_scripted", "rep": 2, "order": 4, "arm": "PATCH", "status": "ok", "error": null, "files": 1, "wall_s": 0.27763599064201117, "files_per_s": 3.6018384997117248, "kib_per_file": 630.8818359375, "requests_per_file": 2, "round_trips_per_file": 2, "tail_hit": 0, "faststart": 0, "file_s_median": 0.1918016169220209}
probe-run lerobot/aloha_sim_transfer_cube_human PATCH 1 files ok 0.3s
probe-run lerobot/aloha_sim_transfer_cube_human A1M 1 files ok 0.3s
probe-run lerobot/aloha_sim_transfer_cube_human BASE 1 files ok 2.1s
probe-run lerobot/aloha_sim_transfer_cube_human PATCH 1 files ok 0.3s
{"repo": "lerobot/aloha_sim_transfer_cube_human", "rep": 0, "order": 0, "arm": "PATCH", "status": "ok", "error": null, "files": 1, "wall_s": 0.2850853521376848, "files_per_s": 3.5077214332535753, "kib_per_file": 630.8935546875, "requests_per_file": 2, "round_trips_per_file": 2, "tail_hit": 0, "faststart": 0, "file_s_median": 0.16009899508208036}
probe-run lerobot/aloha_sim_transfer_cube_human A1M 1 files ok 0.3s
{"repo": "lerobot/aloha_sim_transfer_cube_human", "rep": 0, "order": 1, "arm": "A1M", "status": "ok", "error": null, "files": 1, "wall_s": 0.34560671262443066, "files_per_s": 2.893462318501596, "kib_per_file": 1536.0, "requests_per_file": 2, "round_trips_per_file": 1, "tail_hit": 1, "faststart": 0, "file_s_median": 0.2667098119854927}
probe-run lerobot/aloha_sim_transfer_cube_human A3M 1 files ok 0.2s
{"repo": "lerobot/aloha_sim_transfer_cube_human", "rep": 0, "order": 2, "arm": "A3M", "status": "ok", "error": null, "files": 1, "wall_s": 0.22118393890559673, "files_per_s": 4.521123933988755, "kib_per_file": 3584.0, "requests_per_file": 2, "round_trips_per_file": 1, "tail_hit": 1, "faststart": 0, "file_s_median": 0.1498431647196412}
probe-run lerobot/aloha_sim_transfer_cube_human A1M-c32 1 files ok 0.3s
{"repo": "lerobot/aloha_sim_transfer_cube_human", "rep": 0, "order": 3, "arm": "A1M-c32", "status": "ok", "error": null, "files": 1, "wall_s": 0.2552460692822933, "files_per_s": 3.9177880498290243, "kib_per_file": 1536.0, "requests_per_file": 2, "round_trips_per_file": 1, "tail_hit": 1, "faststart": 0, "file_s_median": 0.1701247040182352}
probe-run lerobot/aloha_sim_transfer_cube_human BASE 1 files ok 2.0s
{"repo": "lerobot/aloha_sim_transfer_cube_human", "rep": 0, "order": 4, "arm": "BASE", "status": "ok", "error": null, "files": 1, "wall_s": 1.9708497570827603, "files_per_s": 0.5073953488368357, "kib_per_file": 127094.8935546875, "requests_per_file": 6, "round_trips_per_file": 6, "tail_hit": 0, "faststart": 0, "file_s_median": 1.8693643296137452}
probe-run lerobot/aloha_sim_transfer_cube_human A1M 1 files ok 0.2s
{"repo": "lerobot/aloha_sim_transfer_cube_human", "rep": 1, "order": 0, "arm": "A1M", "status": "ok", "error": null, "files": 1, "wall_s": 0.23862313572317362, "files_per_s": 4.19070848670809, "kib_per_file": 1536.0, "requests_per_file": 2, "round_trips_per_file": 1, "tail_hit": 1, "faststart": 0, "file_s_median": 0.1439088862389326}
probe-run lerobot/aloha_sim_transfer_cube_human A3M 1 files ok 0.3s
{"repo": "lerobot/aloha_sim_transfer_cube_human", "rep": 1, "order": 1, "arm": "A3M", "status": "ok", "error": null, "files": 1, "wall_s": 0.2509084474295378, "files_per_s": 3.9855174676047063, "kib_per_file": 3584.0, "requests_per_file": 2, "round_trips_per_file": 1, "tail_hit": 1, "faststart": 0, "file_s_median": 0.16720872279256582}
probe-run lerobot/aloha_sim_transfer_cube_human A1M-c32 1 files ok 0.2s
{"repo": "lerobot/aloha_sim_transfer_cube_human", "rep": 1, "order": 2, "arm": "A1M-c32", "status": "ok", "error": null, "files": 1, "wall_s": 0.2252665227279067, "files_per_s": 4.439186026802006, "kib_per_file": 1536.0, "requests_per_file": 2, "round_trips_per_file": 1, "tail_hit": 1, "faststart": 0, "file_s_median": 0.12364946771413088}
probe-run lerobot/aloha_sim_transfer_cube_human BASE 1 files ok 1.9s
{"repo": "lerobot/aloha_sim_transfer_cube_human", "rep": 1, "order": 3, "arm": "BASE", "status": "ok", "error": null, "files": 1, "wall_s": 1.873546613380313, "files_per_s": 0.5337470617802073, "kib_per_file": 127094.8935546875, "requests_per_file": 6, "round_trips_per_file": 6, "tail_hit": 0, "faststart": 0, "file_s_median": 1.7922794511541724}
probe-run lerobot/aloha_sim_transfer_cube_human PATCH 1 files ok 0.3s
{"repo": "lerobot/aloha_sim_transfer_cube_human", "rep": 1, "order": 4, "arm": "PATCH", "status": "ok", "error": null, "files": 1, "wall_s": 0.2659168131649494, "files_per_s": 3.7605745499803933, "kib_per_file": 630.8935546875, "requests_per_file": 2, "round_trips_per_file": 2, "tail_hit": 0, "faststart": 0, "file_s_median": 0.19834364484995604}
probe-run lerobot/aloha_sim_transfer_cube_human A3M 1 files ok 0.2s
{"repo": "lerobot/aloha_sim_transfer_cube_human", "rep": 2, "order": 0, "arm": "A3M", "status": "ok", "error": null, "files": 1, "wall_s": 0.24574599042534828, "files_per_s": 4.069242384256828, "kib_per_file": 3584.0, "requests_per_file": 2, "round_trips_per_file": 1, "tail_hit": 1, "faststart": 0, "file_s_median": 0.13952163234353065}
probe-run lerobot/aloha_sim_transfer_cube_human A1M-c32 1 files ok 0.2s
{"repo": "lerobot/aloha_sim_transfer_cube_human", "rep": 2, "order": 1, "arm": "A1M-c32", "status": "ok", "error": null, "files": 1, "wall_s": 0.21067371498793364, "files_per_s": 4.7466766324279, "kib_per_file": 1536.0, "requests_per_file": 2, "round_trips_per_file": 1, "tail_hit": 1, "faststart": 0, "file_s_median": 0.1323129227384925}
probe-run lerobot/aloha_sim_transfer_cube_human BASE 1 files ok 2.0s
{"repo": "lerobot/aloha_sim_transfer_cube_human", "rep": 2, "order": 2, "arm": "BASE", "status": "ok", "error": null, "files": 1, "wall_s": 2.0321516832336783, "files_per_s": 0.4920892511373667, "kib_per_file": 127094.8935546875, "requests_per_file": 6, "round_trips_per_file": 6, "tail_hit": 0, "faststart": 0, "file_s_median": 1.9515914544463158}
probe-run lerobot/aloha_sim_transfer_cube_human PATCH 1 files ok 0.3s
{"repo": "lerobot/aloha_sim_transfer_cube_human", "rep": 2, "order": 3, "arm": "PATCH", "status": "ok", "error": null, "files": 1, "wall_s": 0.26603836473077536, "files_per_s": 3.7588563627354152, "kib_per_file": 630.8935546875, "requests_per_file": 2, "round_trips_per_file": 2, "tail_hit": 0, "faststart": 0, "file_s_median": 0.14591818396002054}
probe-run lerobot/aloha_sim_transfer_cube_human A1M 1 files ok 0.2s
{"repo": "lerobot/aloha_sim_transfer_cube_human", "rep": 2, "order": 4, "arm": "A1M", "status": "ok", "error": null, "files": 1, "wall_s": 0.23671309370547533, "files_per_s": 4.224523385445785, "kib_per_file": 1536.0, "requests_per_file": 2, "round_trips_per_file": 1, "tail_hit": 1, "faststart": 0, "file_s_median": 0.1680023269727826}
probe-run lerobot/droid_1.0.1 PATCH 8 files ok 1.5s
probe-run lerobot/droid_1.0.1 A1M 8 files ok 1.5s
probe-run lerobot/droid_1.0.1 BASE 8 files ok 3.5s
probe-run lerobot/droid_1.0.1 A1M 53 files ok 8.6s
{"repo": "lerobot/droid_1.0.1", "rep": 0, "order": 0, "arm": "A1M", "status": "ok", "error": null, "files": 53, "wall_s": 8.553861300460994, "files_per_s": 6.19603219392202, "kib_per_file": 1631.5570644162735, "requests_per_file": 2.9245283018867925, "round_trips_per_file": 1.9245283018867925, "tail_hit": 2, "faststart": 51, "file_s_median": 2.0439857551828027}
probe-run lerobot/droid_1.0.1 A3M 53 files ok 9.7s
{"repo": "lerobot/droid_1.0.1", "rep": 0, "order": 1, "arm": "A3M", "status": "ok", "error": null, "files": 53, "wall_s": 9.67325187381357, "files_per_s": 5.479026152877931, "kib_per_file": 3663.4912109375, "requests_per_file": 2.811320754716981, "round_trips_per_file": 1.8113207547169812, "tail_hit": 4, "faststart": 49, "file_s_median": 2.1995276864618063}
probe-run lerobot/droid_1.0.1 A1M-c32 53 files ok 8.6s
{"repo": "lerobot/droid_1.0.1", "rep": 0, "order": 2, "arm": "A1M-c32", "status": "ok", "error": null, "files": 53, "wall_s": 8.619631292298436, "files_per_s": 6.148754883211192, "kib_per_file": 1658.5072781544811, "requests_per_file": 2.8867924528301887, "round_trips_per_file": 1.8867924528301887, "tail_hit": 1, "faststart": 52, "file_s_median": 1.6948873456567526}
probe-run lerobot/droid_1.0.1 BASE 53 files ok 9.1s
{"repo": "lerobot/droid_1.0.1", "rep": 0, "order": 3, "arm": "BASE", "status": "ok", "error": null, "files": 53, "wall_s": 9.096109707839787, "files_per_s": 5.826666751206856, "kib_per_file": 4096.0, "requests_per_file": 1, "round_trips_per_file": 1, "tail_hit": 0, "faststart": 53, "file_s_median": 2.1266036201268435}
probe-run lerobot/droid_1.0.1 PATCH 53 files ok 8.8s
{"repo": "lerobot/droid_1.0.1", "rep": 0, "order": 4, "arm": "PATCH", "status": "ok", "error": null, "files": 53, "wall_s": 8.793348152190447, "files_per_s": 6.027283246688868, "kib_per_file": 668.4683999115566, "requests_per_file": 1.849056603773585, "round_trips_per_file": 1.849056603773585, "tail_hit": 0, "faststart": 52, "file_s_median": 1.798164795152843}
probe-run lerobot/droid_1.0.1 A3M 53 files ok 10.1s
{"repo": "lerobot/droid_1.0.1", "rep": 1, "order": 0, "arm": "A3M", "status": "ok", "error": null, "files": 53, "wall_s": 10.148474490270019, "files_per_s": 5.2224597944069755, "kib_per_file": 3708.3944759728774, "requests_per_file": 2.9245283018867925, "round_trips_per_file": 1.9245283018867925, "tail_hit": 1, "faststart": 52, "file_s_median": 2.2074183793738484}
probe-run lerobot/droid_1.0.1 A1M-c32 53 files ok 9.3s
{"repo": "lerobot/droid_1.0.1", "rep": 1, "order": 1, "arm": "A1M-c32", "status": "ok", "error": null, "files": 53, "wall_s": 9.266001503914595, "files_per_s": 5.719835031065899, "kib_per_file": 1668.6229731721698, "requests_per_file": 2.8679245283018866, "round_trips_per_file": 1.8679245283018868, "tail_hit": 4, "faststart": 49, "file_s_median": 2.009218482300639}
probe-run lerobot/droid_1.0.1 BASE 53 files ok 11.9s
{"repo": "lerobot/droid_1.0.1", "rep": 1, "order": 2, "arm": "BASE", "status": "ok", "error": null, "files": 53, "wall_s": 11.932551219128072, "files_per_s": 4.441631887993922, "kib_per_file": 8766.930313974057, "requests_per_file": 1.1886792452830188, "round_trips_per_file": 1.1886792452830188, "tail_hit": 0, "faststart": 51, "file_s_median": 1.9448888720944524}
probe-run lerobot/droid_1.0.1 PATCH 53 files ok 8.1s
{"repo": "lerobot/droid_1.0.1", "rep": 1, "order": 3, "arm": "PATCH", "status": "ok", "error": null, "files": 53, "wall_s": 8.126916765235364, "files_per_s": 6.5215384297669825, "kib_per_file": 695.0549823113207, "requests_per_file": 1.9056603773584906, "round_trips_per_file": 1.9056603773584906, "tail_hit": 0, "faststart": 48, "file_s_median": 1.7825705902650952}
probe-run lerobot/droid_1.0.1 A1M 53 files ok 8.6s
{"repo": "lerobot/droid_1.0.1", "rep": 1, "order": 4, "arm": "A1M", "status": "ok", "error": null, "files": 53, "wall_s": 8.642930784262717, "files_per_s": 6.132179155767838, "kib_per_file": 1634.6485112028302, "requests_per_file": 2.830188679245283, "round_trips_per_file": 1.830188679245283, "tail_hit": 2, "faststart": 51, "file_s_median": 1.99212297052145}
probe-run lerobot/droid_1.0.1 A1M-c32 53 files ok 8.5s
{"repo": "lerobot/droid_1.0.1", "rep": 2, "order": 0, "arm": "A1M-c32", "status": "ok", "error": null, "files": 53, "wall_s": 8.503919614478946, "files_per_s": 6.232420154790872, "kib_per_file": 1638.7282392393868, "requests_per_file": 2.8867924528301887, "round_trips_per_file": 1.8867924528301887, "tail_hit": 1, "faststart": 52, "file_s_median": 1.8311620336025953}
probe-run lerobot/droid_1.0.1 BASE 53 files ok 13.8s
{"repo": "lerobot/droid_1.0.1", "rep": 2, "order": 1, "arm": "BASE", "status": "ok", "error": null, "files": 53, "wall_s": 13.80520308110863, "files_per_s": 3.8391322234532335, "kib_per_file": 13410.31633254717, "requests_per_file": 1.3773584905660377, "round_trips_per_file": 1.3773584905660377, "tail_hit": 0, "faststart": 49, "file_s_median": 2.22979549318552}
probe-run lerobot/droid_1.0.1 PATCH 53 files ok 8.1s
{"repo": "lerobot/droid_1.0.1", "rep": 2, "order": 2, "arm": "PATCH", "status": "ok", "error": null, "files": 53, "wall_s": 8.112871343269944, "files_per_s": 6.532828853987226, "kib_per_file": 716.9323592275944, "requests_per_file": 1.9622641509433962, "round_trips_per_file": 1.9622641509433962, "tail_hit": 0, "faststart": 45, "file_s_median": 1.7537652589380741}
probe-run lerobot/droid_1.0.1 A1M 53 files ok 8.6s
{"repo": "lerobot/droid_1.0.1", "rep": 2, "order": 3, "arm": "A1M", "status": "ok", "error": null, "files": 53, "wall_s": 8.569678257219493, "files_per_s": 6.184596248447291, "kib_per_file": 1616.4067290683963, "requests_per_file": 2.8679245283018866, "round_trips_per_file": 1.8679245283018868, "tail_hit": 2, "faststart": 51, "file_s_median": 2.1534229703247547}
probe-run lerobot/droid_1.0.1 A3M 53 files ok 10.1s
{"repo": "lerobot/droid_1.0.1", "rep": 2, "order": 4, "arm": "A3M", "status": "ok", "error": null, "files": 53, "wall_s": 10.092526036314666, "files_per_s": 5.2514107775691405, "kib_per_file": 3680.912717423349, "requests_per_file": 2.811320754716981, "round_trips_per_file": 1.8113207547169812, "tail_hit": 5, "faststart": 48, "file_s_median": 2.265424002893269}
probe-run lerobot/pusht PATCH 1 files ok 0.4s
probe-run lerobot/pusht A1M 1 files ok 0.3s
probe-run lerobot/pusht BASE 1 files ok 0.4s
probe-run lerobot/pusht A3M 1 files ok 0.2s
{"repo": "lerobot/pusht", "rep": 0, "order": 0, "arm": "A3M", "status": "ok", "error": null, "files": 1, "wall_s": 0.2256685895845294, "files_per_s": 4.431276864188611, "kib_per_file": 3584.0, "requests_per_file": 2, "round_trips_per_file": 1, "tail_hit": 1, "faststart": 0, "file_s_median": 0.1416257694363594}
probe-run lerobot/pusht A1M-c32 1 files ok 0.3s
{"repo": "lerobot/pusht", "rep": 0, "order": 1, "arm": "A1M-c32", "status": "ok", "error": null, "files": 1, "wall_s": 0.27001790702342987, "files_per_s": 3.703458081812435, "kib_per_file": 1536.0, "requests_per_file": 2, "round_trips_per_file": 1, "tail_hit": 1, "faststart": 0, "file_s_median": 0.1754186125472188}
probe-run lerobot/pusht BASE 1 files ok 0.4s
{"repo": "lerobot/pusht", "rep": 0, "order": 2, "arm": "BASE", "status": "ok", "error": null, "files": 1, "wall_s": 0.39578334614634514, "files_per_s": 2.5266348615644865, "kib_per_file": 10825.462890625, "requests_per_file": 2, "round_trips_per_file": 2, "tail_hit": 0, "faststart": 0, "file_s_median": 0.2981374291703105}
probe-run lerobot/pusht PATCH 1 files ok 0.3s
{"repo": "lerobot/pusht", "rep": 0, "order": 3, "arm": "PATCH", "status": "ok", "error": null, "files": 1, "wall_s": 0.3180169388651848, "files_per_s": 3.144486591086661, "kib_per_file": 663.353515625, "requests_per_file": 2, "round_trips_per_file": 2, "tail_hit": 0, "faststart": 0, "file_s_median": 0.22215236350893974}
probe-run lerobot/pusht A1M 1 files ok 0.2s
{"repo": "lerobot/pusht", "rep": 0, "order": 4, "arm": "A1M", "status": "ok", "error": null, "files": 1, "wall_s": 0.247718402184546, "files_per_s": 4.036841797707935, "kib_per_file": 1536.0, "requests_per_file": 2, "round_trips_per_file": 1, "tail_hit": 1, "faststart": 0, "file_s_median": 0.1582976896315813}
probe-run lerobot/pusht A1M-c32 1 files ok 0.2s
{"repo": "lerobot/pusht", "rep": 1, "order": 0, "arm": "A1M-c32", "status": "ok", "error": null, "files": 1, "wall_s": 0.2404463915154338, "files_per_s": 4.15893120165961, "kib_per_file": 1536.0, "requests_per_file": 2, "round_trips_per_file": 1, "tail_hit": 1, "faststart": 0, "file_s_median": 0.13793464191257954}
probe-run lerobot/pusht BASE 1 files ok 0.4s
{"repo": "lerobot/pusht", "rep": 1, "order": 1, "arm": "BASE", "status": "ok", "error": null, "files": 1, "wall_s": 0.43918347638100386, "files_per_s": 2.2769526946693963, "kib_per_file": 10825.462890625, "requests_per_file": 2, "round_trips_per_file": 2, "tail_hit": 0, "faststart": 0, "file_s_median": 0.36330250557512045}
probe-run lerobot/pusht PATCH 1 files ok 0.3s
{"repo": "lerobot/pusht", "rep": 1, "order": 2, "arm": "PATCH", "status": "ok", "error": null, "files": 1, "wall_s": 0.2714995816349983, "files_per_s": 3.683246927961721, "kib_per_file": 663.353515625, "requests_per_file": 2, "round_trips_per_file": 2, "tail_hit": 0, "faststart": 0, "file_s_median": 0.19440184067934752}
probe-run lerobot/pusht A1M 1 files ok 0.2s
{"repo": "lerobot/pusht", "rep": 1, "order": 3, "arm": "A1M", "status": "ok", "error": null, "files": 1, "wall_s": 0.24055411852896214, "files_per_s": 4.15706871333239, "kib_per_file": 1536.0, "requests_per_file": 2, "round_trips_per_file": 1, "tail_hit": 1, "faststart": 0, "file_s_median": 0.15592416655272245}
probe-run lerobot/pusht A3M 1 files ok 0.2s
{"repo": "lerobot/pusht", "rep": 1, "order": 4, "arm": "A3M", "status": "ok", "error": null, "files": 1, "wall_s": 0.23026804998517036, "files_per_s": 4.342764877995022, "kib_per_file": 3584.0, "requests_per_file": 2, "round_trips_per_file": 1, "tail_hit": 1, "faststart": 0, "file_s_median": 0.1436513364315033}
probe-run lerobot/pusht BASE 1 files ok 0.6s
{"repo": "lerobot/pusht", "rep": 2, "order": 0, "arm": "BASE", "status": "ok", "error": null, "files": 1, "wall_s": 0.585442909039557, "files_per_s": 1.708108484293611, "kib_per_file": 10825.462890625, "requests_per_file": 2, "round_trips_per_file": 2, "tail_hit": 0, "faststart": 0, "file_s_median": 0.5029170839115977}
probe-run lerobot/pusht PATCH 1 files ok 0.3s
{"repo": "lerobot/pusht", "rep": 2, "order": 1, "arm": "PATCH", "status": "ok", "error": null, "files": 1, "wall_s": 0.3087440561503172, "files_per_s": 3.2389287504635664, "kib_per_file": 663.353515625, "requests_per_file": 2, "round_trips_per_file": 2, "tail_hit": 0, "faststart": 0, "file_s_median": 0.2112322887405753}
probe-run lerobot/pusht A1M 1 files ok 0.2s
{"repo": "lerobot/pusht", "rep": 2, "order": 2, "arm": "A1M", "status": "ok", "error": null, "files": 1, "wall_s": 0.20274177100509405, "files_per_s": 4.932382680897437, "kib_per_file": 1536.0, "requests_per_file": 2, "round_trips_per_file": 1, "tail_hit": 1, "faststart": 0, "file_s_median": 0.12980760540813208}
probe-run lerobot/pusht A3M 1 files ok 0.2s
{"repo": "lerobot/pusht", "rep": 2, "order": 3, "arm": "A3M", "status": "ok", "error": null, "files": 1, "wall_s": 0.22701243683695793, "files_per_s": 4.4050450007644635, "kib_per_file": 3584.0, "requests_per_file": 2, "round_trips_per_file": 1, "tail_hit": 1, "faststart": 0, "file_s_median": 0.1344971414655447}
probe-run lerobot/pusht A1M-c32 1 files ok 0.2s
{"repo": "lerobot/pusht", "rep": 2, "order": 4, "arm": "A1M-c32", "status": "ok", "error": null, "files": 1, "wall_s": 0.21765222121030092, "files_per_s": 4.594485617648604, "kib_per_file": 1536.0, "requests_per_file": 2, "round_trips_per_file": 1, "tail_hit": 1, "faststart": 0, "file_s_median": 0.1334906741976738}
probe-run yaak-ai/L2D PATCH 8 files ok 0.9s
probe-run yaak-ai/L2D A1M 8 files ok 1.1s
probe-run yaak-ai/L2D BASE 8 files ok 0.9s
probe-run yaak-ai/L2D A1M-c32 128 files ok 7.3s
{"repo": "yaak-ai/L2D", "rep": 0, "order": 0, "arm": "A1M-c32", "status": "ok", "error": null, "files": 128, "wall_s": 7.282367902807891, "files_per_s": 17.57670056063036, "kib_per_file": 1553.3036041259766, "requests_per_file": 2.015625, "round_trips_per_file": 1.015625, "tail_hit": 0, "faststart": 128, "file_s_median": 0.6540530505590141}
probe-run yaak-ai/L2D BASE 128 files ok 7.4s
{"repo": "yaak-ai/L2D", "rep": 0, "order": 1, "arm": "BASE", "status": "ok", "error": null, "files": 128, "wall_s": 7.399606595747173, "files_per_s": 17.298216917851597, "kib_per_file": 4096.0, "requests_per_file": 1, "round_trips_per_file": 1, "tail_hit": 0, "faststart": 128, "file_s_median": 0.6800109716132283}
probe-run yaak-ai/L2D PATCH 128 files ok 4.6s
{"repo": "yaak-ai/L2D", "rep": 0, "order": 2, "arm": "PATCH", "status": "ok", "error": null, "files": 128, "wall_s": 4.620509996078908, "files_per_s": 27.702569653268647, "kib_per_file": 512.0, "requests_per_file": 1, "round_trips_per_file": 1, "tail_hit": 0, "faststart": 128, "file_s_median": 0.3825950976461172}
probe-run yaak-ai/L2D A1M 128 files ok 7.6s
{"repo": "yaak-ai/L2D", "rep": 0, "order": 3, "arm": "A1M", "status": "ok", "error": null, "files": 128, "wall_s": 7.614658836275339, "files_per_s": 16.809682843599383, "kib_per_file": 1536.0, "requests_per_file": 2, "round_trips_per_file": 1, "tail_hit": 0, "faststart": 128, "file_s_median": 0.7188706039451063}
probe-run yaak-ai/L2D A3M 128 files ok 8.8s
{"repo": "yaak-ai/L2D", "rep": 0, "order": 4, "arm": "A3M", "status": "ok", "error": null, "files": 128, "wall_s": 8.818997094407678, "files_per_s": 14.514122028815232, "kib_per_file": 3584.0, "requests_per_file": 2, "round_trips_per_file": 1, "tail_hit": 0, "faststart": 128, "file_s_median": 0.8702713851816952}
probe-run yaak-ai/L2D BASE 128 files ok 7.9s
{"repo": "yaak-ai/L2D", "rep": 1, "order": 0, "arm": "BASE", "status": "ok", "error": null, "files": 128, "wall_s": 7.85108145326376, "files_per_s": 16.303486438392426, "kib_per_file": 4096.0, "requests_per_file": 1, "round_trips_per_file": 1, "tail_hit": 0, "faststart": 128, "file_s_median": 0.7205179501324892}
probe-run yaak-ai/L2D PATCH 128 files ok 5.0s
{"repo": "yaak-ai/L2D", "rep": 1, "order": 1, "arm": "PATCH", "status": "ok", "error": null, "files": 128, "wall_s": 4.995833394117653, "files_per_s": 25.621350814203225, "kib_per_file": 512.0, "requests_per_file": 1, "round_trips_per_file": 1, "tail_hit": 0, "faststart": 128, "file_s_median": 0.4006387675181031}
probe-run yaak-ai/L2D A1M 128 files ok 8.1s
{"repo": "yaak-ai/L2D", "rep": 1, "order": 2, "arm": "A1M", "status": "ok", "error": null, "files": 128, "wall_s": 8.128400190733373, "files_per_s": 15.747256163140682, "kib_per_file": 1543.8968124389648, "requests_per_file": 2.0078125, "round_trips_per_file": 1.0078125, "tail_hit": 0, "faststart": 128, "file_s_median": 0.7520935237407684}
probe-run yaak-ai/L2D A3M 128 files ok 64.8s
{"repo": "yaak-ai/L2D", "rep": 1, "order": 3, "arm": "A3M", "status": "ok", "error": null, "files": 128, "wall_s": 64.80517968256027, "files_per_s": 1.9751507615130663, "kib_per_file": 3584.0, "requests_per_file": 2, "round_trips_per_file": 1, "tail_hit": 0, "faststart": 128, "file_s_median": 0.7883873558603227}
probe-run yaak-ai/L2D A1M-c32 128 files ok 6.7s
{"repo": "yaak-ai/L2D", "rep": 1, "order": 4, "arm": "A1M-c32", "status": "ok", "error": null, "files": 128, "wall_s": 6.67355481069535, "files_per_s": 19.180182620941576, "kib_per_file": 1536.0, "requests_per_file": 2, "round_trips_per_file": 1, "tail_hit": 0, "faststart": 128, "file_s_median": 0.5807886216789484}
probe-run yaak-ai/L2D PATCH 128 files ok 5.9s
{"repo": "yaak-ai/L2D", "rep": 2, "order": 0, "arm": "PATCH", "status": "ok", "error": null, "files": 128, "wall_s": 5.92455746140331, "files_per_s": 21.60498920533408, "kib_per_file": 528.4558563232422, "requests_per_file": 1.015625, "round_trips_per_file": 1.015625, "tail_hit": 0, "faststart": 128, "file_s_median": 0.44753945665434003}
probe-run yaak-ai/L2D A1M 128 files ok 65.0s
{"repo": "yaak-ai/L2D", "rep": 2, "order": 1, "arm": "A1M", "status": "ok", "error": null, "files": 128, "wall_s": 65.00445014983416, "files_per_s": 1.9690959573531068, "kib_per_file": 1536.0, "requests_per_file": 2, "round_trips_per_file": 1, "tail_hit": 0, "faststart": 128, "file_s_median": 0.6829266608692706}
probe-run yaak-ai/L2D A3M 128 files ok 8.9s
{"repo": "yaak-ai/L2D", "rep": 2, "order": 2, "arm": "A3M", "status": "ok", "error": null, "files": 128, "wall_s": 8.853408799506724, "files_per_s": 14.457708087209488, "kib_per_file": 3584.0, "requests_per_file": 2, "round_trips_per_file": 1, "tail_hit": 0, "faststart": 128, "file_s_median": 0.8638732475228608}
probe-run yaak-ai/L2D A1M-c32 128 files ok 6.3s
{"repo": "yaak-ai/L2D", "rep": 2, "order": 3, "arm": "A1M-c32", "status": "ok", "error": null, "files": 128, "wall_s": 6.2766407802701, "files_per_s": 20.393074015379902, "kib_per_file": 1536.0, "requests_per_file": 2, "round_trips_per_file": 1, "tail_hit": 0, "faststart": 128, "file_s_median": 0.5627778568305075}
probe-run yaak-ai/L2D BASE 128 files ok 7.4s
{"repo": "yaak-ai/L2D", "rep": 2, "order": 4, "arm": "BASE", "status": "ok", "error": null, "files": 128, "wall_s": 7.354235354810953, "files_per_s": 17.404936587495214, "kib_per_file": 4096.0, "requests_per_file": 1, "round_trips_per_file": 1, "tail_hit": 0, "faststart": 128, "file_s_median": 0.6808984451927245}
probe-run zekaiwang/trex_dataset PATCH 8 files ok 1.3s
probe-run zekaiwang/trex_dataset A1M 8 files ok 1.0s
probe-run zekaiwang/trex_dataset BASE 8 files ok 1.0s
probe-run zekaiwang/trex_dataset BASE 128 files ok 9.4s
{"repo": "zekaiwang/trex_dataset", "rep": 0, "order": 0, "arm": "BASE", "status": "ok", "error": null, "files": 128, "wall_s": 9.397277487441897, "files_per_s": 13.620966303384517, "kib_per_file": 4096.0, "requests_per_file": 1, "round_trips_per_file": 1, "tail_hit": 0, "faststart": 128, "file_s_median": 0.9411203102208674}
probe-run zekaiwang/trex_dataset PATCH 128 files ok 6.5s
{"repo": "zekaiwang/trex_dataset", "rep": 0, "order": 1, "arm": "PATCH", "status": "ok", "error": null, "files": 128, "wall_s": 6.48611181601882, "files_per_s": 19.734473229998446, "kib_per_file": 525.1435852050781, "requests_per_file": 1.0078125, "round_trips_per_file": 1.0078125, "tail_hit": 0, "faststart": 128, "file_s_median": 0.6319484054110944}
probe-run zekaiwang/trex_dataset A1M 128 files ok 10.1s
{"repo": "zekaiwang/trex_dataset", "rep": 0, "order": 2, "arm": "A1M", "status": "ok", "error": null, "files": 128, "wall_s": 10.123427875339985, "files_per_s": 12.64393855284925, "kib_per_file": 1536.0, "requests_per_file": 2, "round_trips_per_file": 1, "tail_hit": 0, "faststart": 128, "file_s_median": 0.9953702194616199}
probe-run zekaiwang/trex_dataset A3M 128 files ok 11.8s
{"repo": "zekaiwang/trex_dataset", "rep": 0, "order": 3, "arm": "A3M", "status": "ok", "error": null, "files": 128, "wall_s": 11.793145692907274, "files_per_s": 10.853762289817446, "kib_per_file": 3592.053741455078, "requests_per_file": 2.0078125, "round_trips_per_file": 1.0078125, "tail_hit": 2, "faststart": 126, "file_s_median": 1.1172965723089874}
probe-run zekaiwang/trex_dataset A1M-c32 128 files ok 7.0s
{"repo": "zekaiwang/trex_dataset", "rep": 0, "order": 4, "arm": "A1M-c32", "status": "ok", "error": null, "files": 128, "wall_s": 6.974496770650148, "files_per_s": 18.35257857436331, "kib_per_file": 1536.0, "requests_per_file": 2, "round_trips_per_file": 1, "tail_hit": 0, "faststart": 128, "file_s_median": 0.6608276008628309}
probe-run zekaiwang/trex_dataset PATCH 128 files ok 6.8s
{"repo": "zekaiwang/trex_dataset", "rep": 1, "order": 0, "arm": "PATCH", "status": "ok", "error": null, "files": 128, "wall_s": 6.837496162392199, "files_per_s": 18.72030301150726, "kib_per_file": 536.2516250610352, "requests_per_file": 1.03125, "round_trips_per_file": 1.03125, "tail_hit": 0, "faststart": 127, "file_s_median": 0.6313819219358265}
probe-run zekaiwang/trex_dataset A1M 128 files ok 10.2s
{"repo": "zekaiwang/trex_dataset", "rep": 1, "order": 1, "arm": "A1M", "status": "ok", "error": null, "files": 128, "wall_s": 10.174691559746861, "files_per_s": 12.580233931256835, "kib_per_file": 1543.0611267089844, "requests_per_file": 2.0078125, "round_trips_per_file": 1.0078125, "tail_hit": 1, "faststart": 127, "file_s_median": 1.0072509869933128}
probe-run zekaiwang/trex_dataset A3M 128 files ok 10.9s
{"repo": "zekaiwang/trex_dataset", "rep": 1, "order": 2, "arm": "A3M", "status": "ok", "error": null, "files": 128, "wall_s": 10.948354246094823, "files_per_s": 11.691254879303564, "kib_per_file": 3584.0, "requests_per_file": 2, "round_trips_per_file": 1, "tail_hit": 0, "faststart": 128, "file_s_median": 1.1108579961583018}
probe-run zekaiwang/trex_dataset A1M-c32 128 files ok 7.3s
{"repo": "zekaiwang/trex_dataset", "rep": 1, "order": 3, "arm": "A1M-c32", "status": "ok", "error": null, "files": 128, "wall_s": 7.32710247579962, "files_per_s": 17.469388536978407, "kib_per_file": 1543.9355163574219, "requests_per_file": 2.0078125, "round_trips_per_file": 1.0078125, "tail_hit": 0, "faststart": 128, "file_s_median": 0.6819697832688689}
probe-run zekaiwang/trex_dataset BASE 128 files ok 9.3s
{"repo": "zekaiwang/trex_dataset", "rep": 1, "order": 4, "arm": "BASE", "status": "ok", "error": null, "files": 128, "wall_s": 9.266881903633475, "files_per_s": 13.812628814209033, "kib_per_file": 4160.0, "requests_per_file": 1.0078125, "round_trips_per_file": 1.0078125, "tail_hit": 0, "faststart": 128, "file_s_median": 0.8112252885475755}
probe-run zekaiwang/trex_dataset A1M 128 files ok 10.5s
{"repo": "zekaiwang/trex_dataset", "rep": 2, "order": 0, "arm": "A1M", "status": "ok", "error": null, "files": 128, "wall_s": 10.461316855624318, "files_per_s": 12.235553302372574, "kib_per_file": 1558.5235290527344, "requests_per_file": 2.015625, "round_trips_per_file": 1.015625, "tail_hit": 0, "faststart": 128, "file_s_median": 1.0265237488783896}
probe-run zekaiwang/trex_dataset A3M 128 files ok 10.7s
{"repo": "zekaiwang/trex_dataset", "rep": 2, "order": 1, "arm": "A3M", "status": "ok", "error": null, "files": 128, "wall_s": 10.717430553399026, "files_per_s": 11.943161130109202, "kib_per_file": 3592.881866455078, "requests_per_file": 2.0078125, "round_trips_per_file": 1.0078125, "tail_hit": 0, "faststart": 128, "file_s_median": 1.0950933736748993}
probe-run zekaiwang/trex_dataset A1M-c32 128 files ok 8.1s
{"repo": "zekaiwang/trex_dataset", "rep": 2, "order": 2, "arm": "A1M-c32", "status": "ok", "error": null, "files": 128, "wall_s": 8.115910110995173, "files_per_s": 15.77149059679576, "kib_per_file": 1591.9856567382812, "requests_per_file": 2.015625, "round_trips_per_file": 1.015625, "tail_hit": 0, "faststart": 128, "file_s_median": 0.6488119447603822}
probe-run zekaiwang/trex_dataset BASE 128 files ok 11.6s
{"repo": "zekaiwang/trex_dataset", "rep": 2, "order": 3, "arm": "BASE", "status": "ok", "error": null, "files": 128, "wall_s": 11.628757825121284, "files_per_s": 11.007194570987208, "kib_per_file": 5056.200325012207, "requests_per_file": 1.0390625, "round_trips_per_file": 1.0390625, "tail_hit": 0, "faststart": 127, "file_s_median": 0.8457994423806667}
probe-run zekaiwang/trex_dataset PATCH 128 files ok 7.8s
{"repo": "zekaiwang/trex_dataset", "rep": 2, "order": 4, "arm": "PATCH", "status": "ok", "error": null, "files": 128, "wall_s": 7.779229904524982, "files_per_s": 16.45407084903682, "kib_per_file": 568.6807250976562, "requests_per_file": 1.03125, "round_trips_per_file": 1.03125, "tail_hit": 0, "faststart": 128, "file_s_median": 0.6911621321924031}
== stage ab3: ok (1862s, cgroup peak 5359 MB)
uploaded results/ab3-20261002T190623Z-j1 (after ab3)
== done 2026-10-02T19:40:01Z: /results/ab3-20261002T190623Z-j1
== exit code 0 at 2026-10-02T19:40:01Z
