== DATA-11 ab2 job ab2tf-20261002-j3 start 2026-10-02T17:04:08Z SMOKE=0 host=j-hadriencornier-6abfe402404719ba37625d27-93eb02xj-c4956-kws4l
HF_TOKEN present (value not shown); results -> dataset hadriencornier/lerobot-data11-bench:results/ab2tf-20261002-j3
attempt marker attempts/6abfe402404719ba37625d27 recorded
system ffmpeg: ffmpeg version 7.1.5-0+deb13u1 Copyright (c) 2000-2026 the FFmpeg developers
== stage system_deps: ok (32s, cgroup peak 839 MB)
bundle checksums OK
== stage bundle: ok (0s, cgroup peak 839 MB)

[notice] A new release of pip is available: 25.0.1 -> 26.2.1
[notice] To update, run: pip install --upgrade pip
patching file src/lerobot/streaming/manifest.py
patching file src/lerobot/streaming/mp4.py
patching file tests/datasets/test_episode_video_streaming.py
patching file src/lerobot/datasets/streaming_dataset.py
patching file tests/datasets/test_streaming_production.py
Using Python 3.12.15 environment at: /work/venv_base
base venv /work/venv_base/lib/python3.12/site-packages/lerobot/__init__.py 2.11.0+cpu 0.11.1+cpu probe_patch False tfx_patch False
Using Python 3.12.15 environment at: /work/venv_probe
probe venv /work/venv_probe/lib/python3.12/site-packages/lerobot/__init__.py 2.11.0+cpu 0.11.1+cpu probe_patch True tfx_patch False
Using Python 3.12.15 environment at: /work/venv_tfx
tfx venv /work/venv_tfx/lib/python3.12/site-packages/lerobot/__init__.py 2.11.0+cpu 0.11.1+cpu probe_patch False tfx_patch True
== stage python_env: ok (85s, cgroup peak 3823 MB)
uploaded results/ab2tf-20261002-j3 (setup done)
== stage ab2 start 2026-10-02T17:06:08Z
[17:09:07] TFX_D2T_r0: ok sps 101.40668453115681 cpu/sample 18.86287187916943
[17:11:59] BASE_D2T_r0: ok sps 69.785618094008 cpu/sample 18.266180472855574
[17:14:51] BASE_D6T_r0: ok sps 71.12021314193221 cpu/sample 17.863366736291415
[17:17:44] TFX_D6T_r0: ok sps 78.21147357370323 cpu/sample 36.079013305545665
[17:20:41] TFX_D6_r0: ok sps 290.0328560798315 cpu/sample 7.24478528517779
[17:23:39] BASE_D6_r0: ok sps 265.33485736293756 cpu/sample 7.283496163212909
[17:26:36] BASE_D6_r1: ok sps 256.2757150014002 cpu/sample 7.374574336852312
[17:29:36] TFX_D6_r1: ok sps 191.498776399947 cpu/sample 7.471927764274103
[17:32:39] TFX_D6T_r1: ok sps 53.946877715272905 cpu/sample 38.955519117633756
[17:35:41] BASE_D6T_r1: ok sps 32.484312175880646 cpu/sample 29.639126429731515
[17:38:49] BASE_D2T_r1: ok sps 28.38681600374112 cpu/sample 30.235877692738413
[17:42:01] TFX_D2T_r1: ok sps 27.718589159567845 cpu/sample 31.12139558224888
== stage ab2: ok (2154s, cgroup peak 6311 MB)
uploaded results/ab2tf-20261002-j3 (after ab2)
== done 2026-10-02T17:42:05Z: /results/ab2tf-20261002-j3
== exit code 0 at 2026-10-02T17:42:05Z
