
Downloading bytes:           |  0.00B            [A
Reconstructing (incomplete total...): |          |  0.00B /  0.00B            [A
Fetching 12 files:   0%|          | 0/12 [00:00<?, ?it/s][A
Reconstructing (incomplete total...):   0%|          |  0.00B / 15.4kB            [A
Reconstructing (incomplete total...):  63%|██████▎   | 15.4kB / 24.4kB            [A
Reconstructing (incomplete total...):  70%|███████   | 24.4kB / 34.7kB            [A
Reconstructing (incomplete total...):  82%|████████▏ | 34.7kB / 42.5kB            [A
Reconstructing (incomplete total...):  82%|████████▏ | 42.5kB / 52.0kB            [A
Reconstructing (incomplete total...):  82%|████████▏ | 52.0kB / 63.1kB            [A
Reconstructing (incomplete total...):  91%|█████████ | 63.1kB / 69.6kB            [A
Reconstructing (incomplete total...):  88%|████████▊ | 69.6kB / 79.3kB            [A
Reconstructing (incomplete total...):  85%|████████▌ | 79.3kB / 93.0kB            [A
Reconstructing (incomplete total...):  98%|█████████▊| 93.0kB / 94.9kB            [A
Reconstructing (incomplete total...):  90%|████████▉ | 94.9kB /  106kB            [A
Reconstructing (incomplete total...):  99%|█████████▉|  106kB /  107kB            [AFetching 12 files: 100%|██████████| 12/12 [00:00<00:00, 87.97it/s]

Download complete: ██████████|  107kB            [A
Reconstruction complete: 100%|██████████|  107kB /  107kB                         [A[32m✓ Downloaded[0m
  path: /work/dl_bundle
Download complete: ██████████|  107kB            
Reconstruction complete: 100%|██████████|  107kB /  107kB            
