[02:30:01] SEP_w0_c100 r0: 113.9 samples/s, CPU 17.8 ms/sample, hit 1.000, open 0.0 ms, 3424 samples in 30s (cap), process 35s
[02:30:37] SEP_w0_cemu r0: 85.7 samples/s, CPU 21.8 ms/sample, hit 0.121, open 1.8 ms, 2576 samples in 30s (cap), process 35s
[02:31:13] STACK_w0_c100 r0: 60.6 samples/s, CPU 16.5 ms/sample, hit 1.000, open 0.0 ms, 1824 samples in 30s (cap), process 36s
[02:31:49] STACK_w0_cemu r0: 60.5 samples/s, CPU 16.5 ms/sample, hit 0.354, open 1.5 ms, 1816 samples in 30s (cap), process 36s
[02:32:23] SEP1_w0_c100 r0: 170.6 samples/s, CPU 5.9 ms/sample, hit 1.000, open 0.0 ms, 5120 samples in 30s (cap), process 34s
[02:32:58] SEP1_w0_cemu r0: 147.0 samples/s, CPU 6.8 ms/sample, hit 0.367, open 1.2 ms, 4416 samples in 30s (cap), process 35s
[02:33:35] SEP_w4_c100 r0: 244.4 samples/s, CPU 28.0 ms/sample, hit 1.000, open 2.7 ms, 7344 samples in 30s (cap), process 37s
[02:34:13] SEP_w4_cemu r0: 231.5 samples/s, CPU 29.8 ms/sample, hit 0.127, open 2.4 ms, 6952 samples in 30s (cap), process 38s
[02:34:50] STACK_w4_c100 r0: 163.7 samples/s, CPU 25.3 ms/sample, hit 1.000, open 1.5 ms, 4912 samples in 30s (cap), process 38s
[02:35:28] STACK_w4_cemu r0: 183.6 samples/s, CPU 23.7 ms/sample, hit 0.375, open 2.1 ms, 5520 samples in 30s (cap), process 38s
[02:36:05] SEP1_w4_c100 r0: 381.8 samples/s, CPU 11.0 ms/sample, hit 1.000, open 1.5 ms, 11456 samples in 30s (cap), process 37s
[02:36:42] SEP1_w4_cemu r0: 414.6 samples/s, CPU 10.8 ms/sample, hit 0.375, open 1.8 ms, 12440 samples in 30s (cap), process 37s
[02:37:20] SEP1_w4_cemu r1: 436.3 samples/s, CPU 10.4 ms/sample, hit 0.367, open 1.7 ms, 13104 samples in 30s (cap), process 37s
[02:37:57] SEP1_w4_c100 r1: 365.3 samples/s, CPU 11.7 ms/sample, hit 1.000, open 0.0 ms, 10968 samples in 30s (cap), process 37s
[02:38:35] STACK_w4_cemu r1: 184.5 samples/s, CPU 23.7 ms/sample, hit 0.372, open 2.1 ms, 5560 samples in 30s (cap), process 38s
[02:39:12] STACK_w4_c100 r1: 178.5 samples/s, CPU 24.2 ms/sample, hit 1.000, open 0.0 ms, 5360 samples in 30s (cap), process 38s
[02:39:50] SEP_w4_cemu r1: 234.5 samples/s, CPU 29.5 ms/sample, hit 0.125, open 2.3 ms, 7048 samples in 30s (cap), process 38s
[02:40:27] SEP_w4_c100 r1: 245.9 samples/s, CPU 27.8 ms/sample, hit 1.000, open 0.0 ms, 7376 samples in 30s (cap), process 37s
[02:41:02] SEP1_w0_cemu r1: 140.9 samples/s, CPU 7.1 ms/sample, hit 0.372, open 1.6 ms, 4232 samples in 30s (cap), process 35s
[02:41:36] SEP1_w0_c100 r1: 173.3 samples/s, CPU 5.8 ms/sample, hit 1.000, open 0.0 ms, 5200 samples in 30s (cap), process 34s
[02:42:13] STACK_w0_cemu r1: 58.4 samples/s, CPU 17.1 ms/sample, hit 0.378, open 1.6 ms, 1752 samples in 30s (cap), process 36s
[02:42:49] STACK_w0_c100 r1: 58.2 samples/s, CPU 17.2 ms/sample, hit 1.000, open 0.0 ms, 1752 samples in 30s (cap), process 36s
[02:43:24] SEP_w0_cemu r1: 78.9 samples/s, CPU 22.8 ms/sample, hit 0.114, open 1.9 ms, 2368 samples in 30s (cap), process 35s
[02:43:59] SEP_w0_c100 r1: 95.1 samples/s, CPU 19.7 ms/sample, hit 1.000, open 0.0 ms, 2856 samples in 30s (cap), process 35s
[02:44:34] SEP_w0_c100 r2: 99.7 samples/s, CPU 19.1 ms/sample, hit 1.000, open 0.0 ms, 2992 samples in 30s (cap), process 35s
[02:45:10] SEP_w0_cemu r2: 83.2 samples/s, CPU 22.1 ms/sample, hit 0.119, open 1.9 ms, 2504 samples in 30s (cap), process 35s
[02:45:46] STACK_w0_c100 r2: 60.5 samples/s, CPU 16.5 ms/sample, hit 1.000, open 0.0 ms, 1824 samples in 30s (cap), process 36s
[02:46:22] STACK_w0_cemu r2: 59.6 samples/s, CPU 16.8 ms/sample, hit 0.373, open 1.5 ms, 1792 samples in 30s (cap), process 36s
[02:46:57] SEP1_w0_c100 r2: 170.0 samples/s, CPU 5.9 ms/sample, hit 1.000, open 0.0 ms, 5104 samples in 30s (cap), process 34s
[02:47:31] SEP1_w0_cemu r2: 141.8 samples/s, CPU 7.1 ms/sample, hit 0.376, open 1.2 ms, 4256 samples in 30s (cap), process 35s
[02:48:08] SEP_w4_c100 r2: 254.8 samples/s, CPU 26.9 ms/sample, hit 1.000, open 1.8 ms, 7648 samples in 30s (cap), process 37s
[02:48:46] SEP_w4_cemu r2: 234.8 samples/s, CPU 29.4 ms/sample, hit 0.126, open 2.3 ms, 7064 samples in 30s (cap), process 37s
[02:49:24] STACK_w4_c100 r2: 155.1 samples/s, CPU 25.9 ms/sample, hit 1.000, open 2.4 ms, 4672 samples in 30s (cap), process 38s
[02:50:01] STACK_w4_cemu r2: 187.6 samples/s, CPU 23.2 ms/sample, hit 0.367, open 1.9 ms, 5632 samples in 30s (cap), process 38s
[02:50:38] SEP1_w4_c100 r2: 376.0 samples/s, CPU 10.3 ms/sample, hit 1.000, open 1.5 ms, 11304 samples in 30s (cap), process 37s
[02:51:15] SEP1_w4_cemu r2: 453.6 samples/s, CPU 10.0 ms/sample, hit 0.372, open 1.5 ms, 13624 samples in 30s (cap), process 37s
[02:51:52] SEP1_w4_cemu r3: 442.0 samples/s, CPU 10.2 ms/sample, hit 0.380, open 1.6 ms, 13264 samples in 30s (cap), process 37s
[02:52:29] SEP1_w4_c100 r3: 451.7 samples/s, CPU 10.1 ms/sample, hit 1.000, open 0.0 ms, 13568 samples in 30s (cap), process 37s
[02:53:06] STACK_w4_cemu r3: 185.3 samples/s, CPU 23.4 ms/sample, hit 0.374, open 2.0 ms, 5560 samples in 30s (cap), process 37s
[02:53:44] STACK_w4_c100 r3: 178.5 samples/s, CPU 24.4 ms/sample, hit 1.000, open 0.0 ms, 5360 samples in 30s (cap), process 38s
[02:54:21] SEP_w4_cemu r3: 233.9 samples/s, CPU 29.4 ms/sample, hit 0.125, open 2.3 ms, 7024 samples in 30s (cap), process 37s
[02:54:58] SEP_w4_c100 r3: 245.8 samples/s, CPU 27.7 ms/sample, hit 1.000, open 0.0 ms, 7376 samples in 30s (cap), process 37s
[02:55:33] SEP1_w0_cemu r3: 143.7 samples/s, CPU 7.0 ms/sample, hit 0.368, open 1.2 ms, 4312 samples in 30s (cap), process 34s
[02:56:07] SEP1_w0_c100 r3: 167.6 samples/s, CPU 6.0 ms/sample, hit 1.000, open 0.0 ms, 5032 samples in 30s (cap), process 34s
[02:56:43] STACK_w0_cemu r3: 59.6 samples/s, CPU 16.8 ms/sample, hit 0.362, open 1.5 ms, 1792 samples in 30s (cap), process 36s
[02:57:19] STACK_w0_c100 r3: 59.4 samples/s, CPU 16.8 ms/sample, hit 1.000, open 0.0 ms, 1784 samples in 30s (cap), process 36s
[02:57:55] SEP_w0_cemu r3: 80.8 samples/s, CPU 22.5 ms/sample, hit 0.120, open 1.8 ms, 2432 samples in 30s (cap), process 35s
[02:58:30] SEP_w0_c100 r3: 86.2 samples/s, CPU 21.4 ms/sample, hit 1.000, open 0.0 ms, 2592 samples in 30s (cap), process 35s
