digest {"n_base": 9096, "n_fix": 9096, "dup_base": 0, "dup_fix": 0, "common": 9096, "only_base": 0, "only_fix": 0, "differing": 0, "differing_fields": [], "differing_examples": [], "identical": true}
[22:41:08] BASE_D2_r0: ok sps 310.4400206310752 cpu/sample 5.9602677756187665 
[22:44:02] FIX_D2_r0: ok sps 426.0154421029657 cpu/sample 4.916233916316331 
[22:46:54] FIX_D6_r0: ok sps 348.26430567346887 cpu/sample 7.002650287393283 
[22:49:50] BASE_D6_r0: ok sps 238.6716690636325 cpu/sample 8.82386331662958 
[22:52:40] BASE_R6_r0: ok sps 319.04281993720184 cpu/sample 6.748253070861942 
[22:55:31] FIX_R6_r0: ok sps 534.412564833318 cpu/sample 5.0558704908353995 
[22:58:16] FIX_R6_r1: ok sps 545.9358866294556 cpu/sample 4.926822395470208 
[23:01:00] BASE_R6_r1: ok sps 393.7832529483855 cpu/sample 6.593324919410679 
[23:03:53] BASE_D6_r1: ok sps 239.75736312752832 cpu/sample 8.423937287350867 
[23:06:46] FIX_D6_r1: ok sps 335.8446075067067 cpu/sample 6.7679844928084085 
[23:09:39] FIX_D2_r1: ok sps 408.23268052693544 cpu/sample 4.9731359180141785 
[23:12:33] BASE_D2_r1: ok sps 333.673317380233 cpu/sample 5.752399275591377 
[23:15:24] BASE_D2_r2: ok sps 320.69355543173947 cpu/sample 5.829268568638061 
[23:18:15] FIX_D2_r2: ok sps 411.5676844000659 cpu/sample 4.886045636239115 
[23:21:07] FIX_D6_r2: ok sps 325.32909321424114 cpu/sample 6.813733963268804 
[23:23:58] BASE_D6_r2: ok sps 263.11338278502336 cpu/sample 8.566788044422182 
[23:26:46] BASE_R6_r2: ok sps 357.35369746012356 cpu/sample 6.360244280379312 
[23:29:33] FIX_R6_r2: ok sps 502.0647278643447 cpu/sample 4.921896630089425 
[23:32:16] FIX_R6_r3: ok sps 580.1777447416322 cpu/sample 5.03081725631705 
[23:34:59] BASE_R6_r3: ok sps 383.8947964230571 cpu/sample 6.638664969582923 
[23:37:50] BASE_D6_r3: ok sps 270.686724120197 cpu/sample 8.626297910653978 
[23:40:42] FIX_D6_r3: ok sps 324.6732311330448 cpu/sample 6.591197369031343 
[23:43:33] FIX_D2_r3: ok sps 352.71513366966474 cpu/sample 5.197167121508735 
[23:46:24] BASE_D2_r3: ok sps 268.89489868270977 cpu/sample 6.192649457326733 
[23:49:17] BASE_D2_r4: ok sps 291.1378532583844 cpu/sample 5.996286040105318 
[23:52:12] FIX_D2_r4: ok sps 379.9296357348133 cpu/sample 5.1022943515343 
[23:55:04] FIX_D6_r4: ok sps 408.44940746793174 cpu/sample 6.603396151285618 
[23:57:56] BASE_D6_r4: ok sps 279.17079844148935 cpu/sample 8.42237589682894 
[00:00:41] BASE_R6_r4: ok sps 418.8180364169861 cpu/sample 6.354997309478833 
[00:03:26] FIX_R6_r4: ok sps 625.8404107137472 cpu/sample 4.9901191049509945 
[00:06:21] BASE_D6_pyspy_gil: ok sps 252.24198708245797 cpu/sample 8.555986016560812 
[00:09:16] FIX_D6_pyspy_gil: ok sps 356.4140429374088 cpu/sample 6.684890537802312 
