WARNING:lerobot.utils.import_utils:Could not load libtorchcodec. Likely causes:
          1. FFmpeg is not properly installed in your environment. We support
             versions 4, 5, 6, 7, and 8, and we attempt to load libtorchcodec
             for each of those versions. Errors for versions not installed on
             your system are expected; only the error for your installed FFmpeg
             version is relevant. On Windows, ensure you've installed the
             "full-shared" version which ships DLLs.
          2. The PyTorch version (2.11.0+cu128) is not compatible with
             this version of TorchCodec. Refer to the version compatibility
             table:
             https://github.com/pytorch/torchcodec?tab=readme-ov-file#installing-torchcodec.
          3. Another runtime dependency; see exceptions below.

        The following exceptions were raised as we tried to load libtorchcodec:
        
[start of libtorchcodec loading traceback]
FFmpeg version 8:
Traceback (most recent call last):
  File "/usr/local/lib/python3.12/dist-packages/torch/_ops.py", line 1503, in load_library
    ctypes.CDLL(path)
  File "/usr/lib/python3.12/ctypes/__init__.py", line 379, in __init__
    self._handle = _dlopen(self._name, mode)
                   ^^^^^^^^^^^^^^^^^^^^^^^^^
OSError: libavutil.so.60: cannot open shared object file: No such file or directory

The above exception was the direct cause of the following exception:

Traceback (most recent call last):
  File "/usr/local/lib/python3.12/dist-packages/torchcodec/_internally_replaced_utils.py", line 93, in load_torchcodec_shared_libraries
    torch.ops.load_library(core_library_path)
  File "/usr/local/lib/python3.12/dist-packages/torch/_ops.py", line 1505, in load_library
    raise OSError(f"Could not load this library: {path}") from e
OSError: Could not load this library: /usr/local/lib/python3.12/dist-packages/torchcodec/libtorchcodec_core8.so

FFmpeg version 7:
Traceback (most recent call last):
  File "/usr/local/lib/python3.12/dist-packages/torch/_ops.py", line 1503, in load_library
    ctypes.CDLL(path)
  File "/usr/lib/python3.12/ctypes/__init__.py", line 379, in __init__
    self._handle = _dlopen(self._name, mode)
                   ^^^^^^^^^^^^^^^^^^^^^^^^^
OSError: libavutil.so.59: cannot open shared object file: No such file or directory

The above exception was the direct cause of the following exception:

Traceback (most recent call last):
  File "/usr/local/lib/python3.12/dist-packages/torchcodec/_internally_replaced_utils.py", line 93, in load_torchcodec_shared_libraries
    torch.ops.load_library(core_library_path)
  File "/usr/local/lib/python3.12/dist-packages/torch/_ops.py", line 1505, in load_library
    raise OSError(f"Could not load this library: {path}") from e
OSError: Could not load this library: /usr/local/lib/python3.12/dist-packages/torchcodec/libtorchcodec_core7.so

FFmpeg version 6:
Traceback (most recent call last):
  File "/usr/local/lib/python3.12/dist-packages/torch/_ops.py", line 1503, in load_library
    ctypes.CDLL(path)
  File "/usr/lib/python3.12/ctypes/__init__.py", line 379, in __init__
    self._handle = _dlopen(self._name, mode)
                   ^^^^^^^^^^^^^^^^^^^^^^^^^
OSError: libavutil.so.58: cannot open shared object file: No such file or directory

The above exception was the direct cause of the following exception:

Traceback (most recent call last):
  File "/usr/local/lib/python3.12/dist-packages/torchcodec/_internally_replaced_utils.py", line 93, in load_torchcodec_shared_libraries
    torch.ops.load_library(core_library_path)
  File "/usr/local/lib/python3.12/dist-packages/torch/_ops.py", line 1505, in load_library
    raise OSError(f"Could not load this library: {path}") from e
OSError: Could not load this library: /usr/local/lib/python3.12/dist-packages/torchcodec/libtorchcodec_core6.so

FFmpeg version 5:
Traceback (most recent call last):
  File "/usr/local/lib/python3.12/dist-packages/torch/_ops.py", line 1503, in load_library
    ctypes.CDLL(path)
  File "/usr/lib/python3.12/ctypes/__init__.py", line 379, in __init__
    self._handle = _dlopen(self._name, mode)
                   ^^^^^^^^^^^^^^^^^^^^^^^^^
OSError: libavutil.so.57: cannot open shared object file: No such file or directory

The above exception was the direct cause of the following exception:

Traceback (most recent call last):
  File "/usr/local/lib/python3.12/dist-packages/torchcodec/_internally_replaced_utils.py", line 93, in load_torchcodec_shared_libraries
    torch.ops.load_library(core_library_path)
  File "/usr/local/lib/python3.12/dist-packages/torch/_ops.py", line 1505, in load_library
    raise OSError(f"Could not load this library: {path}") from e
OSError: Could not load this library: /usr/local/lib/python3.12/dist-packages/torchcodec/libtorchcodec_core5.so

FFmpeg version 4:
Traceback (most recent call last):
  File "/usr/local/lib/python3.12/dist-packages/torch/_ops.py", line 1503, in load_library
    ctypes.CDLL(path)
  File "/usr/lib/python3.12/ctypes/__init__.py", line 379, in __init__
    self._handle = _dlopen(self._name, mode)
                   ^^^^^^^^^^^^^^^^^^^^^^^^^
OSError: libavutil.so.56: cannot open shared object file: No such file or directory

The above exception was the direct cause of the following exception:

Traceback (most recent call last):
  File "/usr/local/lib/python3.12/dist-packages/torchcodec/_internally_replaced_utils.py", line 93, in load_torchcodec_shared_libraries
    torch.ops.load_library(core_library_path)
  File "/usr/local/lib/python3.12/dist-packages/torch/_ops.py", line 1505, in load_library
    raise OSError(f"Could not load this library: {path}") from e
OSError: Could not load this library: /usr/local/lib/python3.12/dist-packages/torchcodec/libtorchcodec_core4.so
[end of libtorchcodec loading traceback].
'torchcodec' is installed but cannot be loaded (see the error above). Falling back to 'pyav' as a default decoder.
Loading  HuggingFaceTB/SmolVLM2-500M-Video-Instruct weights ...
`torch_dtype` is deprecated! Use `dtype` instead!

Loading weights:   0%|          | 0/489 [00:00<?, ?it/s][ALoading weights: 100%|██████████| 489/489 [00:00<00:00, 2352.55it/s]
Reducing the number of VLM layers to 16 ...
RESULT {"policy": "smolvla", "setup": "molmo", "batch_size": 64, "status": "ok", "samples_per_s": 100.6381422076526, "error": null}
