
Downloading bytes:           |  0.00B            [A
Reconstructing (incomplete total...): |          |  0.00B /  0.00B            [A
Fetching 12 files:   0%|          | 0/12 [00:00<?, ?it/s][A
Reconstructing (incomplete total...):   0%|          |  0.00B / 6.42kB            [A
Reconstructing (incomplete total...):  20%|█▉        | 6.42kB / 32.2kB            [A
Reconstructing (incomplete total...):  55%|█████▍    | 21.9kB / 40.0kB            [A
Reconstructing (incomplete total...):  55%|█████▍    | 21.9kB / 40.0kB            [A
Reconstructing (incomplete total...):  82%|████████▏ | 40.0kB / 48.9kB            [A
Reconstructing (incomplete total...):  96%|█████████▌| 48.9kB / 50.9kB            [A
Reconstructing (incomplete total...):  84%|████████▍ | 50.9kB / 60.4kB            [A
Reconstructing (incomplete total...):  83%|████████▎ | 60.4kB / 72.4kB            [A
Reconstructing (incomplete total...):  83%|████████▎ | 60.4kB / 72.4kB            [A
Reconstructing (incomplete total...):  87%|████████▋ | 72.4kB / 83.2kB            [A
Reconstructing (incomplete total...):  86%|████████▌ | 83.2kB / 96.8kB            [A
Reconstructing (incomplete total...):  91%|█████████ | 96.8kB /  107kB            [AFetching 12 files: 100%|██████████| 12/12 [00:00<00:00, 104.98it/s]

Download complete: ██████████|  107kB            [A
Reconstruction complete: 100%|██████████|  107kB /  107kB                         [A[32m✓ Downloaded[0m
  path: /work/dl_bundle
Download complete: ██████████|  107kB            
Reconstruction complete: 100%|██████████|  107kB /  107kB            
