[02:25:17] SEP_w0_c100 r0: 238.3 samples/s, CPU 7.4 ms/sample, hit 1.000, open 0.0 ms, 7152 samples in 30s (cap), process 35s
[02:25:54] SEP_w0_cemu r0: 68.4 samples/s, CPU 18.3 ms/sample, hit 0.124, open 4.6 ms, 2056 samples in 30s (cap), process 37s
[02:26:28] STACK_w0_c100 r0: 254.3 samples/s, CPU 3.9 ms/sample, hit 1.000, open 0.0 ms, 7632 samples in 30s (cap), process 34s
[02:27:02] STACK_w0_cemu r0: 184.3 samples/s, CPU 5.4 ms/sample, hit 0.365, open 2.4 ms, 5536 samples in 30s (cap), process 34s
[02:27:36] SEP1_w0_c100 r0: 625.9 samples/s, CPU 1.6 ms/sample, hit 1.000, open 0.0 ms, 18784 samples in 30s (cap), process 34s
[02:28:10] SEP1_w0_cemu r0: 318.9 samples/s, CPU 3.1 ms/sample, hit 0.366, open 2.4 ms, 9568 samples in 30s (cap), process 34s
[02:28:48] SEP_w4_c100 r0: 764.8 samples/s, CPU 9.2 ms/sample, hit 1.000, open 0.0 ms, 22952 samples in 30s (cap), process 38s
[02:29:26] SEP_w4_cemu r0: 250.3 samples/s, CPU 20.5 ms/sample, hit 0.119, open 5.1 ms, 7512 samples in 30s (cap), process 38s
[02:30:03] STACK_w4_c100 r0: 878.4 samples/s, CPU 5.5 ms/sample, hit 1.000, open 0.0 ms, 26376 samples in 30s (cap), process 37s
[02:30:40] STACK_w4_cemu r0: 637.3 samples/s, CPU 7.2 ms/sample, hit 0.373, open 2.7 ms, 19144 samples in 30s (cap), process 37s
[02:31:17] SEP1_w4_c100 r0: 1511.0 samples/s, CPU 2.7 ms/sample, hit 1.000, open 0.0 ms, 45344 samples in 30s (cap), process 37s
[02:31:54] SEP1_w4_cemu r0: 1113.8 samples/s, CPU 4.3 ms/sample, hit 0.376, open 2.5 ms, 33424 samples in 30s (cap), process 37s
[02:32:31] SEP1_w4_cemu r1: 1113.5 samples/s, CPU 4.3 ms/sample, hit 0.380, open 2.5 ms, 33432 samples in 30s (cap), process 37s
[02:33:09] SEP1_w4_c100 r1: 1520.6 samples/s, CPU 2.7 ms/sample, hit 1.000, open 0.0 ms, 45624 samples in 30s (cap), process 37s
[02:33:46] STACK_w4_cemu r1: 644.6 samples/s, CPU 7.1 ms/sample, hit 0.385, open 2.6 ms, 19360 samples in 30s (cap), process 37s
[02:34:23] STACK_w4_c100 r1: 881.2 samples/s, CPU 5.5 ms/sample, hit 1.000, open 0.0 ms, 26440 samples in 30s (cap), process 37s
[02:35:01] SEP_w4_cemu r1: 255.9 samples/s, CPU 20.3 ms/sample, hit 0.124, open 5.0 ms, 7696 samples in 30s (cap), process 38s
[02:35:38] SEP_w4_c100 r1: 768.0 samples/s, CPU 9.1 ms/sample, hit 1.000, open 0.0 ms, 23048 samples in 30s (cap), process 38s
[02:36:13] SEP1_w0_cemu r1: 327.7 samples/s, CPU 3.1 ms/sample, hit 0.390, open 2.3 ms, 9840 samples in 30s (cap), process 34s
[02:36:46] SEP1_w0_c100 r1: 635.4 samples/s, CPU 1.6 ms/sample, hit 1.000, open 0.0 ms, 19064 samples in 30s (cap), process 34s
[02:37:21] STACK_w0_cemu r1: 186.8 samples/s, CPU 5.4 ms/sample, hit 0.387, open 2.4 ms, 5608 samples in 30s (cap), process 34s
[02:37:55] STACK_w0_c100 r1: 254.8 samples/s, CPU 3.9 ms/sample, hit 1.000, open 0.0 ms, 7648 samples in 30s (cap), process 34s
[02:38:31] SEP_w0_cemu r1: 61.7 samples/s, CPU 20.0 ms/sample, hit 0.119, open 5.2 ms, 1856 samples in 30s (cap), process 36s
[02:39:06] SEP_w0_c100 r1: 237.6 samples/s, CPU 7.4 ms/sample, hit 1.000, open 0.0 ms, 7128 samples in 30s (cap), process 35s
[02:39:41] SEP_w0_c100 r2: 237.8 samples/s, CPU 7.4 ms/sample, hit 1.000, open 0.0 ms, 7136 samples in 30s (cap), process 35s
[02:40:17] SEP_w0_cemu r2: 64.7 samples/s, CPU 19.2 ms/sample, hit 0.135, open 5.0 ms, 1944 samples in 30s (cap), process 36s
[02:40:52] STACK_w0_c100 r2: 256.3 samples/s, CPU 3.9 ms/sample, hit 1.000, open 0.0 ms, 7696 samples in 30s (cap), process 34s
[02:41:26] STACK_w0_cemu r2: 185.6 samples/s, CPU 5.4 ms/sample, hit 0.376, open 2.4 ms, 5576 samples in 30s (cap), process 34s
[02:42:00] SEP1_w0_c100 r2: 633.8 samples/s, CPU 1.6 ms/sample, hit 1.000, open 0.0 ms, 19016 samples in 30s (cap), process 34s
[02:42:34] SEP1_w0_cemu r2: 319.2 samples/s, CPU 3.1 ms/sample, hit 0.375, open 2.3 ms, 9584 samples in 30s (cap), process 34s
[02:43:12] SEP_w4_c100 r2: 761.0 samples/s, CPU 9.2 ms/sample, hit 1.000, open 0.0 ms, 22832 samples in 30s (cap), process 38s
[02:43:50] SEP_w4_cemu r2: 260.7 samples/s, CPU 20.1 ms/sample, hit 0.123, open 5.0 ms, 7824 samples in 30s (cap), process 38s
[02:44:27] STACK_w4_c100 r2: 847.0 samples/s, CPU 5.6 ms/sample, hit 1.000, open 0.0 ms, 25432 samples in 30s (cap), process 37s
[02:45:04] STACK_w4_cemu r2: 642.0 samples/s, CPU 7.2 ms/sample, hit 0.375, open 2.6 ms, 19280 samples in 30s (cap), process 37s
[02:45:41] SEP1_w4_c100 r2: 1456.9 samples/s, CPU 2.8 ms/sample, hit 1.000, open 0.0 ms, 43712 samples in 30s (cap), process 37s
[02:46:18] SEP1_w4_cemu r2: 1093.7 samples/s, CPU 4.4 ms/sample, hit 0.373, open 2.5 ms, 32832 samples in 30s (cap), process 37s
[02:46:55] SEP1_w4_cemu r3: 1092.4 samples/s, CPU 4.4 ms/sample, hit 0.376, open 2.5 ms, 32784 samples in 30s (cap), process 37s
[02:47:32] SEP1_w4_c100 r3: 1504.6 samples/s, CPU 2.7 ms/sample, hit 1.000, open 0.0 ms, 45144 samples in 30s (cap), process 37s
[02:48:09] STACK_w4_cemu r3: 646.6 samples/s, CPU 7.1 ms/sample, hit 0.377, open 2.6 ms, 19424 samples in 30s (cap), process 37s
[02:48:46] STACK_w4_c100 r3: 833.5 samples/s, CPU 5.7 ms/sample, hit 1.000, open 0.0 ms, 25032 samples in 30s (cap), process 37s
[02:49:24] SEP_w4_cemu r3: 253.1 samples/s, CPU 20.5 ms/sample, hit 0.125, open 5.2 ms, 7608 samples in 30s (cap), process 38s
[02:50:02] SEP_w4_c100 r3: 762.9 samples/s, CPU 9.2 ms/sample, hit 1.000, open 0.0 ms, 22888 samples in 30s (cap), process 38s
[02:50:36] SEP1_w0_cemu r3: 319.2 samples/s, CPU 3.1 ms/sample, hit 0.376, open 2.4 ms, 9576 samples in 30s (cap), process 34s
[02:51:10] SEP1_w0_c100 r3: 632.4 samples/s, CPU 1.6 ms/sample, hit 1.000, open 0.0 ms, 18976 samples in 30s (cap), process 34s
[02:51:44] STACK_w0_cemu r3: 182.1 samples/s, CPU 5.5 ms/sample, hit 0.374, open 2.5 ms, 5464 samples in 30s (cap), process 35s
[02:52:18] STACK_w0_c100 r3: 252.4 samples/s, CPU 4.0 ms/sample, hit 1.000, open 0.0 ms, 7576 samples in 30s (cap), process 34s
[02:52:55] SEP_w0_cemu r3: 66.9 samples/s, CPU 18.6 ms/sample, hit 0.125, open 4.8 ms, 2008 samples in 30s (cap), process 37s
[02:53:30] SEP_w0_c100 r3: 237.5 samples/s, CPU 7.4 ms/sample, hit 1.000, open 0.0 ms, 7128 samples in 30s (cap), process 35s
